Component: ARM Compiler 5.06 update 7 (build 960) Tool: armlink [4d3601]

==============================================================================

Section Cross References

    startup_stm32f407xx.o(RESET) refers to startup_stm32f407xx.o(STACK) for __initial_sp
    startup_stm32f407xx.o(RESET) refers to startup_stm32f407xx.o(.text) for Reset_Handler
    startup_stm32f407xx.o(RESET) refers to stm32f4xx_it.o(i.NMI_Handler) for NMI_Handler
    startup_stm32f407xx.o(RESET) refers to stm32f4xx_it.o(i.HardFault_Handler) for HardFault_Handler
    startup_stm32f407xx.o(RESET) refers to stm32f4xx_it.o(i.MemManage_Handler) for MemManage_Handler
    startup_stm32f407xx.o(RESET) refers to stm32f4xx_it.o(i.BusFault_Handler) for BusFault_Handler
    startup_stm32f407xx.o(RESET) refers to stm32f4xx_it.o(i.UsageFault_Handler) for UsageFault_Handler
    startup_stm32f407xx.o(RESET) refers to port.o(.emb_text) for SVC_Handler
    startup_stm32f407xx.o(RESET) refers to stm32f4xx_it.o(i.DebugMon_Handler) for DebugMon_Handler
    startup_stm32f407xx.o(RESET) refers to port.o(i.SysTick_Handler) for SysTick_Handler
    startup_stm32f407xx.o(RESET) refers to stm32f4xx_it.o(i.CAN1_TX_IRQHandler) for CAN1_TX_IRQHandler
    startup_stm32f407xx.o(RESET) refers to stm32f4xx_it.o(i.CAN1_RX0_IRQHandler) for CAN1_RX0_IRQHandler
    startup_stm32f407xx.o(RESET) refers to stm32f4xx_it.o(i.CAN1_RX1_IRQHandler) for CAN1_RX1_IRQHandler
    startup_stm32f407xx.o(RESET) refers to stm32f4xx_it.o(i.CAN1_SCE_IRQHandler) for CAN1_SCE_IRQHandler
    startup_stm32f407xx.o(RESET) refers to stm32f4xx_it.o(i.TIM1_UP_TIM10_IRQHandler) for TIM1_UP_TIM10_IRQHandler
    startup_stm32f407xx.o(RESET) refers to stm32f4xx_it.o(i.USART1_IRQHandler) for USART1_IRQHandler
    startup_stm32f407xx.o(RESET) refers to stm32f4xx_it.o(i.CAN2_TX_IRQHandler) for CAN2_TX_IRQHandler
    startup_stm32f407xx.o(RESET) refers to stm32f4xx_it.o(i.CAN2_RX0_IRQHandler) for CAN2_RX0_IRQHandler
    startup_stm32f407xx.o(RESET) refers to stm32f4xx_it.o(i.CAN2_RX1_IRQHandler) for CAN2_RX1_IRQHandler
    startup_stm32f407xx.o(RESET) refers to stm32f4xx_it.o(i.CAN2_SCE_IRQHandler) for CAN2_SCE_IRQHandler
    startup_stm32f407xx.o(.text) refers to system_stm32f4xx.o(i.SystemInit) for SystemInit
    startup_stm32f407xx.o(.text) refers to entry.o(.ARM.Collect$$$$00000000) for __main
    main.o(i.HAL_TIM_PeriodElapsedCallback) refers to stm32f4xx_hal.o(i.HAL_IncTick) for HAL_IncTick
    main.o(i.SystemClock_Config) refers to memseta.o(.text) for __aeabi_memclr4
    main.o(i.SystemClock_Config) refers to stm32f4xx_hal_rcc.o(i.HAL_RCC_OscConfig) for HAL_RCC_OscConfig
    main.o(i.SystemClock_Config) refers to main.o(i.Error_Handler) for Error_Handler
    main.o(i.SystemClock_Config) refers to stm32f4xx_hal_rcc.o(i.HAL_RCC_ClockConfig) for HAL_RCC_ClockConfig
    main.o(i.fputc) refers to stm32f4xx_hal_uart.o(i.HAL_UART_Transmit) for HAL_UART_Transmit
    main.o(i.fputc) refers to usart.o(.bss) for huart1
    main.o(i.main) refers to stm32f4xx_hal.o(i.HAL_Init) for HAL_Init
    main.o(i.main) refers to main.o(i.SystemClock_Config) for SystemClock_Config
    main.o(i.main) refers to gpio.o(i.MX_GPIO_Init) for MX_GPIO_Init
    main.o(i.main) refers to usart.o(i.MX_USART1_UART_Init) for MX_USART1_UART_Init
    main.o(i.main) refers to can.o(i.MX_CAN1_Init) for MX_CAN1_Init
    main.o(i.main) refers to can.o(i.MX_CAN2_Init) for MX_CAN2_Init
    main.o(i.main) refers to bsp_can.o(i.Can_Start) for Can_Start
    main.o(i.main) refers to bsp_can.o(i.can_textcase) for can_textcase
    main.o(i.main) refers to printfa.o(i.__0printf) for __2printf
    main.o(i.main) refers to freertos.o(i.MX_FREERTOS_Init) for MX_FREERTOS_Init
    main.o(i.main) refers to cmsis_os.o(i.osKernelStart) for osKernelStart
    gpio.o(i.MX_GPIO_Init) refers to memseta.o(.text) for __aeabi_memclr4
    gpio.o(i.MX_GPIO_Init) refers to stm32f4xx_hal_gpio.o(i.HAL_GPIO_WritePin) for HAL_GPIO_WritePin
    gpio.o(i.MX_GPIO_Init) refers to stm32f4xx_hal_gpio.o(i.HAL_GPIO_Init) for HAL_GPIO_Init
    freertos.o(i.MX_FREERTOS_Init) refers to memcpya.o(.text) for __aeabi_memcpy4
    freertos.o(i.MX_FREERTOS_Init) refers to cmsis_os.o(i.osThreadCreate) for osThreadCreate
    freertos.o(i.MX_FREERTOS_Init) refers to freertos.o(.constdata) for .constdata
    freertos.o(i.MX_FREERTOS_Init) refers to freertos.o(.data) for defaultTaskHandle
    freertos.o(i.StartDefaultTask) refers to fastmathfunctions.o(i.arm_sin_f32) for arm_sin_f32
    freertos.o(i.StartDefaultTask) refers to fastmathfunctions.o(i.arm_cos_f32) for arm_cos_f32
    freertos.o(i.StartDefaultTask) refers to f2d.o(.text) for __aeabi_f2d
    freertos.o(i.StartDefaultTask) refers to printfa.o(i.__0printf) for __2printf
    freertos.o(i.StartDefaultTask) refers to stm32f4xx_hal_gpio.o(i.HAL_GPIO_TogglePin) for HAL_GPIO_TogglePin
    freertos.o(i.StartDefaultTask) refers to cmsis_os.o(i.osDelay) for osDelay
[...]
    i.osThreadCreate                         0x08003ea2   Section        0  cmsis_os.o(i.osThreadCreate)
    i.prvAddCurrentTaskToDelayedList         0x08003f00   Section        0  tasks.o(i.prvAddCurrentTaskToDelayedList)
    prvAddCurrentTaskToDelayedList           0x08003f01   Thumb Code   124  tasks.o(i.prvAddCurrentTaskToDelayedList)
    i.prvAddNewTaskToReadyList               0x08003f98   Section        0  tasks.o(i.prvAddNewTaskToReadyList)
    prvAddNewTaskToReadyList                 0x08003f99   Thumb Code   150  tasks.o(i.prvAddNewTaskToReadyList)
    i.prvCheckTasksWaitingTermination        0x0800404c   Section        0  tasks.o(i.prvCheckTasksWaitingTermination)
    prvCheckTasksWaitingTermination          0x0800404d   Thumb Code    60  tasks.o(i.prvCheckTasksWaitingTermination)
    i.prvDeleteTCB                           0x08004094   Section        0  tasks.o(i.prvDeleteTCB)
    prvDeleteTCB                             0x08004095   Thumb Code    80  tasks.o(i.prvDeleteTCB)
    i.prvHeapInit                            0x080040e4   Section        0  heap_4.o(i.prvHeapInit)
    prvHeapInit                              0x080040e5   Thumb Code    98  heap_4.o(i.prvHeapInit)
    i.prvIdleTask                            0x08004160   Section        0  tasks.o(i.prvIdleTask)
    prvIdleTask                              0x08004161   Thumb Code    32  tasks.o(i.prvIdleTask)
    i.prvInitialiseNewTask                   0x08004188   Section        0  tasks.o(i.prvInitialiseNewTask)
    prvInitialiseNewTask                     0x08004189   Thumb Code   180  tasks.o(i.prvInitialiseNewTask)
    i.prvInitialiseTaskLists                 0x0800423c   Section        0  tasks.o(i.prvInitialiseTaskLists)
    prvInitialiseTaskLists                   0x0800423d   Thumb Code    70  tasks.o(i.prvInitialiseTaskLists)
    i.prvInsertBlockIntoFreeList             0x080042a4   Section        0  heap_4.o(i.prvInsertBlockIntoFreeList)
    prvInsertBlockIntoFreeList               0x080042a5   Thumb Code    96  heap_4.o(i.prvInsertBlockIntoFreeList)
    i.prvResetNextTaskUnblockTime            0x0800430c   Section        0  tasks.o(i.prvResetNextTaskUnblockTime)
    prvResetNextTaskUnblockTime              0x0800430d   Thumb Code    42  tasks.o(i.prvResetNextTaskUnblockTime)
    i.prvTaskExitError                       0x08004340   Section        0  port.o(i.prvTaskExitError)
    prvTaskExitError                         0x08004341   Thumb Code    60  port.o(i.prvTaskExitError)
    i.pvPortMalloc                           0x08004380   Section        0  heap_4.o(i.pvPortMalloc)
    i.pxPortInitialiseStack                  0x080044cc   Section        0  port.o(i.pxPortInitialiseStack)
    i.uxListRemove                           0x080044f8   Section        0  list.o(i.uxListRemove)
    i.vApplicationGetIdleTaskMemory          0x08004520   Section        0  freertos.o(i.vApplicationGetIdleTaskMemory)
    i.vListInitialise                        0x08004538   Section        0  list.o(i.vListInitialise)
    i.vListInitialiseItem                    0x08004552   Section        0  list.o(i.vListInitialiseItem)
    i.vListInsert                            0x08004558   Section        0  list.o(i.vListInsert)
    i.vListInsertEnd                         0x0800458c   Section        0  list.o(i.vListInsertEnd)
    i.vPortEnterCritical                     0x080045a4   Section        0  port.o(i.vPortEnterCritical)
    i.vPortExitCritical                      0x080045f8   Section        0  port.o(i.vPortExitCritical)
    i.vPortFree                              0x08004634   Section        0  heap_4.o(i.vPortFree)
    i.vPortSetupTimerInterrupt               0x080046d8   Section        0  port.o(i.vPortSetupTimerInterrupt)
    i.vTaskDelay                             0x08004700   Section        0  tasks.o(i.vTaskDelay)
    i.vTaskStartScheduler                    0x0800475c   Section        0  tasks.o(i.vTaskStartScheduler)
    i.vTaskSuspendAll                        0x0800480c   Section        0  tasks.o(i.vTaskSuspendAll)
    i.vTaskSwitchContext                     0x0800481c   Section        0  tasks.o(i.vTaskSwitchContext)
    i.xPortStartScheduler                    0x080048a8   Section        0  port.o(i.xPortStartScheduler)
    i.xTaskCreate                            0x08004a10   Section        0  tasks.o(i.xTaskCreate)
    i.xTaskCreateStatic                      0x08004a74   Section        0  tasks.o(i.xTaskCreateStatic)
    i.xTaskIncrementTick                     0x08004b30   Section        0  tasks.o(i.xTaskIncrementTick)
    i.xTaskResumeAll                         0x08004c78   Section        0  tasks.o(i.xTaskResumeAll)
    .constdata                               0x08004d7c   Section       84  freertos.o(.constdata)
    .constdata                               0x08004dd0   Section       24  system_stm32f4xx.o(.constdata)
    .constdata                               0x08004de8   Section       64  bsp_can.o(.constdata)
    .constdata                               0x08004e28   Section    920372  commontables.o(.constdata)
    .conststring                             0x080e595c   Section       36  freertos.o(.conststring)
    .data                                    0x20000000   Section       20  freertos.o(.data)
    .data                                    0x20000014   Section        4  can.o(.data)
    HAL_RCC_CAN1_CLK_ENABLED                 0x20000014   Data           4  can.o(.data)
    .data                                    0x20000018   Section        9  stm32f4xx_hal.o(.data)
    .data                                    0x20000024   Section        4  system_stm32f4xx.o(.data)
    .data                                    0x20000028   Section       60  tasks.o(.data)
    pxDelayedTaskList                        0x2000002c   Data           4  tasks.o(.data)
    pxOverflowDelayedTaskList                0x20000030   Data           4  tasks.o(.data)
    uxDeletedTasksWaitingCleanUp             0x20000034   Data           4  tasks.o(.data)
    uxCurrentNumberOfTasks                   0x20000038   Data           4  tasks.o(.data)
    xTickCount                               0x2000003c   Data           4  tasks.o(.data)
    uxTopReadyPriority                       0x20000040   Data           4  tasks.o(.data)
    xSchedulerRunning                        0x20000044   Data           4  tasks.o(.data)
    xPendedTicks                             0x20000048   Data           4  tasks.o(.data)
    xYieldPending                            0x2000004c   Data           4  tasks.o(.data)
    xNumOfOverflows                          0x20000050   Data           4  tasks.o(.data)
    uxTaskNumber                             0x20000054   Data           4  tasks.o(.data)
    xNextTaskUnblockTime                     0x20000058   Data           4  tasks.o(.data)
    xIdleTaskHandle                          0x2000005c   Data           4  tasks.o(.data)
    uxSchedulerSuspended                     0x20000060   Data           4  tasks.o(.data)
    .data                                    0x20000064   Section       32  heap_4.o(.data)
    xStart                                   0x20000064   Data           8  heap_4.o(.data)
    pxEnd                                    0x2000006c   Data           4  heap_4.o(.data)
    xFreeBytesRemaining                      0x20000070   Data           4  heap_4.o(.data)
    xMinimumEverFreeBytesRemaining           0x20000074   Data           4  heap_4.o(.data)
    xNumberOfSuccessfulAllocations           0x20000078   Data           4  heap_4.o(.data)
    xNumberOfSuccessfulFrees                 0x2000007c   Data           4  heap_4.o(.data)
    xBlockAllocatedBit                       0x20000080   Data           4  heap_4.o(.data)
    .data                                    0x20000084   Section       12  port.o(.data)
    uxCriticalNesting                        0x20000084   Data           4  port.o(.data)
    ucMaxSysCallPriority                     0x20000088   Data           1  port.o(.data)
    ulMaxPRIGROUPValue                       0x2000008c   Data           4  port.o(.data)
    .data                                    0x20000090   Section       12  bsp_can.o(.data)
    gimbal_can_send_data                     0x20000094   Data           8  bsp_can.o(.data)
    .data                                    0x2000009c   Section        4  stdout.o(.data)
    .data                                    0x200000a0   Section        4  mvars.o(.data)
    .data                                    0x200000a4   Section        4  mvars.o(.data)
    .bss                                     0x200000a8   Section      596  freertos.o(.bss)
    xIdleTaskTCBBuffer                       0x200000a8   Data          84  freertos.o(.bss)
    xIdleStack                               0x200000fc   Data         512  freertos.o(.bss)
    .bss                                     0x200002fc   Section       80  can.o(.bss)
    .bss                                     0x2000034c   Section       72  usart.o(.bss)
    .bss                                     0x20000394   Section       72  stm32f4xx_hal_timebase_tim.o(.bss)
    .bss                                     0x200003dc   Section      240  tasks.o(.bss)
    pxReadyTasksLists                        0x200003dc   Data         140  tasks.o(.bss)
    xDelayedTaskList1                        0x20000468   Data          20  tasks.o(.bss)
    xDelayedTaskList2                        0x2000047c   Data          20  tasks.o(.bss)
    xPendingReadyList                        0x20000490   Data          20  tasks.o(.bss)
    xTasksWaitingTermination                 0x200004a4   Data          20  tasks.o(.bss)
    xSuspendedTaskList                       0x200004b8   Data          20  tasks.o(.bss)
    .bss                                     0x200004cc   Section    15360  heap_4.o(.bss)
    ucHeap                                   0x200004cc   Data       15360  heap_4.o(.bss)
    .bss                                     0x200040cc   Section      104  bsp_can.o(.bss)
    gimbal_tx_message                        0x2000411c   Data          24  bsp_can.o(.bss)
    HEAP                                     0x20004138   Section      512  startup_stm32f407xx.o(HEAP)
    STACK                                    0x20004338   Section     1024  startup_stm32f407xx.o(STACK)

    Global Symbols

    Symbol Name                              Value     Ov Type        Size  Object(Section)

    BuildAttributes$$THM_ISAv4$E$P$D$K$B$S$7EM$VFPi3$EXTD16$VFPS$VFMA$PE$A:L22UL41UL21$X:L11$S22US41US21$IEEE1$IW$USESV6$~STKCKD$USESV7$~SHL$OTIME$ROPI$IEEEX$EBA8$MICROLIB$REQ8$PRES8$EABIv2 0x00000000   Number         0  anon$$obj.o ABSOLUTE
    __ARM_use_no_argv                        0x00000000   Number         0  main.o ABSOLUTE
    _printf_a                                0x00000000   Number         0  stubs.o ABSOLUTE
    _printf_c                                0x00000000   Number         0  stubs.o ABSOLUTE
    _printf_charcount                        0x00000000   Number         0  stubs.o ABSOLUTE
    _printf_d                                0x00000000   Number         0  stubs.o ABSOLUTE
    _printf_e                                0x00000000   Number         0  stubs.o ABSOLUTE
    _printf_f                                0x00000000   Number         0  stubs.o ABSOLUTE
    _printf_flags                            0x00000000   Number         0  stubs.o ABSOLUTE
    _printf_fp_dec                           0x00000000   Number         0  stubs.o ABSOLUTE
    _printf_fp_hex                           0x00000000   Number         0  stubs.o ABSOLUTE
    _printf_g                                0x00000000   Number         0  stubs.o ABSOLUTE
    _printf_i                                0x00000000   Number         0  stubs.o ABSOLUTE
    _printf_int_dec                          0x00000000   Number         0  stubs.o ABSOLUTE
    _printf_l                                0x00000000   Number         0  stubs.o ABSOLUTE
    _printf_lc                               0x00000000   Number         0  stubs.o ABSOLUTE
    _printf_ll                               0x00000000   Number         0  stubs.o ABSOLUTE
    _printf_lld                              0x00000000   Number         0  stubs.o ABSOLUTE
    _printf_lli                              0x00000000   Number         0  stubs.o ABSOLUTE
    _printf_llo                              0x00000000   Number         0  stubs.o ABSOLUTE
    _printf_llu                              0x00000000   Number         0  stubs.o ABSOLUTE
    _printf_llx                              0x00000000   Number         0  stubs.o ABSOLUTE
    _printf_longlong_dec                     0x00000000   Number         0  stubs.o ABSOLUTE
    _printf_longlong_hex                     0x00000000   Number         0  stubs.o ABSOLUTE
    _printf_longlong_oct                     0x00000000   Number         0  stubs.o ABSOLUTE
    _printf_ls                               0x00000000   Number         0  stubs.o ABSOLUTE
    _printf_mbtowc                           0x00000000   Number         0  stubs.o ABSOLUTE
    _printf_n                                0x00000000   Number         0  stubs.o ABSOLUTE
    _printf_o                                0x00000000   Number         0  stubs.o ABSOLUTE
    _printf_p                                0x00000000   Number         0  stubs.o ABSOLUTE
    _printf_percent                          0x00000000   Number         0  stubs.o ABSOLUTE
    _printf_pre_padding                      0x00000000   Number         0  stubs.o ABSOLUTE
    _printf_return_value                     0x00000000   Number         0  stubs.o ABSOLUTE
    _printf_s                                0x00000000   Number         0  stubs.o ABSOLUTE
    _printf_sizespec                         0x00000000   Number         0  stubs.o ABSOLUTE
    _printf_str                              0x00000000   Number         0  stubs.o ABSOLUTE
    _printf_truncate_signed                  0x00000000   Number         0  stubs.o ABSOLUTE
    _printf_truncate_unsigned                0x00000000   Number         0  stubs.o ABSOLUTE
    _printf_u                                0x00000000   Number         0  stubs.o ABSOLUTE
    _printf_wc                               0x00000000   Number         0  stubs.o ABSOLUTE
    _printf_wctomb                           0x00000000   Number         0  stubs.o ABSOLUTE
    _printf_widthprec                        0x00000000   Number         0  stubs.o ABSOLUTE
    _printf_x                                0x00000000   Number         0  stubs.o ABSOLUTE
    __arm_fini_                               - Undefined Weak Reference
    __cpp_initialize__aeabi_                  - Undefined Weak Reference
    __cxa_finalize                            - Undefined Weak Reference
    __decompress                              - Undefined Weak Reference
    _clock_init                               - Undefined Weak Reference
    _microlib_exit                            - Undefined Weak Reference
    __Vectors_Size                           0x00000188   Number         0  startup_stm32f407xx.o ABSOLUTE
    __Vectors                                0x08000000   Data           4  startup_stm32f407xx.o(RESET)
    __Vectors_End                            0x08000188   Data           0  startup_stm32f407xx.o(RESET)
    __main                                   0x08000189   Thumb Code     0  entry.o(.ARM.Collect$$$$00000000)
    _main_stk                                0x08000189   Thumb Code     0  entry2.o(.ARM.Collect$$$$00000001)
    _main_scatterload                        0x0800018d   Thumb Code     0  entry5.o(.ARM.Collect$$$$00000004)
    __main_after_scatterload                 0x08000191   Thumb Code     0  entry5.o(.ARM.Collect$$$$00000004)
    _main_clock                              0x08000191   Thumb Code     0  entry7b.o(.ARM.Collect$$$$00000008)
    _main_cpp_init                           0x08000191   Thumb Code     0  entry8b.o(.ARM.Collect$$$$0000000A)
    _main_init                               0x08000191   Thumb Code     0  entry9a.o(.ARM.Collect$$$$0000000B)
    __rt_lib_shutdown_fini                   0x08000199   Thumb Code     0  entry12b.o(.ARM.Collect$$$$0000000E)
    __rt_final_cpp                           0x0800019d   Thumb Code     0  entry10a.o(.ARM.Collect$$$$0000000F)
    __rt_final_exit                          0x0800019d   Thumb Code     0  entry11a.o(.ARM.Collect$$$$00000011)
    SVC_Handler                              0x080001a1   Thumb Code    28  port.o(.emb_text)
    __asm___6_port_c_39a90d8d__prvStartFirstTask 0x080001c1   Thumb Code    36  port.o(.emb_text)
    __asm___6_port_c_39a90d8d__prvEnableVFP  0x080001e9   Thumb Code    16  port.o(.emb_text)
    PendSV_Handler                           0x080001fd   Thumb Code    88  port.o(.emb_text)
    vPortGetIPSR                             0x08000259   Thumb Code     6  port.o(.emb_text)
    Reset_Handler                            0x08000261   Thumb Code     8  startup_stm32f407xx.o(.text)
    ADC_IRQHandler                           0x0800027b   Thumb Code     0  startup_stm32f407xx.o(.text)
    DCMI_IRQHandler                          0x0800027b   Thumb Code     0  startup_stm32f407xx.o(.text)
    DMA1_Stream0_IRQHandler                  0x0800027b   Thumb Code     0  startup_stm32f407xx.o(.text)
    DMA1_Stream1_IRQHandler                  0x0800027b   Thumb Code     0  startup_stm32f407xx.o(.text)
    DMA1_Stream2_IRQHandler                  0x0800027b   Thumb Code     0  startup_stm32f407xx.o(.text)
    DMA1_Stream3_IRQHandler                  0x0800027b   Thumb Code     0  startup_stm32f407xx.o(.text)
    DMA1_Stream4_IRQHandler                  0x0800027b   Thumb Code     0  startup_stm32f407xx.o(.text)
    DMA1_Stream5_IRQHandler                  0x0800027b   Thumb Code     0  startup_stm32f407xx.o(.text)
    DMA1_Stream6_IRQHandler                  0x0800027b   Thumb Code     0  startup_stm32f407xx.o(.text)
    DMA1_Stream7_IRQHandler                  0x0800027b   Thumb Code     0  startup_stm32f407xx.o(.text)
    DMA2_Stream0_IRQHandler                  0x0800027b   Thumb Code     0  startup_stm32f407xx.o(.text)
    DMA2_Stream1_IRQHandler                  0x0800027b   Thumb Code     0  startup_stm32f407xx.o(.text)
    DMA2_Stream2_IRQHandler                  0x0800027b   Thumb Code     0  startup_stm32f407xx.o(.text)
    DMA2_Stream3_IRQHandler                  0x0800027b   Thumb Code     0  startup_stm32f407xx.o(.text)
    DMA2_Stream4_IRQHandler                  0x0800027b   Thumb Code     0  startup_stm32f407xx.o(.text)
    DMA2_Stream5_IRQHandler                  0x0800027b   Thumb Code     0  startup_stm32f407xx.o(.text)
    DMA2_Stream6_IRQHandler                  0x0800027b   Thumb Code     0  startup_stm32f407xx.o(.text)
    DMA2_Stream7_IRQHandler                  0x0800027b   Thumb Code     0  startup_stm32f407xx.o(.text)
    ETH_IRQHandler                           0x0800027b   Thumb Code     0  startup_stm32f407xx.o(.text)
    ETH_WKUP_IRQHandler                      0x0800027b   Thumb Code     0  startup_stm32f407xx.o(.text)
    EXTI0_IRQHandler                         0x0800027b   Thumb Code     0  startup_stm32f407xx.o(.text)
    EXTI15_10_IRQHandler                     0x0800027b   Thumb Code     0  startup_stm32f407xx.o(.text)
    EXTI1_IRQHandler                         0x0800027b   Thumb Code     0  startup_stm32f407xx.o(.text)
    EXTI2_IRQHandler                         0x0800027b   Thumb Code     0  startup_stm32f407xx.o(.text)
    EXTI3_IRQHandler                         0x0800027b   Thumb Code     0  startup_stm32f407xx.o(.text)
    EXTI4_IRQHandler                         0x0800027b   Thumb Code     0  startup_stm32f407xx.o(.text)
    EXTI9_5_IRQHandler                       0x0800027b   Thumb Code     0  startup_stm32f407xx.o(.text)
    FLASH_IRQHandler                         0x0800027b   Thumb Code     0  startup_stm32f407xx.o(.text)
    FMC_IRQHandler                           0x0800027b   Thumb Code     0  startup_stm32f407xx.o(.text)
    FPU_IRQHandler                           0x0800027b   Thumb Code     0  startup_stm32f407xx.o(.text)
    HASH_RNG_IRQHandler                      0x0800027b   Thumb Code     0  startup_stm32f407xx.o(.text)
    I2C1_ER_IRQHandler                       0x0800027b   Thumb Code     0  startup_stm32f407xx.o(.text)
    I2C1_EV_IRQHandler                       0x0800027b   Thumb Code     0  startup_stm32f407xx.o(.text)
    I2C2_ER_IRQHandler                       0x0800027b   Thumb Code     0  startup_stm32f407xx.o(.text)
    I2C2_EV_IRQHandler                       0x0800027b   Thumb Code     0  startup_stm32f407xx.o(.text)
    I2C3_ER_IRQHandler                       0x0800027b   Thumb Code     0  startup_stm32f407xx.o(.text)
    I2C3_EV_IRQHandler                       0x0800027b   Thumb Code     0  startup_stm32f407xx.o(.text)
    OTG_FS_IRQHandler                        0x0800027b   Thumb Code     0  startup_stm32f407xx.o(.text)
    OTG_FS_WKUP_IRQHandler                   0x0800027b   Thumb Code     0  startup_stm32f407xx.o(.text)
    OTG_HS_EP1_IN_IRQHandler                 0x0800027b   Thumb Code     0  startup_stm32f407xx.o(.text)
    OTG_HS_EP1_OUT_IRQHandler                0x0800027b   Thumb Code     0  startup_stm32f407xx.o(.text)
    OTG_HS_IRQHandler                        0x0800027b   Thumb Code     0  startup_stm32f407xx.o(.text)
    OTG_HS_WKUP_IRQHandler                   0x0800027b   Thumb Code     0  startup_stm32f407xx.o(.text)
    PVD_IRQHandler                           0x0800027b   Thumb Code     0  startup_stm32f407xx.o(.text)
    RCC_IRQHandler                           0x0800027b   Thumb Code     0  startup_stm32f407xx.o(.text)
    RTC_Alarm_IRQHandler                     0x0800027b   Thumb Code     0  startup_stm32f407xx.o(.text)
    RTC_WKUP_IRQHandler                      0x0800027b   Thumb Code     0  startup_stm32f407xx.o(.text)
    SDIO_IRQHandler                          0x0800027b   Thumb Code     0  startup_stm32f407xx.o(.text)
    SPI1_IRQHandler                          0x0800027b   Thumb Code     0  startup_stm32f407xx.o(.text)
    SPI2_IRQHandler                          0x0800027b   Thumb Code     0  startup_stm32f407xx.o(.text)
    SPI3_IRQHandler                          0x0800027b   Thumb Code     0  startup_stm32f407xx.o(.text)
    TAMP_STAMP_IRQHandler                    0x0800027b   Thumb Code     0  startup_stm32f407xx.o(.text)
    TIM1_BRK_TIM9_IRQHandler                 0x0800027b   Thumb Code     0  startup_stm32f407xx.o(.text)
    TIM1_CC_IRQHandler                       0x0800027b   Thumb Code     0  startup_stm32f407xx.o(.text)
    TIM1_TRG_COM_TIM11_IRQHandler            0x0800027b   Thumb Code     0  startup_stm32f407xx.o(.text)
    TIM2_IRQHandler                          0x0800027b   Thumb Code     0  startup_stm32f407xx.o(.text)
    TIM3_IRQHandler                          0x0800027b   Thumb Code     0  startup_stm32f407xx.o(.text)
    TIM4_IRQHandler                          0x0800027b   Thumb Code     0  startup_stm32f407xx.o(.text)
    TIM5_IRQHandler                          0x0800027b   Thumb Code     0  startup_stm32f407xx.o(.text)
    TIM6_DAC_IRQHandler                      0x0800027b   Thumb Code     0  startup_stm32f407xx.o(.text)
    TIM7_IRQHandler                          0x0800027b   Thumb Code     0  startup_stm32f407xx.o(.text)
    TIM8_BRK_TIM12_IRQHandler                0x0800027b   Thumb Code     0  startup_stm32f407xx.o(.text)
    TIM8_CC_IRQHandler                       0x0800027b   Thumb Code     0  startup_stm32f407xx.o(.text)
    TIM8_TRG_COM_TIM14_IRQHandler            0x0800027b   Thumb Code     0  startup_stm32f407xx.o(.text)
    TIM8_UP_TIM13_IRQHandler                 0x0800027b   Thumb Code     0  startup_stm32f407xx.o(.text)
    UART4_IRQHandler                         0x0800027b   Thumb Code     0  startup_stm32f407xx.o(.text)
    UART5_IRQHandler                         0x0800027b   Thumb Code     0  startup_stm32f407xx.o(.text)
    USART2_IRQHandler                        0x0800027b   Thumb Code     0  startup_stm32f407xx.o(.text)
    USART3_IRQHandler                        0x0800027b   Thumb Code     0  startup_stm32f407xx.o(.text)
    USART6_IRQHandler                        0x0800027b   Thumb Code     0  startup_stm32f407xx.o(.text)
    WWDG_IRQHandler                          0x0800027b   Thumb Code     0  startup_stm32f407xx.o(.text)
    __aeabi_uldivmod                         0x08000285   Thumb Code    98  uldiv.o(.text)
    __aeabi_llsl                             0x080002e7   Thumb Code    30  llshl.o(.text)
    _ll_shift_l                              0x080002e7   Thumb Code     0  llshl.o(.text)
    __aeabi_lasr                             0x08000305   Thumb Code    36  llsshr.o(.text)
    _ll_sshift_r                             0x08000305   Thumb Code     0  llsshr.o(.text)
    __aeabi_memcpy                           0x08000329   Thumb Code    36  memcpya.o(.text)
    __aeabi_memcpy4                          0x08000329   Thumb Code     0  memcpya.o(.text)
    __aeabi_memcpy8                          0x08000329   Thumb Code     0  memcpya.o(.text)
    __aeabi_memset                           0x0800034d   Thumb Code    14  memseta.o(.text)
    __aeabi_memset4                          0x0800034d   Thumb Code     0  memseta.o(.text)
    __aeabi_memset8                          0x0800034d   Thumb Code     0  memseta.o(.text)
    __aeabi_memclr                           0x0800035b   Thumb Code     4  memseta.o(.text)
    __aeabi_memclr4                          0x0800035b   Thumb Code     0  memseta.o(.text)
    __aeabi_memclr8                          0x0800035b   Thumb Code     0  memseta.o(.text)
    memset                                   0x0800035f   Thumb Code    18  memseta.o(.text)
    __aeabi_dadd                             0x08000371   Thumb Code   322  dadd.o(.text)
    __aeabi_dsub                             0x080004b3   Thumb Code     6  dadd.o(.text)
    __aeabi_drsub                            0x080004b9   Thumb Code     6  dadd.o(.text)
    __aeabi_dmul                             0x080004bf   Thumb Code   228  dmul.o(.text)
    __aeabi_ddiv                             0x080005a3   Thumb Code   222  ddiv.o(.text)
    __aeabi_f2d                              0x08000681   Thumb Code    38  f2d.o(.text)
    __aeabi_cdrcmple                         0x080006a9   Thumb Code    48  cdrcmple.o(.text)
    __aeabi_uidiv                            0x080006d9   Thumb Code     0  uidiv.o(.text)
    __aeabi_uidivmod                         0x080006d9   Thumb Code    44  uidiv.o(.text)
    __aeabi_llsr                             0x08000705   Thumb Code    32  llushr.o(.text)
    _ll_ushift_r                             0x08000705   Thumb Code     0  llushr.o(.text)
    __I$use$fp                               0x08000725   Thumb Code     0  iusefp.o(.text)
    _double_round                            0x08000725   Thumb Code    30  depilogue.o(.text)
    _double_epilogue                         0x08000743   Thumb Code   156  depilogue.o(.text)
    __aeabi_d2ulz                            0x080007df   Thumb Code    48  dfixul.o(.text)
    __scatterload                            0x08000811   Thumb Code    28  init.o(.text)
    __scatterload_rt2                        0x08000811   Thumb Code     0  init.o(.text)
    BusFault_Handler                         0x08000835   Thumb Code     4  stm32f4xx_it.o(i.BusFault_Handler)
    CAN1_RX0_IRQHandler                      0x08000839   Thumb Code    10  stm32f4xx_it.o(i.CAN1_RX0_IRQHandler)
    CAN1_RX1_IRQHandler                      0x08000849   Thumb Code    10  stm32f4xx_it.o(i.CAN1_RX1_IRQHandler)
    CAN1_SCE_IRQHandler                      0x08000859   Thumb Code    10  stm32f4xx_it.o(i.CAN1_SCE_IRQHandler)
    CAN1_TX_IRQHandler                       0x08000869   Thumb Code    10  stm32f4xx_it.o(i.CAN1_TX_IRQHandler)
    CAN2_RX0_IRQHandler                      0x08000879   Thumb Code    10  stm32f4xx_it.o(i.CAN2_RX0_IRQHandler)
    CAN2_RX1_IRQHandler                      0x08000889   Thumb Code    10  stm32f4xx_it.o(i.CAN2_RX1_IRQHandler)
    CAN2_SCE_IRQHandler                      0x08000899   Thumb Code    10  stm32f4xx_it.o(i.CAN2_SCE_IRQHandler)
    CAN2_TX_IRQHandler                       0x080008a9   Thumb Code    10  stm32f4xx_it.o(i.CAN2_TX_IRQHandler)
    CAN_cmd_gimbal                           0x080008b9   Thumb Code    68  bsp_can.o(i.CAN_cmd_gimbal)
    Can_CallBack                             0x08000909   Thumb Code   108  bsp_can.o(i.Can_CallBack)
    Can_Dcodedemo                            0x08000991   Thumb Code    82  bsp_can.o(i.Can_Dcodedemo)
    Can_Register                             0x080009f5   Thumb Code    90  bsp_can.o(i.Can_Register)
    Can_Start                                0x08000a61   Thumb Code    86  bsp_can.o(i.Can_Start)
    Can_TxMessage                            0x08000ac1   Thumb Code    46  bsp_can.o(i.Can_TxMessage)
    DebugMon_Handler                         0x08000b05   Thumb Code     2  stm32f4xx_it.o(i.DebugMon_Handler)
    Error_Handler                            0x08000b07   Thumb Code     6  main.o(i.Error_Handler)
    HAL_CAN_ActivateNotification             0x08000b0d   Thumb Code    42  stm32f4xx_hal_can.o(i.HAL_CAN_ActivateNotification)
    HAL_CAN_AddTxMessage                     0x08000b37   Thumb Code   330  stm32f4xx_hal_can.o(i.HAL_CAN_AddTxMessage)
    HAL_CAN_ConfigFilter                     0x08000c81   Thumb Code   284  stm32f4xx_hal_can.o(i.HAL_CAN_ConfigFilter)
    HAL_CAN_ErrorCallback                    0x08000da1   Thumb Code     2  stm32f4xx_hal_can.o(i.HAL_CAN_ErrorCallback)
    HAL_CAN_GetRxMessage                     0x08000da3   Thumb Code   404  stm32f4xx_hal_can.o(i.HAL_CAN_GetRxMessage)
    HAL_CAN_IRQHandler                       0x08000f37   Thumb Code   590  stm32f4xx_hal_can.o(i.HAL_CAN_IRQHandler)
    HAL_CAN_Init                             0x08001185   Thumb Code   372  stm32f4xx_hal_can.o(i.HAL_CAN_Init)
    HAL_CAN_MspInit                          0x080012f9   Thumb Code   424  can.o(i.HAL_CAN_MspInit)
    HAL_CAN_RxFifo0FullCallback              0x080014b9   Thumb Code     2  stm32f4xx_hal_can.o(i.HAL_CAN_RxFifo0FullCallback)
    HAL_CAN_RxFifo0MsgPendingCallback        0x080014bd   Thumb Code    26  bsp_can.o(i.HAL_CAN_RxFifo0MsgPendingCallback)
    HAL_CAN_RxFifo1FullCallback              0x080014ed   Thumb Code     2  stm32f4xx_hal_can.o(i.HAL_CAN_RxFifo1FullCallback)
    HAL_CAN_RxFifo1MsgPendingCallback        0x080014ef   Thumb Code     2  stm32f4xx_hal_can.o(i.HAL_CAN_RxFifo1MsgPendingCallback)
    HAL_CAN_SleepCallback                    0x080014f1   Thumb Code     2  stm32f4xx_hal_can.o(i.HAL_CAN_SleepCallback)
    HAL_CAN_Start                            0x080014f3   Thumb Code    94  stm32f4xx_hal_can.o(i.HAL_CAN_Start)
    HAL_CAN_TxMailbox0AbortCallback          0x08001551   Thumb Code     2  stm32f4xx_hal_can.o(i.HAL_CAN_TxMailbox0AbortCallback)
    HAL_CAN_TxMailbox0CompleteCallback       0x08001553   Thumb Code     2  stm32f4xx_hal_can.o(i.HAL_CAN_TxMailbox0CompleteCallback)
    HAL_CAN_TxMailbox1AbortCallback          0x08001555   Thumb Code     2  stm32f4xx_hal_can.o(i.HAL_CAN_TxMailbox1AbortCallback)
    HAL_CAN_TxMailbox1CompleteCallback       0x08001557   Thumb Code     2  stm32f4xx_hal_can.o(i.HAL_CAN_TxMailbox1CompleteCallback)
    HAL_CAN_TxMailbox2AbortCallback          0x08001559   Thumb Code     2  stm32f4xx_hal_can.o(i.HAL_CAN_TxMailbox2AbortCallback)
    HAL_CAN_TxMailbox2CompleteCallback       0x0800155b   Thumb Code     2  stm32f4xx_hal_can.o(i.HAL_CAN_TxMailbox2CompleteCallback)
    HAL_CAN_WakeUpFromRxMsgCallback          0x0800155d   Thumb Code     2  stm32f4xx_hal_can.o(i.HAL_CAN_WakeUpFromRxMsgCallback)
    HAL_DMA_Abort                            0x0800155f   Thumb Code   172  stm32f4xx_hal_dma.o(i.HAL_DMA_Abort)
    HAL_DMA_Abort_IT                         0x0800160b   Thumb Code    40  stm32f4xx_hal_dma.o(i.HAL_DMA_Abort_IT)
    HAL_GPIO_Init                            0x08001635   Thumb Code   454  stm32f4xx_hal_gpio.o(i.HAL_GPIO_Init)
    HAL_GPIO_TogglePin                       0x08001829   Thumb Code    20  stm32f4xx_hal_gpio.o(i.HAL_GPIO_TogglePin)
    HAL_GPIO_WritePin                        0x0800183d   Thumb Code    12  stm32f4xx_hal_gpio.o(i.HAL_GPIO_WritePin)
    HAL_GetTick                              0x08001849   Thumb Code     6  stm32f4xx_hal.o(i.HAL_GetTick)
    HAL_IncTick                              0x08001855   Thumb Code    16  stm32f4xx_hal.o(i.HAL_IncTick)
    HAL_Init                                 0x0800186d   Thumb Code    54  stm32f4xx_hal.o(i.HAL_Init)
    HAL_InitTick                             0x080018a9   Thumb Code   140  stm32f4xx_hal_timebase_tim.o(i.HAL_InitTick)
    HAL_MspInit                              0x08001949   Thumb Code    78  stm32f4xx_hal_msp.o(i.HAL_MspInit)
    HAL_NVIC_EnableIRQ                       0x0800199d   Thumb Code    40  stm32f4xx_hal_cortex.o(i.HAL_NVIC_EnableIRQ)
    HAL_NVIC_SetPriority                     0x080019c5   Thumb Code   124  stm32f4xx_hal_cortex.o(i.HAL_NVIC_SetPriority)
    HAL_NVIC_SetPriorityGrouping             0x08001a41   Thumb Code    32  stm32f4xx_hal_cortex.o(i.HAL_NVIC_SetPriorityGrouping)
    HAL_RCC_ClockConfig                      0x08001a69   Thumb Code   368  stm32f4xx_hal_rcc.o(i.HAL_RCC_ClockConfig)
    HAL_RCC_GetClockConfig                   0x08001bed   Thumb Code    58  stm32f4xx_hal_rcc.o(i.HAL_RCC_GetClockConfig)
    HAL_RCC_GetHCLKFreq                      0x08001c31   Thumb Code     6  stm32f4xx_hal_rcc.o(i.HAL_RCC_GetHCLKFreq)
    HAL_RCC_GetPCLK1Freq                     0x08001c3d   Thumb Code    22  stm32f4xx_hal_rcc.o(i.HAL_RCC_GetPCLK1Freq)
    HAL_RCC_GetPCLK2Freq                     0x08001c5d   Thumb Code    22  stm32f4xx_hal_rcc.o(i.HAL_RCC_GetPCLK2Freq)
    HAL_RCC_GetSysClockFreq                  0x08001c7d   Thumb Code   162  stm32f4xx_hal_rcc.o(i.HAL_RCC_GetSysClockFreq)
    HAL_RCC_OscConfig                        0x08001d2d   Thumb Code  1172  stm32f4xx_hal_rcc.o(i.HAL_RCC_OscConfig)
    HAL_TIMEx_BreakCallback                  0x080021c9   Thumb Code     2  stm32f4xx_hal_tim_ex.o(i.HAL_TIMEx_BreakCallback)
    HAL_TIMEx_CommutCallback                 0x080021cb   Thumb Code     2  stm32f4xx_hal_tim_ex.o(i.HAL_TIMEx_CommutCallback)
    HAL_TIM_Base_Init                        0x080021cd   Thumb Code   102  stm32f4xx_hal_tim.o(i.HAL_TIM_Base_Init)
    HAL_TIM_Base_MspInit                     0x08002233   Thumb Code     2  stm32f4xx_hal_tim.o(i.HAL_TIM_Base_MspInit)
    HAL_TIM_Base_Start_IT                    0x08002235   Thumb Code   138  stm32f4xx_hal_tim.o(i.HAL_TIM_Base_Start_IT)
    HAL_TIM_IC_CaptureCallback               0x080022dd   Thumb Code     2  stm32f4xx_hal_tim.o(i.HAL_TIM_IC_CaptureCallback)
    HAL_TIM_IRQHandler                       0x080022df   Thumb Code   364  stm32f4xx_hal_tim.o(i.HAL_TIM_IRQHandler)
    HAL_TIM_OC_DelayElapsedCallback          0x0800244b   Thumb Code     2  stm32f4xx_hal_tim.o(i.HAL_TIM_OC_DelayElapsedCallback)
    HAL_TIM_PWM_PulseFinishedCallback        0x0800244d   Thumb Code     2  stm32f4xx_hal_tim.o(i.HAL_TIM_PWM_PulseFinishedCallback)
    HAL_TIM_PeriodElapsedCallback            0x08002451   Thumb Code    18  main.o(i.HAL_TIM_PeriodElapsedCallback)
    HAL_TIM_TriggerCallback                  0x08002469   Thumb Code     2  stm32f4xx_hal_tim.o(i.HAL_TIM_TriggerCallback)
    HAL_UARTEx_RxEventCallback               0x0800246b   Thumb Code     2  stm32f4xx_hal_uart.o(i.HAL_UARTEx_RxEventCallback)
    HAL_UART_ErrorCallback                   0x0800246d   Thumb Code     2  stm32f4xx_hal_uart.o(i.HAL_UART_ErrorCallback)
    HAL_UART_IRQHandler                      0x08002471   Thumb Code   772  stm32f4xx_hal_uart.o(i.HAL_UART_IRQHandler)
    HAL_UART_Init                            0x08002779   Thumb Code   118  stm32f4xx_hal_uart.o(i.HAL_UART_Init)
    HAL_UART_MspInit                         0x080027f1   Thumb Code   198  usart.o(i.HAL_UART_MspInit)
    HAL_UART_RxCpltCallback                  0x080028c9   Thumb Code     2  stm32f4xx_hal_uart.o(i.HAL_UART_RxCpltCallback)
    HAL_UART_Transmit                        0x080028cb   Thumb Code   190  stm32f4xx_hal_uart.o(i.HAL_UART_Transmit)
    HAL_UART_TxCpltCallback                  0x08002989   Thumb Code     2  stm32f4xx_hal_uart.o(i.HAL_UART_TxCpltCallback)
    HardFault_Handler                        0x0800298b   Thumb Code     4  stm32f4xx_it.o(i.HardFault_Handler)
    MX_CAN1_Init                             0x08002991   Thumb Code    58  can.o(i.MX_CAN1_Init)
    MX_CAN2_Init                             0x080029d5   Thumb Code    58  can.o(i.MX_CAN2_Init)
    MX_FREERTOS_Init                         0x08002a19   Thumb Code    78  freertos.o(i.MX_FREERTOS_Init)
    MX_GPIO_Init                             0x08002a79   Thumb Code   176  gpio.o(i.MX_GPIO_Init)
    MX_USART1_UART_Init                      0x08002b31   Thumb Code    46  usart.o(i.MX_USART1_UART_Init)
    MemManage_Handler                        0x08002b69   Thumb Code     4  stm32f4xx_it.o(i.MemManage_Handler)
    NMI_Handler                              0x08002b6d   Thumb Code     4  stm32f4xx_it.o(i.NMI_Handler)
    StartDefaultTask                         0x08002b71   Thumb Code   124  freertos.o(i.StartDefaultTask)
    StartTask02                              0x08002c15   Thumb Code    20  freertos.o(i.StartTask02)
    StartTask03                              0x08002c2d   Thumb Code    52  freertos.o(i.StartTask03)
    SysTick_Handler                          0x08002c6d   Thumb Code    46  port.o(i.SysTick_Handler)
    SystemClock_Config                       0x08002ca1   Thumb Code   170  main.o(i.SystemClock_Config)
    SystemInit                               0x08002d55   Thumb Code    14  system_stm32f4xx.o(i.SystemInit)
    TIM1_UP_TIM10_IRQHandler                 0x08002d69   Thumb Code    10  stm32f4xx_it.o(i.TIM1_UP_TIM10_IRQHandler)
    TIM_Base_SetConfig                       0x08002d79   Thumb Code   178  stm32f4xx_hal_tim.o(i.TIM_Base_SetConfig)
    USART1_IRQHandler                        0x0800330d   Thumb Code    10  stm32f4xx_it.o(i.USART1_IRQHandler)
    UsageFault_Handler                       0x0800331d   Thumb Code     4  stm32f4xx_it.o(i.UsageFault_Handler)
    __0printf                                0x08003321   Thumb Code    22  printfa.o(i.__0printf)
    __1printf                                0x08003321   Thumb Code     0  printfa.o(i.__0printf)
    __2printf                                0x08003321   Thumb Code     0  printfa.o(i.__0printf)
    __c89printf                              0x08003321   Thumb Code     0  printfa.o(i.__0printf)
    printf                                   0x08003321   Thumb Code     0  printfa.o(i.__0printf)
    __scatterload_copy                       0x08003379   Thumb Code    14  handlers.o(i.__scatterload_copy)
    __scatterload_null                       0x08003387   Thumb Code     2  handlers.o(i.__scatterload_null)
    __scatterload_zeroinit                   0x08003389   Thumb Code    14  handlers.o(i.__scatterload_zeroinit)
    arm_cos_f32                              0x08003c25   Thumb Code   150  fastmathfunctions.o(i.arm_cos_f32)
    arm_sin_f32                              0x08003cc9   Thumb Code   146  fastmathfunctions.o(i.arm_sin_f32)
    can_textcase                             0x08003d69   Thumb Code    54  bsp_can.o(i.can_textcase)
    fputc                                    0x08003da9   Thumb Code    22  main.o(i.fputc)
    main                                     0x08003dc5   Thumb Code    50  main.o(i.main)
    malloc                                   0x08003e15   Thumb Code    92  malloc.o(i.malloc)
    osDelay                                  0x08003e81   Thumb Code    24  cmsis_os.o(i.osDelay)
    osKernelStart                            0x08003e99   Thumb Code    10  cmsis_os.o(i.osKernelStart)
    osThreadCreate                           0x08003ea3   Thumb Code    94  cmsis_os.o(i.osThreadCreate)
    pvPortMalloc                             0x08004381   Thumb Code   306  heap_4.o(i.pvPortMalloc)
    pxPortInitialiseStack                    0x080044cd   Thumb Code    38  port.o(i.pxPortInitialiseStack)
    uxListRemove                             0x080044f9   Thumb Code    40  list.o(i.uxListRemove)
    vApplicationGetIdleTaskMemory            0x08004521   Thumb Code    14  freertos.o(i.vApplicationGetIdleTaskMemory)
    vListInitialise                          0x08004539   Thumb Code    26  list.o(i.vListInitialise)
    vListInitialiseItem                      0x08004553   Thumb Code     6  list.o(i.vListInitialiseItem)
    vListInsert                              0x08004559   Thumb Code    52  list.o(i.vListInsert)
    vListInsertEnd                           0x0800458d   Thumb Code    24  list.o(i.vListInsertEnd)
    vPortEnterCritical                       0x080045a5   Thumb Code    76  port.o(i.vPortEnterCritical)
    vPortExitCritical                        0x080045f9   Thumb Code    56  port.o(i.vPortExitCritical)
    vPortFree                                0x08004635   Thumb Code   150  heap_4.o(i.vPortFree)
    vPortSetupTimerInterrupt                 0x080046d9   Thumb Code    36  port.o(i.vPortSetupTimerInterrupt)
    vTaskDelay                               0x08004701   Thumb Code    82  tasks.o(i.vTaskDelay)
    vTaskStartScheduler                      0x0800475d   Thumb Code   146  tasks.o(i.vTaskStartScheduler)
    vTaskSuspendAll                          0x0800480d   Thumb Code    12  tasks.o(i.vTaskSuspendAll)
    vTaskSwitchContext                       0x0800481d   Thumb Code   118  tasks.o(i.vTaskSwitchContext)
    xPortStartScheduler                      0x080048a9   Thumb Code   330  port.o(i.xPortStartScheduler)
    xTaskCreate                              0x08004a11   Thumb Code   100  tasks.o(i.xTaskCreate)
    xTaskCreateStatic                        0x08004a75   Thumb Code   186  tasks.o(i.xTaskCreateStatic)
    xTaskIncrementTick                       0x08004b31   Thumb Code   282  tasks.o(i.xTaskIncrementTick)
    xTaskResumeAll                           0x08004c79   Thumb Code   224  tasks.o(i.xTaskResumeAll)
    AHBPrescTable                            0x08004dd0   Data          16  system_stm32f4xx.o(.constdata)
    APBPrescTable                            0x08004de0   Data           8  system_stm32f4xx.o(.constdata)
    armBitRevTable                           0x08004e28   Data        2048  commontables.o(.constdata)
    twiddleCoefF64_16                        0x08005628   Data         256  commontables.o(.constdata)
    twiddleCoefF64_32                        0x08005728   Data         512  commontables.o(.constdata)
    twiddleCoefF64_64                        0x08005928   Data        1024  commontables.o(.constdata)
    twiddleCoefF64_128                       0x08005d28   Data        2048  commontables.o(.constdata)
    twiddleCoefF64_256                       0x08006528   Data        4096  commontables.o(.constdata)
    twiddleCoefF64_512                       0x08007528   Data        8192  commontables.o(.constdata)
    twiddleCoefF64_1024                      0x08009528   Data       16384  commontables.o(.constdata)
    twiddleCoefF64_2048                      0x0800d528   Data       32768  commontables.o(.constdata)
    twiddleCoefF64_4096                      0x08015528   Data       65536  commontables.o(.constdata)
    twiddleCoef_16                           0x08025528   Data         128  commontables.o(.constdata)
    twiddleCoef_32                           0x080255a8   Data         256  commontables.o(.constdata)
    twiddleCoef_64                           0x080256a8   Data         512  commontables.o(.constdata)
    twiddleCoef_128                          0x080258a8   Data        1024  commontables.o(.constdata)
    twiddleCoef_256                          0x08025ca8   Data        2048  commontables.o(.constdata)
    twiddleCoef_512                          0x080264a8   Data        4096  commontables.o(.constdata)
    twiddleCoef_1024                         0x080274a8   Data        8192  commontables.o(.constdata)
    twiddleCoef_2048                         0x080294a8   Data       16384  commontables.o(.constdata)
    twiddleCoef_4096                         0x0802d4a8   Data       32768  commontables.o(.constdata)
    twiddleCoef_16_q31                       0x080354a8   Data          96  commontables.o(.constdata)
    twiddleCoef_32_q31                       0x08035508   Data         192  commontables.o(.constdata)
    twiddleCoef_64_q31                       0x080355c8   Data         384  commontables.o(.constdata)
    twiddleCoef_128_q31                      0x08035748   Data         768  commontables.o(.constdata)
    twiddleCoef_256_q31                      0x08035a48   Data        1536  commontables.o(.constdata)
    twiddleCoef_512_q31                      0x08036048   Data        3072  commontables.o(.constdata)
    twiddleCoef_1024_q31                     0x08036c48   Data        6144  commontables.o(.constdata)
    twiddleCoef_2048_q31                     0x08038448   Data       12288  commontables.o(.constdata)
    twiddleCoef_4096_q31                     0x0803b448   Data       24576  commontables.o(.constdata)
    twiddleCoef_16_q15                       0x08041448   Data          48  commontables.o(.constdata)
    twiddleCoef_32_q15                       0x08041478   Data          96  commontables.o(.constdata)
    twiddleCoef_64_q15                       0x080414d8   Data         192  commontables.o(.constdata)
    twiddleCoef_128_q15                      0x08041598   Data         384  commontables.o(.constdata)
    twiddleCoef_256_q15                      0x08041718   Data         768  commontables.o(.constdata)
    twiddleCoef_512_q15                      0x08041a18   Data        1536  commontables.o(.constdata)
    twiddleCoef_1024_q15                     0x08042018   Data        3072  commontables.o(.constdata)
    twiddleCoef_2048_q15                     0x08042c18   Data        6144  commontables.o(.constdata)
    twiddleCoef_4096_q15                     0x08044418   Data       12288  commontables.o(.constdata)
    armBitRevIndexTableF64_16                0x08047418   Data          24  commontables.o(.constdata)
    armBitRevIndexTableF64_32                0x08047430   Data          48  commontables.o(.constdata)
    armBitRevIndexTableF64_64                0x08047460   Data         112  commontables.o(.constdata)
    armBitRevIndexTableF64_128               0x080474d0   Data         224  commontables.o(.constdata)
    armBitRevIndexTableF64_256               0x080475b0   Data         480  commontables.o(.constdata)
    armBitRevIndexTableF64_512               0x08047790   Data         960  commontables.o(.constdata)
    armBitRevIndexTableF64_1024              0x08047b50   Data        1984  commontables.o(.constdata)
    armBitRevIndexTableF64_2048              0x08048310   Data        3968  commontables.o(.constdata)
    armBitRevIndexTableF64_4096              0x08049290   Data        8064  commontables.o(.constdata)
    armBitRevIndexTable16                    0x0804b210   Data          40  commontables.o(.constdata)
    armBitRevIndexTable32                    0x0804b238   Data          96  commontables.o(.constdata)
    armBitRevIndexTable64                    0x0804b298   Data         112  commontables.o(.constdata)
    armBitRevIndexTable128                   0x0804b308   Data         416  commontables.o(.constdata)
    armBitRevIndexTable256                   0x0804b4a8   Data         880  commontables.o(.constdata)
    armBitRevIndexTable512                   0x0804b818   Data         896  commontables.o(.constdata)
    armBitRevIndexTable1024                  0x0804bb98   Data        3600  commontables.o(.constdata)
    armBitRevIndexTable2048                  0x0804c9a8   Data        7616  commontables.o(.constdata)
    armBitRevIndexTable4096                  0x0804e768   Data        8064  commontables.o(.constdata)
    armBitRevIndexTable_fixed_16             0x080506e8   Data          24  commontables.o(.constdata)
    armBitRevIndexTable_fixed_32             0x08050700   Data          48  commontables.o(.constdata)
    armBitRevIndexTable_fixed_64             0x08050730   Data         112  commontables.o(.constdata)
    armBitRevIndexTable_fixed_128            0x080507a0   Data         224  commontables.o(.constdata)
    armBitRevIndexTable_fixed_256            0x08050880   Data         480  commontables.o(.constdata)
    armBitRevIndexTable_fixed_512            0x08050a60   Data         960  commontables.o(.constdata)
    armBitRevIndexTable_fixed_1024           0x08050e20   Data        1984  commontables.o(.constdata)
    armBitRevIndexTable_fixed_2048           0x080515e0   Data        3968  commontables.o(.constdata)
    armBitRevIndexTable_fixed_4096           0x08052560   Data        8064  commontables.o(.constdata)
    twiddleCoefF64_rfft_32                   0x080544e0   Data         256  commontables.o(.constdata)
    twiddleCoefF64_rfft_64                   0x080545e0   Data         512  commontables.o(.constdata)
    twiddleCoefF64_rfft_128                  0x080547e0   Data        1024  commontables.o(.constdata)
    twiddleCoefF64_rfft_256                  0x08054be0   Data        2048  commontables.o(.constdata)
    twiddleCoefF64_rfft_512                  0x080553e0   Data        4096  commontables.o(.constdata)
    twiddleCoefF64_rfft_1024                 0x080563e0   Data        8192  commontables.o(.constdata)
    twiddleCoefF64_rfft_2048                 0x080583e0   Data       16384  commontables.o(.constdata)
    twiddleCoefF64_rfft_4096                 0x0805c3e0   Data       32768  commontables.o(.constdata)
    twiddleCoef_rfft_32                      0x080643e0   Data         128  commontables.o(.constdata)
    twiddleCoef_rfft_64                      0x08064460   Data         256  commontables.o(.constdata)
    twiddleCoef_rfft_128                     0x08064560   Data         512  commontables.o(.constdata)
    twiddleCoef_rfft_256                     0x08064760   Data        1024  commontables.o(.constdata)
    twiddleCoef_rfft_512                     0x08064b60   Data        2048  commontables.o(.constdata)
    twiddleCoef_rfft_1024                    0x08065360   Data        4096  commontables.o(.constdata)
    twiddleCoef_rfft_2048                    0x08066360   Data        8192  commontables.o(.constdata)
    twiddleCoef_rfft_4096                    0x08068360   Data       16384  commontables.o(.constdata)
    realCoefA                                0x0806c360   Data       32768  commontables.o(.constdata)
    realCoefB                                0x08074360   Data       32768  commontables.o(.constdata)
    realCoefAQ31                             0x0807c360   Data       32768  commontables.o(.constdata)
    realCoefBQ31                             0x08084360   Data       32768  commontables.o(.constdata)
    realCoefAQ15                             0x0808c360   Data       16384  commontables.o(.constdata)
    realCoefBQ15                             0x08090360   Data       16384  commontables.o(.constdata)
    Weights_128                              0x08094360   Data        1024  commontables.o(.constdata)
    cos_factors_128                          0x08094760   Data         512  commontables.o(.constdata)
    Weights_512                              0x08094960   Data        4096  commontables.o(.constdata)
    cos_factors_512                          0x08095960   Data        2048  commontables.o(.constdata)
    Weights_2048                             0x08096160   Data       16384  commontables.o(.constdata)
    cos_factors_2048                         0x0809a160   Data        8192  commontables.o(.constdata)
    Weights_8192                             0x0809c160   Data       65536  commontables.o(.constdata)
    cos_factors_8192                         0x080ac160   Data       32768  commontables.o(.constdata)
    WeightsQ15_128                           0x080b4160   Data         512  commontables.o(.constdata)
    cos_factorsQ15_128                       0x080b4360   Data         256  commontables.o(.constdata)
    WeightsQ15_512                           0x080b4460   Data        2048  commontables.o(.constdata)
    cos_factorsQ15_512                       0x080b4c60   Data        1024  commontables.o(.constdata)
    WeightsQ15_2048                          0x080b5060   Data        8192  commontables.o(.constdata)
    cos_factorsQ15_2048                      0x080b7060   Data        4096  commontables.o(.constdata)
    WeightsQ15_8192                          0x080b8060   Data       32768  commontables.o(.constdata)
    cos_factorsQ15_8192                      0x080c0060   Data       16384  commontables.o(.constdata)
    WeightsQ31_128                           0x080c4060   Data        1024  commontables.o(.constdata)
    cos_factorsQ31_128                       0x080c4460   Data         512  commontables.o(.constdata)
    WeightsQ31_512                           0x080c4660   Data        4096  commontables.o(.constdata)
    cos_factorsQ31_512                       0x080c5660   Data        2048  commontables.o(.constdata)
    WeightsQ31_2048                          0x080c5e60   Data       16384  commontables.o(.constdata)
    cos_factorsQ31_2048                      0x080c9e60   Data        8192  commontables.o(.constdata)
    WeightsQ31_8192                          0x080cbe60   Data       65536  commontables.o(.constdata)
    cos_factorsQ31_8192                      0x080dbe60   Data       32768  commontables.o(.constdata)
    armRecipTableQ15                         0x080e3e60   Data         128  commontables.o(.constdata)
    armRecipTableQ31                         0x080e3ee0   Data         256  commontables.o(.constdata)
    sinTable_f32                             0x080e3fe0   Data        2052  commontables.o(.constdata)
    sinTable_q31                             0x080e47e4   Data        2052  commontables.o(.constdata)
    sinTable_q15                             0x080e4fe8   Data        1026  commontables.o(.constdata)
    arm_cfft_sR_f64_len16                    0x080e53ec   Data          16  commontables.o(.constdata)
    arm_cfft_sR_f64_len32                    0x080e53fc   Data          16  commontables.o(.constdata)
    arm_cfft_sR_f64_len64                    0x080e540c   Data          16  commontables.o(.constdata)
    arm_cfft_sR_f64_len128                   0x080e541c   Data          16  commontables.o(.constdata)
    arm_cfft_sR_f64_len256                   0x080e542c   Data          16  commontables.o(.constdata)
    arm_cfft_sR_f64_len512                   0x080e543c   Data          16  commontables.o(.constdata)
    arm_cfft_sR_f64_len1024                  0x080e544c   Data          16  commontables.o(.constdata)
    arm_cfft_sR_f64_len2048                  0x080e545c   Data          16  commontables.o(.constdata)
    arm_cfft_sR_f64_len4096                  0x080e546c   Data          16  commontables.o(.constdata)
    arm_cfft_sR_f32_len16                    0x080e547c   Data          16  commontables.o(.constdata)
    arm_cfft_sR_f32_len32                    0x080e548c   Data          16  commontables.o(.constdata)
    arm_cfft_sR_f32_len64                    0x080e549c   Data          16  commontables.o(.constdata)
    arm_cfft_sR_f32_len128                   0x080e54ac   Data          16  commontables.o(.constdata)
    arm_cfft_sR_f32_len256                   0x080e54bc   Data          16  commontables.o(.constdata)
    arm_cfft_sR_f32_len512                   0x080e54cc   Data          16  commontables.o(.constdata)
    arm_cfft_sR_f32_len1024                  0x080e54dc   Data          16  commontables.o(.constdata)
    arm_cfft_sR_f32_len2048                  0x080e54ec   Data          16  commontables.o(.constdata)
    arm_cfft_sR_f32_len4096                  0x080e54fc   Data          16  commontables.o(.constdata)
    arm_cfft_sR_q31_len16                    0x080e550c   Data          16  commontables.o(.constdata)
    arm_cfft_sR_q31_len32                    0x080e551c   Data          16  commontables.o(.constdata)
    arm_cfft_sR_q31_len64                    0x080e552c   Data          16  commontables.o(.constdata)
    arm_cfft_sR_q31_len128                   0x080e553c   Data          16  commontables.o(.constdata)
    arm_cfft_sR_q31_len256                   0x080e554c   Data          16  commontables.o(.constdata)
    arm_cfft_sR_q31_len512                   0x080e555c   Data          16  commontables.o(.constdata)
    arm_cfft_sR_q31_len1024                  0x080e556c   Data          16  commontables.o(.constdata)
    arm_cfft_sR_q31_len2048                  0x080e557c   Data          16  commontables.o(.constdata)
    arm_cfft_sR_q31_len4096                  0x080e558c   Data          16  commontables.o(.constdata)
    arm_cfft_sR_q15_len16                    0x080e559c   Data          16  commontables.o(.constdata)
    arm_cfft_sR_q15_len32                    0x080e55ac   Data          16  commontables.o(.constdata)
    arm_cfft_sR_q15_len64                    0x080e55bc   Data          16  commontables.o(.constdata)
    arm_cfft_sR_q15_len128                   0x080e55cc   Data          16  commontables.o(.constdata)
    arm_cfft_sR_q15_len256                   0x080e55dc   Data          16  commontables.o(.constdata)
    arm_cfft_sR_q15_len512                   0x080e55ec   Data          16  commontables.o(.constdata)
    arm_cfft_sR_q15_len1024                  0x080e55fc   Data          16  commontables.o(.constdata)
    arm_cfft_sR_q15_len2048                  0x080e560c   Data          16  commontables.o(.constdata)
    arm_cfft_sR_q15_len4096                  0x080e561c   Data          16  commontables.o(.constdata)
    arm_rfft_fast_sR_f64_len32               0x080e562c   Data          24  commontables.o(.constdata)
    arm_rfft_fast_sR_f64_len64               0x080e5644   Data          24  commontables.o(.constdata)
    arm_rfft_fast_sR_f64_len128              0x080e565c   Data          24  commontables.o(.constdata)
    arm_rfft_fast_sR_f64_len256              0x080e5674   Data          24  commontables.o(.constdata)
    arm_rfft_fast_sR_f64_len512              0x080e568c   Data          24  commontables.o(.constdata)
    arm_rfft_fast_sR_f64_len1024             0x080e56a4   Data          24  commontables.o(.constdata)
    arm_rfft_fast_sR_f64_len2048             0x080e56bc   Data          24  commontables.o(.constdata)
    arm_rfft_fast_sR_f64_len4096             0x080e56d4   Data          24  commontables.o(.constdata)
    arm_rfft_fast_sR_f32_len32               0x080e56ec   Data          24  commontables.o(.constdata)
    arm_rfft_fast_sR_f32_len64               0x080e5704   Data          24  commontables.o(.constdata)
    arm_rfft_fast_sR_f32_len128              0x080e571c   Data          24  commontables.o(.constdata)
    arm_rfft_fast_sR_f32_len256              0x080e5734   Data          24  commontables.o(.constdata)
    arm_rfft_fast_sR_f32_len512              0x080e574c   Data          24  commontables.o(.constdata)
    arm_rfft_fast_sR_f32_len1024             0x080e5764   Data          24  commontables.o(.constdata)
    arm_rfft_fast_sR_f32_len2048             0x080e577c   Data          24  commontables.o(.constdata)
    arm_rfft_fast_sR_f32_len4096             0x080e5794   Data          24  commontables.o(.constdata)
    arm_rfft_sR_q31_len32                    0x080e57ac   Data          24  commontables.o(.constdata)
    arm_rfft_sR_q31_len64                    0x080e57c4   Data          24  commontables.o(.constdata)
    arm_rfft_sR_q31_len128                   0x080e57dc   Data          24  commontables.o(.constdata)
    arm_rfft_sR_q31_len256                   0x080e57f4   Data          24  commontables.o(.constdata)
    arm_rfft_sR_q31_len512                   0x080e580c   Data          24  commontables.o(.constdata)
    arm_rfft_sR_q31_len1024                  0x080e5824   Data          24  commontables.o(.constdata)
    arm_rfft_sR_q31_len2048                  0x080e583c   Data          24  commontables.o(.constdata)
    arm_rfft_sR_q31_len4096                  0x080e5854   Data          24  commontables.o(.constdata)
    arm_rfft_sR_q31_len8192                  0x080e586c   Data          24  commontables.o(.constdata)
    arm_rfft_sR_q15_len32                    0x080e5884   Data          24  commontables.o(.constdata)
    arm_rfft_sR_q15_len64                    0x080e589c   Data          24  commontables.o(.constdata)
    arm_rfft_sR_q15_len128                   0x080e58b4   Data          24  commontables.o(.constdata)
    arm_rfft_sR_q15_len256                   0x080e58cc   Data          24  commontables.o(.constdata)
    arm_rfft_sR_q15_len512                   0x080e58e4   Data          24  commontables.o(.constdata)
    arm_rfft_sR_q15_len1024                  0x080e58fc   Data          24  commontables.o(.constdata)
    arm_rfft_sR_q15_len2048                  0x080e5914   Data          24  commontables.o(.constdata)
    arm_rfft_sR_q15_len4096                  0x080e592c   Data          24  commontables.o(.constdata)
    arm_rfft_sR_q15_len8192                  0x080e5944   Data          24  commontables.o(.constdata)
    Region$$Table$$Base                      0x080e5980   Number         0  anon$$obj.o(Region$$Table)
    Region$$Table$$Limit                     0x080e59a0   Number         0  anon$$obj.o(Region$$Table)
    sinx                                     0x20000000   Data           4  freertos.o(.data)
    cosx                                     0x20000004   Data           4  freertos.o(.data)
    defaultTaskHandle                        0x20000008   Data           4  freertos.o(.data)
    myTask02Handle                           0x2000000c   Data           4  freertos.o(.data)
    myTask03Handle                           0x20000010   Data           4  freertos.o(.data)
    uwTick                                   0x20000018   Data           4  stm32f4xx_hal.o(.data)
    uwTickPrio                               0x2000001c   Data           4  stm32f4xx_hal.o(.data)
    uwTickFreq                               0x20000020   Data           1  stm32f4xx_hal.o(.data)
    SystemCoreClock                          0x20000024   Data           4  system_stm32f4xx.o(.data)
    pxCurrentTCB                             0x20000028   Data           4  tasks.o(.data)
    idx                                      0x20000090   Data           4  bsp_can.o(.data)
    __stdout                                 0x2000009c   Data           4  stdout.o(.data)
    __microlib_freelist                      0x200000a0   Data           4  mvars.o(.data)
    __microlib_freelist_initialised          0x200000a4   Data           4  mvars.o(.data)
    hcan1                                    0x200002fc   Data          40  can.o(.bss)
    hcan2                                    0x20000324   Data          40  can.o(.bss)
    huart1                                   0x2000034c   Data          72  usart.o(.bss)
    htim1                                    0x20000394   Data          72  stm32f4xx_hal_timebase_tim.o(.bss)
    can_instances                            0x200040cc   Data          80  bsp_can.o(.bss)
    __heap_base                              0x20004138   Data           0  startup_stm32f407xx.o(HEAP)
    __heap_limit                             0x20004338   Data           0  startup_stm32f407xx.o(HEAP)
    __initial_sp                             0x20004738   Data           0  startup_stm32f407xx.o(STACK)



==============================================================================

Memory Map of the image

  Image Entry point : 0x08000189

  Load Region LR_IROM1 (Base: 0x08000000, Size: 0x000e5a48, Max: 0x00100000, ABSOLUTE)

    Execution Region ER_IROM1 (Exec base: 0x08000000, Load base: 0x08000000, Size: 0x000e59a0, Max: 0x00100000, ABSOLUTE)

    Exec Addr    Load Addr    Size         Type   Attr      Idx    E Section Name        Object

    0x08000000   0x08000000   0x00000188   Data   RO            3    RESET               startup_stm32f407xx.o
    0x08000188   0x08000188   0x00000000   Code   RO         9875  * .ARM.Collect$$$$00000000  mc_w.l(entry.o)
    0x08000188   0x08000188   0x00000004   Code   RO        10236    .ARM.Collect$$$$00000001  mc_w.l(entry2.o)
    0x0800018c   0x0800018c   0x00000004   Code   RO        10239    .ARM.Collect$$$$00000004  mc_w.l(entry5.o)
    0x08000190   0x08000190   0x00000000   Code   RO        10241    .ARM.Collect$$$$00000008  mc_w.l(entry7b.o)
    0x08000190   0x08000190   0x00000000   Code   RO        10243    .ARM.Collect$$$$0000000A  mc_w.l(entry8b.o)
    0x08000190   0x08000190   0x00000008   Code   RO        10244    .ARM.Collect$$$$0000000B  mc_w.l(entry9a.o)
    0x08000198   0x08000198   0x00000004   Code   RO        10251    .ARM.Collect$$$$0000000E  mc_w.l(entry12b.o)
    0x0800019c   0x0800019c   0x00000000   Code   RO        10246    .ARM.Collect$$$$0000000F  mc_w.l(entry10a.o)
    0x0800019c   0x0800019c   0x00000000   Code   RO        10248    .ARM.Collect$$$$00000011  mc_w.l(entry11a.o)
    0x0800019c   0x0800019c   0x00000004   Code   RO        10237    .ARM.Collect$$$$00002712  mc_w.l(entry2.o)
    0x080001a0   0x080001a0   0x000000be   Code   RO         4861    .emb_text           port.o
    0x0800025e   0x0800025e   0x00000002   PAD
    0x08000260   0x08000260   0x00000024   Code   RO            4    .text               startup_stm32f407xx.o
    0x08000284   0x08000284   0x00000062   Code   RO         9878    .text               mc_w.l(uldiv.o)
    0x080002e6   0x080002e6   0x0000001e   Code   RO         9882    .text               mc_w.l(llshl.o)
    0x08000304   0x08000304   0x00000024   Code   RO         9884    .text               mc_w.l(llsshr.o)
    0x08000328   0x08000328   0x00000024   Code   RO         9886    .text               mc_w.l(memcpya.o)
    0x0800034c   0x0800034c   0x00000024   Code   RO         9890    .text               mc_w.l(memseta.o)
    0x08000370   0x08000370   0x0000014e   Code   RO        10183    .text               mf_w.l(dadd.o)
    0x080004be   0x080004be   0x000000e4   Code   RO        10185    .text               mf_w.l(dmul.o)
    0x080005a2   0x080005a2   0x000000de   Code   RO        10187    .text               mf_w.l(ddiv.o)
    0x08000680   0x08000680   0x00000026   Code   RO        10195    .text               mf_w.l(f2d.o)
    0x080006a6   0x080006a6   0x00000002   PAD
    0x080006a8   0x080006a8   0x00000030   Code   RO        10199    .text               mf_w.l(cdrcmple.o)
    0x080006d8   0x080006d8   0x0000002c   Code   RO        10253    .text               mc_w.l(uidiv.o)
    0x08000704   0x08000704   0x00000020   Code   RO        10255    .text               mc_w.l(llushr.o)
    0x08000724   0x08000724   0x00000000   Code   RO        10266    .text               mc_w.l(iusefp.o)
    0x08000724   0x08000724   0x000000ba   Code   RO        10269    .text               mf_w.l(depilogue.o)
    0x080007de   0x080007de   0x00000030   Code   RO        10275    .text               mf_w.l(dfixul.o)
    0x0800080e   0x0800080e   0x00000002   PAD
    0x08000810   0x08000810   0x00000024   Code   RO        10279    .text               mc_w.l(init.o)
    0x08000834   0x08000834   0x00000004   Code   RO          610    i.BusFault_Handler  stm32f4xx_it.o
    0x08000838   0x08000838   0x00000010   Code   RO          611    i.CAN1_RX0_IRQHandler  stm32f4xx_it.o
    0x08000848   0x08000848   0x00000010   Code   RO          612    i.CAN1_RX1_IRQHandler  stm32f4xx_it.o
    0x08000858   0x08000858   0x00000010   Code   RO          613    i.CAN1_SCE_IRQHandler  stm32f4xx_it.o
    0x08000868   0x08000868   0x00000010   Code   RO          614    i.CAN1_TX_IRQHandler  stm32f4xx_it.o
    0x08000878   0x08000878   0x00000010   Code   RO          615    i.CAN2_RX0_IRQHandler  stm32f4xx_it.o
    0x08000888   0x08000888   0x00000010   Code   RO          616    i.CAN2_RX1_IRQHandler  stm32f4xx_it.o
    0x08000898   0x08000898   0x00000010   Code   RO          617    i.CAN2_SCE_IRQHandler  stm32f4xx_it.o
    0x080008a8   0x080008a8   0x00000010   Code   RO          618    i.CAN2_TX_IRQHandler  stm32f4xx_it.o
    0x080008b8   0x080008b8   0x00000050   Code   RO         4941    i.CAN_cmd_gimbal    bsp_can.o
    0x08000908   0x08000908   0x00000088   Code   RO         4942    i.Can_CallBack      bsp_can.o
    0x08000990   0x08000990   0x00000064   Code   RO         4943    i.Can_Dcodedemo     bsp_can.o
    0x080009f4   0x080009f4   0x0000006c   Code   RO         4944    i.Can_Register      bsp_can.o
    0x08000a60   0x08000a60   0x00000060   Code   RO         4945    i.Can_Start         bsp_can.o
    0x08000ac0   0x08000ac0   0x00000044   Code   RO         4946    i.Can_TxMessage     bsp_can.o
    0x08000b04   0x08000b04   0x00000002   Code   RO          619    i.DebugMon_Handler  stm32f4xx_it.o
    0x08000b06   0x08000b06   0x00000006   Code   RO           13    i.Error_Handler     main.o
    0x08000b0c   0x08000b0c   0x0000002a   Code   RO          792    i.HAL_CAN_ActivateNotification  stm32f4xx_hal_can.o
    0x08000b36   0x08000b36   0x0000014a   Code   RO          793    i.HAL_CAN_AddTxMessage  stm32f4xx_hal_can.o
    0x08000c80   0x08000c80   0x00000120   Code   RO          794    i.HAL_CAN_ConfigFilter  stm32f4xx_hal_can.o
    0x08000da0   0x08000da0   0x00000002   Code   RO          797    i.HAL_CAN_ErrorCallback  stm32f4xx_hal_can.o
    0x08000da2   0x08000da2   0x00000194   Code   RO          800    i.HAL_CAN_GetRxMessage  stm32f4xx_hal_can.o
    0x08000f36   0x08000f36   0x0000024e   Code   RO          804    i.HAL_CAN_IRQHandler  stm32f4xx_hal_can.o
    0x08001184   0x08001184   0x00000174   Code   RO          805    i.HAL_CAN_Init      stm32f4xx_hal_can.o
    0x080012f8   0x080012f8   0x000001c0   Code   RO          520    i.HAL_CAN_MspInit   can.o
    0x080014b8   0x080014b8   0x00000002   Code   RO          812    i.HAL_CAN_RxFifo0FullCallback  stm32f4xx_hal_can.o
    0x080014ba   0x080014ba   0x00000002   PAD
    0x080014bc   0x080014bc   0x00000030   Code   RO         4947    i.HAL_CAN_RxFifo0MsgPendingCallback  bsp_can.o
    0x080014ec   0x080014ec   0x00000002   Code   RO          814    i.HAL_CAN_RxFifo1FullCallback  stm32f4xx_hal_can.o
    0x080014ee   0x080014ee   0x00000002   Code   RO          815    i.HAL_CAN_RxFifo1MsgPendingCallback  stm32f4xx_hal_can.o
    0x080014f0   0x080014f0   0x00000002   Code   RO          816    i.HAL_CAN_SleepCallback  stm32f4xx_hal_can.o
    0x080014f2   0x080014f2   0x0000005e   Code   RO          817    i.HAL_CAN_Start     stm32f4xx_hal_can.o
    0x08001550   0x08001550   0x00000002   Code   RO          819    i.HAL_CAN_TxMailbox0AbortCallback  stm32f4xx_hal_can.o
    0x08001552   0x08001552   0x00000002   Code   RO          820    i.HAL_CAN_TxMailbox0CompleteCallback  stm32f4xx_hal_can.o
    0x08001554   0x08001554   0x00000002   Code   RO          821    i.HAL_CAN_TxMailbox1AbortCallback  stm32f4xx_hal_can.o
    0x08001556   0x08001556   0x00000002   Code   RO          822    i.HAL_CAN_TxMailbox1CompleteCallback  stm32f4xx_hal_can.o
    0x08001558   0x08001558   0x00000002   Code   RO          823    i.HAL_CAN_TxMailbox2AbortCallback  stm32f4xx_hal_can.o
    0x0800155a   0x0800155a   0x00000002   Code   RO          824    i.HAL_CAN_TxMailbox2CompleteCallback  stm32f4xx_hal_can.o
    0x0800155c   0x0800155c   0x00000002   Code   RO          826    i.HAL_CAN_WakeUpFromRxMsgCallback  stm32f4xx_hal_can.o
    0x0800155e   0x0800155e   0x000000ac   Code   RO         1532    i.HAL_DMA_Abort     stm32f4xx_hal_dma.o
    0x0800160a   0x0800160a   0x00000028   Code   RO         1533    i.HAL_DMA_Abort_IT  stm32f4xx_hal_dma.o
    0x08001632   0x08001632   0x00000002   PAD
    0x08001634   0x08001634   0x000001f4   Code   RO         1425    i.HAL_GPIO_Init     stm32f4xx_hal_gpio.o
    0x08001828   0x08001828   0x00000014   Code   RO         1428    i.HAL_GPIO_TogglePin  stm32f4xx_hal_gpio.o
    0x0800183c   0x0800183c   0x0000000c   Code   RO         1429    i.HAL_GPIO_WritePin  stm32f4xx_hal_gpio.o
    0x08001848   0x08001848   0x0000000c   Code   RO         1980    i.HAL_GetTick       stm32f4xx_hal.o
    0x08001854   0x08001854   0x00000018   Code   RO         1986    i.HAL_IncTick       stm32f4xx_hal.o
    0x0800186c   0x0800186c   0x0000003c   Code   RO         1987    i.HAL_Init          stm32f4xx_hal.o
    0x080018a8   0x080018a8   0x000000a0   Code   RO          752    i.HAL_InitTick      stm32f4xx_hal_timebase_tim.o
    0x08001948   0x08001948   0x00000054   Code   RO          728    i.HAL_MspInit       stm32f4xx_hal_msp.o
    0x0800199c   0x0800199c   0x00000028   Code   RO         1817    i.HAL_NVIC_EnableIRQ  stm32f4xx_hal_cortex.o
    0x080019c4   0x080019c4   0x0000007c   Code   RO         1823    i.HAL_NVIC_SetPriority  stm32f4xx_hal_cortex.o
    0x08001a40   0x08001a40   0x00000028   Code   RO         1824    i.HAL_NVIC_SetPriorityGrouping  stm32f4xx_hal_cortex.o
    0x08001a68   0x08001a68   0x00000184   Code   RO         1026    i.HAL_RCC_ClockConfig  stm32f4xx_hal_rcc.o
    0x08001bec   0x08001bec   0x00000044   Code   RO         1030    i.HAL_RCC_GetClockConfig  stm32f4xx_hal_rcc.o
    0x08001c30   0x08001c30   0x0000000c   Code   RO         1031    i.HAL_RCC_GetHCLKFreq  stm32f4xx_hal_rcc.o
    0x08001c3c   0x08001c3c   0x00000020   Code   RO         1033    i.HAL_RCC_GetPCLK1Freq  stm32f4xx_hal_rcc.o
    0x08001c5c   0x08001c5c   0x00000020   Code   RO         1034    i.HAL_RCC_GetPCLK2Freq  stm32f4xx_hal_rcc.o
    0x08001c7c   0x08001c7c   0x000000b0   Code   RO         1035    i.HAL_RCC_GetSysClockFreq  stm32f4xx_hal_rcc.o
    0x08001d2c   0x08001d2c   0x0000049c   Code   RO         1038    i.HAL_RCC_OscConfig  stm32f4xx_hal_rcc.o
    0x080021c8   0x080021c8   0x00000002   Code   RO         2942    i.HAL_TIMEx_BreakCallback  stm32f4xx_hal_tim_ex.o
    0x080021ca   0x080021ca   0x00000002   Code   RO         2943    i.HAL_TIMEx_CommutCallback  stm32f4xx_hal_tim_ex.o
    0x080021cc   0x080021cc   0x00000066   Code   RO         2227    i.HAL_TIM_Base_Init  stm32f4xx_hal_tim.o
    0x08002232   0x08002232   0x00000002   Code   RO         2229    i.HAL_TIM_Base_MspInit  stm32f4xx_hal_tim.o
    0x08002234   0x08002234   0x000000a8   Code   RO         2232    i.HAL_TIM_Base_Start_IT  stm32f4xx_hal_tim.o
    0x080022dc   0x080022dc   0x00000002   Code   RO         2261    i.HAL_TIM_IC_CaptureCallback  stm32f4xx_hal_tim.o
    0x080022de   0x080022de   0x0000016c   Code   RO         2275    i.HAL_TIM_IRQHandler  stm32f4xx_hal_tim.o
    0x0800244a   0x0800244a   0x00000002   Code   RO         2278    i.HAL_TIM_OC_DelayElapsedCallback  stm32f4xx_hal_tim.o
    0x0800244c   0x0800244c   0x00000002   Code   RO         2305    i.HAL_TIM_PWM_PulseFinishedCallback  stm32f4xx_hal_tim.o
    0x0800244e   0x0800244e   0x00000002   PAD
    0x08002450   0x08002450   0x00000018   Code   RO           14    i.HAL_TIM_PeriodElapsedCallback  main.o
    0x08002468   0x08002468   0x00000002   Code   RO         2318    i.HAL_TIM_TriggerCallback  stm32f4xx_hal_tim.o
    0x0800246a   0x0800246a   0x00000002   Code   RO         3221    i.HAL_UARTEx_RxEventCallback  stm32f4xx_hal_uart.o
    0x0800246c   0x0800246c   0x00000002   Code   RO         3235    i.HAL_UART_ErrorCallback  stm32f4xx_hal_uart.o
    0x0800246e   0x0800246e   0x00000002   PAD
    0x08002470   0x08002470   0x00000308   Code   RO         3238    i.HAL_UART_IRQHandler  stm32f4xx_hal_uart.o
    0x08002778   0x08002778   0x00000076   Code   RO         3239    i.HAL_UART_Init     stm32f4xx_hal_uart.o
    0x080027ee   0x080027ee   0x00000002   PAD
    0x080027f0   0x080027f0   0x000000d8   Code   RO          569    i.HAL_UART_MspInit  usart.o
    0x080028c8   0x080028c8   0x00000002   Code   RO         3245    i.HAL_UART_RxCpltCallback  stm32f4xx_hal_uart.o
    0x080028ca   0x080028ca   0x000000be   Code   RO         3247    i.HAL_UART_Transmit  stm32f4xx_hal_uart.o
    0x08002988   0x08002988   0x00000002   Code   RO         3250    i.HAL_UART_TxCpltCallback  stm32f4xx_hal_uart.o
    0x0800298a   0x0800298a   0x00000004   Code   RO          620    i.HardFault_Handler  stm32f4xx_it.o
    0x0800298e   0x0800298e   0x00000002   PAD
    0x08002990   0x08002990   0x00000044   Code   RO          521    i.MX_CAN1_Init      can.o
    0x080029d4   0x080029d4   0x00000044   Code   RO          522    i.MX_CAN2_Init      can.o
    0x08002a18   0x08002a18   0x00000060   Code   RO          321    i.MX_FREERTOS_Init  freertos.o
    0x08002a78   0x08002a78   0x000000b8   Code   RO          297    i.MX_GPIO_Init      gpio.o
    0x08002b30   0x08002b30   0x00000038   Code   RO          570    i.MX_USART1_UART_Init  usart.o
    0x08002b68   0x08002b68   0x00000004   Code   RO          621    i.MemManage_Handler  stm32f4xx_it.o
    0x08002b6c   0x08002b6c   0x00000004   Code   RO          622    i.NMI_Handler       stm32f4xx_it.o
    0x08002b70   0x08002b70   0x000000a4   Code   RO          322    i.StartDefaultTask  freertos.o
    0x08002c14   0x08002c14   0x00000018   Code   RO          323    i.StartTask02       freertos.o
    0x08002c2c   0x08002c2c   0x00000040   Code   RO          324    i.StartTask03       freertos.o
    0x08002c6c   0x08002c6c   0x00000034   Code   RO         4862    i.SysTick_Handler   port.o
    0x08002ca0   0x08002ca0   0x000000b4   Code   RO           15    i.SystemClock_Config  main.o
    0x08002d54   0x08002d54   0x00000014   Code   RO         3583    i.SystemInit        system_stm32f4xx.o
    0x08002d68   0x08002d68   0x00000010   Code   RO          623    i.TIM1_UP_TIM10_IRQHandler  stm32f4xx_it.o
    0x08002d78   0x08002d78   0x000000e0   Code   RO         2320    i.TIM_Base_SetConfig  stm32f4xx_hal_tim.o
    0x08002e58   0x08002e58   0x00000012   Code   RO         3252    i.UART_DMAAbortOnError  stm32f4xx_hal_uart.o
    0x08002e6a   0x08002e6a   0x0000006c   Code   RO         3262    i.UART_EndRxTransfer  stm32f4xx_hal_uart.o
    0x08002ed6   0x08002ed6   0x00000020   Code   RO         3263    i.UART_EndTransmit_IT  stm32f4xx_hal_uart.o
    0x08002ef6   0x08002ef6   0x000000fc   Code   RO         3265    i.UART_Receive_IT   stm32f4xx_hal_uart.o
    0x08002ff2   0x08002ff2   0x00000002   PAD
    0x08002ff4   0x08002ff4   0x0000022c   Code   RO         3266    i.UART_SetConfig    stm32f4xx_hal_uart.o
    0x08003220   0x08003220   0x00000060   Code   RO         3269    i.UART_Transmit_IT  stm32f4xx_hal_uart.o
    0x08003280   0x08003280   0x0000008c   Code   RO         3270    i.UART_WaitOnFlagUntilTimeout  stm32f4xx_hal_uart.o
    0x0800330c   0x0800330c   0x00000010   Code   RO          624    i.USART1_IRQHandler  stm32f4xx_it.o
    0x0800331c   0x0800331c   0x00000004   Code   RO          625    i.UsageFault_Handler  stm32f4xx_it.o
    0x08003320   0x08003320   0x00000020   Code   RO        10127    i.__0printf         mc_w.l(printfa.o)
    0x08003340   0x08003340   0x00000010   Code   RO         1830    i.__NVIC_GetPriorityGrouping  stm32f4xx_hal_cortex.o
    0x08003350   0x08003350   0x00000028   Code   RO         1831    i.__NVIC_SetPriority  stm32f4xx_hal_cortex.o
    0x08003378   0x08003378   0x0000000e   Code   RO        10283    i.__scatterload_copy  mc_w.l(handlers.o)
    0x08003386   0x08003386   0x00000002   Code   RO        10284    i.__scatterload_null  mc_w.l(handlers.o)
    0x08003388   0x08003388   0x0000000e   Code   RO        10285    i.__scatterload_zeroinit  mc_w.l(handlers.o)
    0x08003396   0x08003396   0x00000002   PAD
    0x08003398   0x08003398   0x00000184   Code   RO        10134    i._fp_digits        mc_w.l(printfa.o)
    0x0800351c   0x0800351c   0x000006b4   Code   RO        10135    i._printf_core      mc_w.l(printfa.o)
    0x08003bd0   0x08003bd0   0x00000024   Code   RO        10136    i._printf_post_padding  mc_w.l(printfa.o)
    0x08003bf4   0x08003bf4   0x0000002e   Code   RO        10137    i._printf_pre_padding  mc_w.l(printfa.o)
    0x08003c22   0x08003c22   0x00000002   PAD
    0x08003c24   0x08003c24   0x000000a4   Code   RO         6255    i.arm_cos_f32       fastmathfunctions.o
    0x08003cc8   0x08003cc8   0x000000a0   Code   RO         6259    i.arm_sin_f32       fastmathfunctions.o
    0x08003d68   0x08003d68   0x00000040   Code   RO         4948    i.can_textcase      bsp_can.o
    0x08003da8   0x08003da8   0x0000001c   Code   RO           16    i.fputc             main.o
    0x08003dc4   0x08003dc4   0x00000040   Code   RO           17    i.main              main.o
    0x08003e04   0x08003e04   0x0000000e   Code   RO         4427    i.makeFreeRtosPriority  cmsis_os.o
    0x08003e12   0x08003e12   0x00000002   PAD
    0x08003e14   0x08003e14   0x0000006c   Code   RO        10156    i.malloc            mc_w.l(malloc.o)
    0x08003e80   0x08003e80   0x00000018   Code   RO         4429    i.osDelay           cmsis_os.o
    0x08003e98   0x08003e98   0x0000000a   Code   RO         4432    i.osKernelStart     cmsis_os.o
    0x08003ea2   0x08003ea2   0x0000005e   Code   RO         4466    i.osThreadCreate    cmsis_os.o
    0x08003f00   0x08003f00   0x00000098   Code   RO         4098    i.prvAddCurrentTaskToDelayedList  tasks.o
    0x08003f98   0x08003f98   0x000000b4   Code   RO         4099    i.prvAddNewTaskToReadyList  tasks.o
    0x0800404c   0x0800404c   0x00000048   Code   RO         4100    i.prvCheckTasksWaitingTermination  tasks.o
    0x08004094   0x08004094   0x00000050   Code   RO         4101    i.prvDeleteTCB      tasks.o
    0x080040e4   0x080040e4   0x0000007c   Code   RO         4794    i.prvHeapInit       heap_4.o
    0x08004160   0x08004160   0x00000028   Code   RO         4102    i.prvIdleTask       tasks.o
    0x08004188   0x08004188   0x000000b4   Code   RO         4103    i.prvInitialiseNewTask  tasks.o
    0x0800423c   0x0800423c   0x00000068   Code   RO         4104    i.prvInitialiseTaskLists  tasks.o
    0x080042a4   0x080042a4   0x00000068   Code   RO         4795    i.prvInsertBlockIntoFreeList  heap_4.o
    0x0800430c   0x0800430c   0x00000034   Code   RO         4105    i.prvResetNextTaskUnblockTime  tasks.o
    0x08004340   0x08004340   0x00000040   Code   RO         4863    i.prvTaskExitError  port.o
    0x08004380   0x08004380   0x0000014c   Code   RO         4796    i.pvPortMalloc      heap_4.o
    0x080044cc   0x080044cc   0x0000002c   Code   RO         4864    i.pxPortInitialiseStack  port.o
    0x080044f8   0x080044f8   0x00000028   Code   RO         3724    i.uxListRemove      list.o
    0x08004520   0x08004520   0x00000018   Code   RO          325    i.vApplicationGetIdleTaskMemory  freertos.o
    0x08004538   0x08004538   0x0000001a   Code   RO         3725    i.vListInitialise   list.o
    0x08004552   0x08004552   0x00000006   Code   RO         3726    i.vListInitialiseItem  list.o
    0x08004558   0x08004558   0x00000034   Code   RO         3727    i.vListInsert       list.o
    0x0800458c   0x0800458c   0x00000018   Code   RO         3728    i.vListInsertEnd    list.o
    0x080045a4   0x080045a4   0x00000054   Code   RO         4866    i.vPortEnterCritical  port.o
    0x080045f8   0x080045f8   0x0000003c   Code   RO         4867    i.vPortExitCritical  port.o
    0x08004634   0x08004634   0x000000a4   Code   RO         4797    i.vPortFree         heap_4.o
    0x080046d8   0x080046d8   0x00000028   Code   RO         4868    i.vPortSetupTimerInterrupt  port.o
    0x08004700   0x08004700   0x0000005c   Code   RO         4114    i.vTaskDelay        tasks.o
    0x0800475c   0x0800475c   0x000000b0   Code   RO         4127    i.vTaskStartScheduler  tasks.o
    0x0800480c   0x0800480c   0x00000010   Code   RO         4129    i.vTaskSuspendAll   tasks.o
    0x0800481c   0x0800481c   0x0000008c   Code   RO         4130    i.vTaskSwitchContext  tasks.o
    0x080048a8   0x080048a8   0x00000168   Code   RO         4870    i.xPortStartScheduler  port.o
    0x08004a10   0x08004a10   0x00000064   Code   RO         4133    i.xTaskCreate       tasks.o
    0x08004a74   0x08004a74   0x000000ba   Code   RO         4134    i.xTaskCreateStatic  tasks.o
    0x08004b2e   0x08004b2e   0x00000002   PAD
    0x08004b30   0x08004b30   0x00000148   Code   RO         4141    i.xTaskIncrementTick  tasks.o
    0x08004c78   0x08004c78   0x00000104   Code   RO         4147    i.xTaskResumeAll    tasks.o
    0x08004d7c   0x08004d7c   0x00000054   Data   RO          327    .constdata          freertos.o
    0x08004dd0   0x08004dd0   0x00000018   Data   RO         3584    .constdata          system_stm32f4xx.o
    0x08004de8   0x08004de8   0x00000040   Data   RO         4950    .constdata          bsp_can.o
    0x08004e28   0x08004e28   0x000e0b34   Data   RO         5610    .constdata          commontables.o
    0x080e595c   0x080e595c   0x00000024   Data   RO          328    .conststring        freertos.o
    0x080e5980   0x080e5980   0x00000020   Data   RO        10281    Region$$Table       anon$$obj.o


    Execution Region RW_IRAM1 (Exec base: 0x20000000, Load base: 0x080e59a0, Size: 0x00004738, Max: 0x0001c000, ABSOLUTE)

    Exec Addr    Load Addr    Size         Type   Attr      Idx    E Section Name        Object

    0x20000000   0x080e59a0   0x00000014   Data   RW          329    .data               freertos.o
    0x20000014   0x080e59b4   0x00000004   Data   RW          524    .data               can.o
    0x20000018   0x080e59b8   0x00000009   Data   RW         1994    .data               stm32f4xx_hal.o
    0x20000021   0x080e59c1   0x00000003   PAD
    0x20000024   0x080e59c4   0x00000004   Data   RW         3585    .data               system_stm32f4xx.o
    0x20000028   0x080e59c8   0x0000003c   Data   RW         4150    .data               tasks.o
    0x20000064   0x080e5a04   0x00000020   Data   RW         4803    .data               heap_4.o
    0x20000084   0x080e5a24   0x0000000c   Data   RW         4871    .data               port.o
    0x20000090   0x080e5a30   0x0000000c   Data   RW         4951    .data               bsp_can.o
    0x2000009c   0x080e5a3c   0x00000004   Data   RW        10252    .data               mc_w.l(stdout.o)
    0x200000a0   0x080e5a40   0x00000004   Data   RW        10257    .data               mc_w.l(mvars.o)
    0x200000a4   0x080e5a44   0x00000004   Data   RW        10258    .data               mc_w.l(mvars.o)
    0x200000a8        -       0x00000254   Zero   RW          326    .bss                freertos.o
    0x200002fc        -       0x00000050   Zero   RW          523    .bss                can.o
    0x2000034c        -       0x00000048   Zero   RW          571    .bss                usart.o
    0x20000394        -       0x00000048   Zero   RW          755    .bss                stm32f4xx_hal_timebase_tim.o
    0x200003dc        -       0x000000f0   Zero   RW         4149    .bss                tasks.o
    0x200004cc        -       0x00003c00   Zero   RW         4802    .bss                heap_4.o
    0x200040cc        -       0x00000068   Zero   RW         4949    .bss                bsp_can.o
    0x20004134   0x080e5a48   0x00000004   PAD
    0x20004138        -       0x00000200   Zero   RW            2    HEAP                startup_stm32f407xx.o
    0x20004338        -       0x00000400   Zero   RW            1    STACK               startup_stm32f407xx.o


    Execution Region RW_IRAM2 (Exec base: 0x2001c000, Load base: 0x080e5a48, Size: 0x00000000, Max: 0x00004000, ABSOLUTE)

    **** No section assigned to this execution region ****


==============================================================================

Image component sizes


      Code (inc. data)   RO Data    RW Data    ZI Data      Debug   Object Name

       700        140         64         12        104       5594   bsp_can.o
       584         44          0          4         80       2406   can.o
       142          0          0          0          0      22903   cmsis_os.o
         0          0     920372          0          0      13411   commontables.o
         0          0          0          0          0      16868   event_groups.o
       324         28          0          0          0       1644   fastmathfunctions.o
       372         84        120         20        596     606062   freertos.o
       184          8          0          0          0        943   gpio.o
       724         74          0         32      15360       7319   heap_4.o
       148          0          0          0          0       3486   list.o
       302         36          0          0          0     726456   main.o
       894         78          0         12          0      10964   port.o
        36          8        392          0       1536        820   startup_stm32f407xx.o
        96         20          0          9          0       7990   stm32f4xx_hal.o
      2144          4          0          0          0      14071   stm32f4xx_hal_can.o
       260         22          0          0          0      33478   stm32f4xx_hal_cortex.o
       212          0          0          0          0       1907   stm32f4xx_hal_dma.o
       532         46          0          0          0       2693   stm32f4xx_hal_gpio.o
        84          6          0          0          0        830   stm32f4xx_hal_msp.o
      1888         94          0          0          0       6165   stm32f4xx_hal_rcc.o
       868         76          0          0          0       6438   stm32f4xx_hal_tim.o
         4          0          0          0          0       1553   stm32f4xx_hal_tim_ex.o
       160         20          0          0         72       1383   stm32f4xx_hal_timebase_tim.o
      2294         14          0          0          0      11372   stm32f4xx_hal_uart.o
       182         60          0          0          0       7570   stm32f4xx_it.o
         0          0          0          0          0        420   stream_buffer.o
        20          6         24          4          0       1079   system_stm32f4xx.o
      2158        270          0         60        240      20165   tasks.o
       272         28          0          0         72       1706   usart.o

    ----------------------------------------------------------------------
     15604       1166     921004        156      18064    1537696   Object Totals
         0          0         32          0          0          0   (incl. Generated)
        20          0          0          3          4          0   (incl. Padding)

    ----------------------------------------------------------------------

      Code (inc. data)   RO Data    RW Data    ZI Data      Debug   Library Member Name

         0          0          0          0          0          0   entry.o
         0          0          0          0          0          0   entry10a.o
         0          0          0          0          0          0   entry11a.o
         4          0          0          0          0          0   entry12b.o
         8          4          0          0          0          0   entry2.o
         4          0          0          0          0          0   entry5.o
         0          0          0          0          0          0   entry7b.o
         0          0          0          0          0          0   entry8b.o
         8          4          0          0          0          0   entry9a.o
        30          0          0          0          0          0   handlers.o
        36          8          0          0          0         68   init.o
         0          0          0          0          0          0   iusefp.o
        30          0          0          0          0         68   llshl.o
        36          0          0          0          0         68   llsshr.o
        32          0          0          0          0         68   llushr.o
       108         16          0          0          0         84   malloc.o
        36          0          0          0          0         68   memcpya.o
        36          0          0          0          0        108   memseta.o
         0          0          0          8          0          0   mvars.o
      2218         90          0          0          0        464   printfa.o
         0          0          0          4          0          0   stdout.o
        44          0          0          0          0         80   uidiv.o
        98          0          0          0          0         92   uldiv.o
        48          0          0          0          0         68   cdrcmple.o
       334          0          0          0          0        148   dadd.o
       222          0          0          0          0        100   ddiv.o
       186          0          0          0          0        176   depilogue.o
        48          0          0          0          0         68   dfixul.o
       228          0          0          0          0         96   dmul.o
        38          0          0          0          0         68   f2d.o

    ----------------------------------------------------------------------
      3840        122          0         12          0       1892   Library Totals
         8          0          0          0          0          0   (incl. Padding)

    ----------------------------------------------------------------------

      Code (inc. data)   RO Data    RW Data    ZI Data      Debug   Library Name

      2728        122          0         12          0       1168   mc_w.l
      1104          0          0          0          0        724   mf_w.l

    ----------------------------------------------------------------------
      3840        122          0         12          0       1892   Library Totals

    ----------------------------------------------------------------------

==============================================================================


      Code (inc. data)   RO Data    RW Data    ZI Data      Debug   

     19444       1288     921004        168      18064    1525056   Grand Totals
     19444       1288     921004        168      18064    1525056   ELF Image Totals
     19444       1288     921004        168          0          0   ROM Totals

==============================================================================

    Total RO  Size (Code + RO Data)               940448 ( 918.41kB)
    Total RW  Size (RW Data + ZI Data)             18232 (  17.80kB)
    Total ROM Size (Code + RO Data + RW Data)     940616 ( 918.57kB)

==============================================================================

