Component: ARM Compiler 5.06 update 7 (build 960) Tool: armlink [4d3601]

==============================================================================

Section Cross References

    startup_stm32f407xx.o(RESET) refers to startup_stm32f407xx.o(STACK) for __initial_sp
    startup_stm32f407xx.o(RESET) refers to startup_stm32f407xx.o(.text) for Reset_Handler
    startup_stm32f407xx.o(RESET) refers to stm32f4xx_it.o(i.NMI_Handler) for NMI_Handler
    startup_stm32f407xx.o(RESET) refers to stm32f4xx_it.o(i.HardFault_Handler) for HardFault_Handler
    startup_stm32f407xx.o(RESET) refers to stm32f4xx_it.o(i.MemManage_Handler) for MemManage_Handler
    startup_stm32f407xx.o(RESET) refers to stm32f4xx_it.o(i.BusFault_Handler) for BusFault_Handler
    startup_stm32f407xx.o(RESET) refers to stm32f4xx_it.o(i.UsageFault_Handler) for UsageFault_Handler
    startup_stm32f407xx.o(RESET) refers to port.o(.emb_text) for SVC_Handler
    startup_stm32f407xx.o(RESET) refers to stm32f4xx_it.o(i.DebugMon_Handler) for DebugMon_Handler
    startup_stm32f407xx.o(RESET) refers to port.o(i.SysTick_Handler) for SysTick_Handler
    startup_stm32f407xx.o(RESET) refers to stm32f4xx_it.o(i.DMA1_Stream1_IRQHandler) for DMA1_Stream1_IRQHandler
    startup_stm32f407xx.o(RESET) refers to stm32f4xx_it.o(i.CAN1_TX_IRQHandler) for CAN1_TX_IRQHandler
    startup_stm32f407xx.o(RESET) refers to stm32f4xx_it.o(i.CAN1_RX0_IRQHandler) for CAN1_RX0_IRQHandler
    startup_stm32f407xx.o(RESET) refers to stm32f4xx_it.o(i.CAN1_RX1_IRQHandler) for CAN1_RX1_IRQHandler
    startup_stm32f407xx.o(RESET) refers to stm32f4xx_it.o(i.CAN1_SCE_IRQHandler) for CAN1_SCE_IRQHandler
    startup_stm32f407xx.o(RESET) refers to stm32f4xx_it.o(i.TIM1_UP_TIM10_IRQHandler) for TIM1_UP_TIM10_IRQHandler
    startup_stm32f407xx.o(RESET) refers to stm32f4xx_it.o(i.USART1_IRQHandler) for USART1_IRQHandler
    startup_stm32f407xx.o(RESET) refers to stm32f4xx_it.o(i.USART3_IRQHandler) for USART3_IRQHandler
    startup_stm32f407xx.o(RESET) refers to stm32f4xx_it.o(i.DMA2_Stream2_IRQHandler) for DMA2_Stream2_IRQHandler
    startup_stm32f407xx.o(RESET) refers to stm32f4xx_it.o(i.CAN2_TX_IRQHandler) for CAN2_TX_IRQHandler
    startup_stm32f407xx.o(RESET) refers to stm32f4xx_it.o(i.CAN2_RX0_IRQHandler) for CAN2_RX0_IRQHandler
    startup_stm32f407xx.o(RESET) refers to stm32f4xx_it.o(i.CAN2_RX1_IRQHandler) for CAN2_RX1_IRQHandler
    startup_stm32f407xx.o(RESET) refers to stm32f4xx_it.o(i.CAN2_SCE_IRQHandler) for CAN2_SCE_IRQHandler
    startup_stm32f407xx.o(.text) refers to system_stm32f4xx.o(i.SystemInit) for SystemInit
    startup_stm32f407xx.o(.text) refers to entry.o(.ARM.Collect$$$$00000000) for __main
    main.o(i.HAL_TIM_PeriodElapsedCallback) refers to stm32f4xx_hal.o(i.HAL_IncTick) for HAL_IncTick
    main.o(i.SystemClock_Config) refers to memseta.o(.text) for __aeabi_memclr4
    main.o(i.SystemClock_Config) refers to stm32f4xx_hal_rcc.o(i.HAL_RCC_OscConfig) for HAL_RCC_OscConfig
    main.o(i.SystemClock_Config) refers to main.o(i.Error_Handler) for Error_Handler
    main.o(i.SystemClock_Config) refers to stm32f4xx_hal_rcc.o(i.HAL_RCC_ClockConfig) for HAL_RCC_ClockConfig
    main.o(i.main) refers to stm32f4xx_hal.o(i.HAL_Init) for HAL_Init
    main.o(i.main) refers to main.o(i.SystemClock_Config) for SystemClock_Config
    main.o(i.main) refers to gpio.o(i.MX_GPIO_Init) for MX_GPIO_Init
    main.o(i.main) refers to dma.o(i.MX_DMA_Init) for MX_DMA_Init
    main.o(i.main) refers to usart.o(i.MX_USART1_UART_Init) for MX_USART1_UART_Init
    main.o(i.main) refers to can.o(i.MX_CAN1_Init) for MX_CAN1_Init
    main.o(i.main) refers to usart.o(i.MX_USART3_UART_Init) for MX_USART3_UART_Init
    main.o(i.main) refers to can.o(i.MX_CAN2_Init) for MX_CAN2_Init
    main.o(i.main) refers to bsp_can.o(i.Can_Start) for Can_Start
    main.o(i.main) refers to command.o(i.Comm_init) for Comm_init
    main.o(i.main) refers to freertos.o(i.MX_FREERTOS_Init) for MX_FREERTOS_Init
    main.o(i.main) refers to cmsis_os.o(i.osKernelStart) for osKernelStart
    gpio.o(i.MX_GPIO_Init) refers to memseta.o(.text) for __aeabi_memclr4
    gpio.o(i.MX_GPIO_Init) refers to stm32f4xx_hal_gpio.o(i.HAL_GPIO_WritePin) for HAL_GPIO_WritePin
    gpio.o(i.MX_GPIO_Init) refers to stm32f4xx_hal_gpio.o(i.HAL_GPIO_Init) for HAL_GPIO_Init
    freertos.o(i.MX_FREERTOS_Init) refers to memcpya.o(.text) for __aeabi_memcpy4
    freertos.o(i.MX_FREERTOS_Init) refers to cmsis_os.o(i.osThreadCreate) for osThreadCreate
    freertos.o(i.MX_FREERTOS_Init) refers to freertos.o(.constdata) for .constdata
    freertos.o(i.MX_FREERTOS_Init) refers to freertos.o(.data) for defaultTaskHandle
    freertos.o(i.StartDefaultTask) refers to tasks.o(i.vTaskDelay) for vTaskDelay
    freertos.o(i.StartTask02) refers to stm32f4xx_hal_gpio.o(i.HAL_GPIO_TogglePin) for HAL_GPIO_TogglePin
    freertos.o(i.StartTask02) refers to tasks.o(i.vTaskDelay) for vTaskDelay
[...]
    i.__kernel_poly                          0x08005480   Section        0  poly.o(i.__kernel_poly)
    i.__mathlib_dbl_divzero                  0x08005578   Section        0  dunder.o(i.__mathlib_dbl_divzero)
    i.__mathlib_dbl_infnan2                  0x080055a8   Section        0  dunder.o(i.__mathlib_dbl_infnan2)
    i.__mathlib_dbl_invalid                  0x080055c0   Section        0  dunder.o(i.__mathlib_dbl_invalid)
    i.__mathlib_dbl_overflow                 0x080055e0   Section        0  dunder.o(i.__mathlib_dbl_overflow)
    i.__mathlib_dbl_underflow                0x08005600   Section        0  dunder.o(i.__mathlib_dbl_underflow)
    i.__scatterload_copy                     0x08005620   Section       14  handlers.o(i.__scatterload_copy)
    i.__scatterload_null                     0x0800562e   Section        2  handlers.o(i.__scatterload_null)
    i.__scatterload_zeroinit                 0x08005630   Section       14  handlers.o(i.__scatterload_zeroinit)
    i.__set_errno                            0x08005640   Section        0  errno.o(i.__set_errno)
    i._printf_core                           0x0800564c   Section        0  printfb.o(i._printf_core)
    _printf_core                             0x0800564d   Thumb Code    34  printfb.o(i._printf_core)
    i.char_2_float                           0x08005670   Section        0  imu.o(i.char_2_float)
    i.fabs                                   0x08005760   Section        0  fabs.o(i.fabs)
    i.fputc                                  0x08005778   Section        0  fputc.o(i.fputc)
    i.main                                   0x0800578a   Section        0  main.o(i.main)
    i.makeFreeRtosPriority                   0x080057ce   Section        0  cmsis_os.o(i.makeFreeRtosPriority)
    makeFreeRtosPriority                     0x080057cf   Thumb Code    14  cmsis_os.o(i.makeFreeRtosPriority)
    i.malloc                                 0x080057dc   Section        0  malloc.o(i.malloc)
    i.osKernelStart                          0x08005848   Section        0  cmsis_os.o(i.osKernelStart)
    i.osThreadCreate                         0x08005852   Section        0  cmsis_os.o(i.osThreadCreate)
    i.pid_calculate                          0x080058b0   Section        0  pid.o(i.pid_calculate)
    i.prvAddCurrentTaskToDelayedList         0x080059a8   Section        0  tasks.o(i.prvAddCurrentTaskToDelayedList)
    prvAddCurrentTaskToDelayedList           0x080059a9   Thumb Code   124  tasks.o(i.prvAddCurrentTaskToDelayedList)
    i.prvAddNewTaskToReadyList               0x08005a40   Section        0  tasks.o(i.prvAddNewTaskToReadyList)
    prvAddNewTaskToReadyList                 0x08005a41   Thumb Code   150  tasks.o(i.prvAddNewTaskToReadyList)
    i.prvCheckTasksWaitingTermination        0x08005af4   Section        0  tasks.o(i.prvCheckTasksWaitingTermination)
    prvCheckTasksWaitingTermination          0x08005af5   Thumb Code    60  tasks.o(i.prvCheckTasksWaitingTermination)
    i.prvDeleteTCB                           0x08005b3c   Section        0  tasks.o(i.prvDeleteTCB)
    prvDeleteTCB                             0x08005b3d   Thumb Code    80  tasks.o(i.prvDeleteTCB)
    i.prvHeapInit                            0x08005b8c   Section        0  heap_4.o(i.prvHeapInit)
    prvHeapInit                              0x08005b8d   Thumb Code    98  heap_4.o(i.prvHeapInit)
    i.prvIdleTask                            0x08005c08   Section        0  tasks.o(i.prvIdleTask)
    prvIdleTask                              0x08005c09   Thumb Code    32  tasks.o(i.prvIdleTask)
    i.prvInitialiseNewTask                   0x08005c30   Section        0  tasks.o(i.prvInitialiseNewTask)
    prvInitialiseNewTask                     0x08005c31   Thumb Code   180  tasks.o(i.prvInitialiseNewTask)
    i.prvInitialiseTaskLists                 0x08005ce4   Section        0  tasks.o(i.prvInitialiseTaskLists)
    prvInitialiseTaskLists                   0x08005ce5   Thumb Code    70  tasks.o(i.prvInitialiseTaskLists)
    i.prvInsertBlockIntoFreeList             0x08005d4c   Section        0  heap_4.o(i.prvInsertBlockIntoFreeList)
    prvInsertBlockIntoFreeList               0x08005d4d   Thumb Code    96  heap_4.o(i.prvInsertBlockIntoFreeList)
    i.prvResetNextTaskUnblockTime            0x08005db4   Section        0  tasks.o(i.prvResetNextTaskUnblockTime)
    prvResetNextTaskUnblockTime              0x08005db5   Thumb Code    42  tasks.o(i.prvResetNextTaskUnblockTime)
    i.prvTaskExitError                       0x08005de8   Section        0  port.o(i.prvTaskExitError)
    prvTaskExitError                         0x08005de9   Thumb Code    60  port.o(i.prvTaskExitError)
    i.pvPortMalloc                           0x08005e28   Section        0  heap_4.o(i.pvPortMalloc)
    i.pxPortInitialiseStack                  0x08005f74   Section        0  port.o(i.pxPortInitialiseStack)
    i.remote_dcode                           0x08005fa0   Section        0  remote.o(i.remote_dcode)
    i.remote_register                        0x08006094   Section        0  remote.o(i.remote_register)
    i.sqrt                                   0x080060f0   Section        0  sqrt.o(i.sqrt)
    i.uxListRemove                           0x0800615e   Section        0  list.o(i.uxListRemove)
    i.vApplicationGetIdleTaskMemory          0x08006188   Section        0  freertos.o(i.vApplicationGetIdleTaskMemory)
    i.vListInitialise                        0x080061a0   Section        0  list.o(i.vListInitialise)
    i.vListInitialiseItem                    0x080061ba   Section        0  list.o(i.vListInitialiseItem)
    i.vListInsert                            0x080061c0   Section        0  list.o(i.vListInsert)
    i.vListInsertEnd                         0x080061f4   Section        0  list.o(i.vListInsertEnd)
    i.vPortEnterCritical                     0x0800620c   Section        0  port.o(i.vPortEnterCritical)
    i.vPortExitCritical                      0x08006260   Section        0  port.o(i.vPortExitCritical)
    i.vPortFree                              0x0800629c   Section        0  heap_4.o(i.vPortFree)
    i.vPortSetupTimerInterrupt               0x08006340   Section        0  port.o(i.vPortSetupTimerInterrupt)
    i.vTaskDelay                             0x08006368   Section        0  tasks.o(i.vTaskDelay)
    i.vTaskStartScheduler                    0x080063c4   Section        0  tasks.o(i.vTaskStartScheduler)
    i.vTaskSuspendAll                        0x08006474   Section        0  tasks.o(i.vTaskSuspendAll)
    i.vTaskSwitchContext                     0x08006484   Section        0  tasks.o(i.vTaskSwitchContext)
    i.xPortStartScheduler                    0x08006510   Section        0  port.o(i.xPortStartScheduler)
    i.xTaskCreate                            0x08006678   Section        0  tasks.o(i.xTaskCreate)
    i.xTaskCreateStatic                      0x080066dc   Section        0  tasks.o(i.xTaskCreateStatic)
    i.xTaskIncrementTick                     0x08006798   Section        0  tasks.o(i.xTaskIncrementTick)
    i.xTaskResumeAll                         0x080068e0   Section        0  tasks.o(i.xTaskResumeAll)
    .constdata                               0x080069e4   Section       84  freertos.o(.constdata)
    .constdata                               0x08006a38   Section        8  stm32f4xx_hal_dma.o(.constdata)
    flagBitshiftOffset                       0x08006a38   Data           8  stm32f4xx_hal_dma.o(.constdata)
    .constdata                               0x08006a40   Section       24  system_stm32f4xx.o(.constdata)
    .constdata                               0x08006a58   Section     3752  command.o(.constdata)
    .constdata                               0x08007900   Section       20  imu.o(.constdata)
    .constdata                               0x08007918   Section      136  pow.o(.constdata)
    bp                                       0x08007918   Data          16  pow.o(.constdata)
    dp_h                                     0x08007928   Data          16  pow.o(.constdata)
    dp_l                                     0x08007938   Data          16  pow.o(.constdata)
    L                                        0x08007948   Data          48  pow.o(.constdata)
    P                                        0x08007978   Data          40  pow.o(.constdata)
    .constdata                               0x080079a0   Section        8  qnan.o(.constdata)
    .conststring                             0x080079a8   Section       36  freertos.o(.conststring)
    .data                                    0x20000000   Section       12  freertos.o(.data)
    .data                                    0x2000000c   Section        4  can.o(.data)
    HAL_RCC_CAN1_CLK_ENABLED                 0x2000000c   Data           4  can.o(.data)
    .data                                    0x20000010   Section        9  stm32f4xx_hal.o(.data)
    .data                                    0x2000001c   Section        4  system_stm32f4xx.o(.data)
    .data                                    0x20000020   Section       60  tasks.o(.data)
    pxDelayedTaskList                        0x20000024   Data           4  tasks.o(.data)
    pxOverflowDelayedTaskList                0x20000028   Data           4  tasks.o(.data)
    uxDeletedTasksWaitingCleanUp             0x2000002c   Data           4  tasks.o(.data)
    uxCurrentNumberOfTasks                   0x20000030   Data           4  tasks.o(.data)
    xTickCount                               0x20000034   Data           4  tasks.o(.data)
    uxTopReadyPriority                       0x20000038   Data           4  tasks.o(.data)
    xSchedulerRunning                        0x2000003c   Data           4  tasks.o(.data)
    xPendedTicks                             0x20000040   Data           4  tasks.o(.data)
    xYieldPending                            0x20000044   Data           4  tasks.o(.data)
    xNumOfOverflows                          0x20000048   Data           4  tasks.o(.data)
    uxTaskNumber                             0x2000004c   Data           4  tasks.o(.data)
    xNextTaskUnblockTime                     0x20000050   Data           4  tasks.o(.data)
    xIdleTaskHandle                          0x20000054   Data           4  tasks.o(.data)
    uxSchedulerSuspended                     0x20000058   Data           4  tasks.o(.data)
    .data                                    0x2000005c   Section       32  heap_4.o(.data)
    xStart                                   0x2000005c   Data           8  heap_4.o(.data)
    pxEnd                                    0x20000064   Data           4  heap_4.o(.data)
    xFreeBytesRemaining                      0x20000068   Data           4  heap_4.o(.data)
    xMinimumEverFreeBytesRemaining           0x2000006c   Data           4  heap_4.o(.data)
    xNumberOfSuccessfulAllocations           0x20000070   Data           4  heap_4.o(.data)
    xNumberOfSuccessfulFrees                 0x20000074   Data           4  heap_4.o(.data)
    xBlockAllocatedBit                       0x20000078   Data           4  heap_4.o(.data)
    .data                                    0x2000007c   Section       12  port.o(.data)
    uxCriticalNesting                        0x2000007c   Data           4  port.o(.data)
    ucMaxSysCallPriority                     0x20000080   Data           1  port.o(.data)
    ulMaxPRIGROUPValue                       0x20000084   Data           4  port.o(.data)
    .data                                    0x20000088   Section        4  chassis.o(.data)
    .data                                    0x2000008c   Section        4  command.o(.data)
    .data                                    0x20000090   Section        4  gimbal.o(.data)
    .data                                    0x20000094   Section        4  shoot.o(.data)
    .data                                    0x20000098   Section      164  dji_motor.o(.data)
    idx                                      0x20000098   Data           4  dji_motor.o(.data)
    DJI_configcase                           0x200000e4   Data          44  dji_motor.o(.data)
    .data                                    0x2000013c   Section        4  imu.o(.data)
    idx                                      0x2000013c   Data           4  imu.o(.data)
    .data                                    0x20000140   Section      464  motor.o(.data)
    idx                                      0x20000140   Data           4  motor.o(.data)
    .data                                    0x20000310   Section       32  remote.o(.data)
    vx                                       0x20000310   Data           2  remote.o(.data)
    vy                                       0x20000312   Data           2  remote.o(.data)
    vz                                       0x20000314   Data           2  remote.o(.data)
    idx                                      0x20000318   Data           4  remote.o(.data)
    .data                                    0x20000330   Section        4  bsp_can.o(.data)
    idx                                      0x20000330   Data           4  bsp_can.o(.data)
    .data                                    0x20000334   Section        4  bsp_usart.o(.data)
    idx                                      0x20000334   Data           4  bsp_usart.o(.data)
    .data                                    0x20000338   Section        4  stdout.o(.data)
    .data                                    0x2000033c   Section        4  mvars.o(.data)
    .data                                    0x20000340   Section        4  mvars.o(.data)
    .data                                    0x20000344   Section        4  errno.o(.data)
    _errno                                   0x20000344   Data           4  errno.o(.data)
    .bss                                     0x20000348   Section      596  freertos.o(.bss)
    xIdleTaskTCBBuffer                       0x20000348   Data          84  freertos.o(.bss)
    xIdleStack                               0x2000039c   Data         512  freertos.o(.bss)
    .bss                                     0x2000059c   Section       80  can.o(.bss)
    .bss                                     0x200005ec   Section      336  usart.o(.bss)
    .bss                                     0x2000073c   Section       72  stm32f4xx_hal_timebase_tim.o(.bss)
    .bss                                     0x20000784   Section      240  tasks.o(.bss)
    pxReadyTasksLists                        0x20000784   Data         140  tasks.o(.bss)
    xDelayedTaskList1                        0x20000810   Data          20  tasks.o(.bss)
    xDelayedTaskList2                        0x20000824   Data          20  tasks.o(.bss)
    xPendingReadyList                        0x20000838   Data          20  tasks.o(.bss)
    xTasksWaitingTermination                 0x2000084c   Data          20  tasks.o(.bss)
    xSuspendedTaskList                       0x20000860   Data          20  tasks.o(.bss)
    .bss                                     0x20000874   Section    15360  heap_4.o(.bss)
    ucHeap                                   0x20000874   Data       15360  heap_4.o(.bss)
    .bss                                     0x20004474   Section       60  dji_motor.o(.bss)
    .bss                                     0x200044b0   Section       12  imu.o(.bss)
    .bss                                     0x200044bc   Section       60  motor.o(.bss)
    .bss                                     0x200044f8   Section       40  remote.o(.bss)
    temp                                     0x200044f8   Data          20  remote.o(.bss)
    .bss                                     0x20004520   Section       80  bsp_can.o(.bss)
    .bss                                     0x20004570   Section      296  bsp_usart.o(.bss)
    uart1_rx                                 0x20004598   Data         128  bsp_usart.o(.bss)
    uart3_rx                                 0x20004618   Data         128  bsp_usart.o(.bss)
    HEAP                                     0x20004698   Section     1024  startup_stm32f407xx.o(HEAP)
    STACK                                    0x20004a98   Section     2048  startup_stm32f407xx.o(STACK)

    Global Symbols

    Symbol Name                              Value     Ov Type        Size  Object(Section)

    BuildAttributes$$THM_ISAv4$E$P$D$K$B$S$7EM$VFPi3$EXTD16$VFPS$VFMA$PE$A:L22UL41UL21$X:L11$S22US41US21$IEEE1$IW$USESV6$~STKCKD$USESV7$~SHL$OTIME$ROPI$IEEEX$EBA8$MICROLIB$REQ8$PRES8$EABIv2 0x00000000   Number         0  anon$$obj.o ABSOLUTE
    __ARM_use_no_argv                        0x00000000   Number         0  main.o ABSOLUTE
    __arm_fini_                               - Undefined Weak Reference
    __cpp_initialize__aeabi_                  - Undefined Weak Reference
    __cxa_finalize                            - Undefined Weak Reference
    _clock_init                               - Undefined Weak Reference
    _microlib_exit                            - Undefined Weak Reference
    __Vectors_Size                           0x00000188   Number         0  startup_stm32f407xx.o ABSOLUTE
    __Vectors                                0x08000000   Data           4  startup_stm32f407xx.o(RESET)
    __Vectors_End                            0x08000188   Data           0  startup_stm32f407xx.o(RESET)
    __main                                   0x08000189   Thumb Code     0  entry.o(.ARM.Collect$$$$00000000)
    _main_stk                                0x08000189   Thumb Code     0  entry2.o(.ARM.Collect$$$$00000001)
    _main_scatterload                        0x0800018d   Thumb Code     0  entry5.o(.ARM.Collect$$$$00000004)
    __main_after_scatterload                 0x08000191   Thumb Code     0  entry5.o(.ARM.Collect$$$$00000004)
    _main_clock                              0x08000191   Thumb Code     0  entry7b.o(.ARM.Collect$$$$00000008)
    _main_cpp_init                           0x08000191   Thumb Code     0  entry8b.o(.ARM.Collect$$$$0000000A)
    _main_init                               0x08000191   Thumb Code     0  entry9a.o(.ARM.Collect$$$$0000000B)
    __rt_lib_shutdown_fini                   0x08000199   Thumb Code     0  entry12b.o(.ARM.Collect$$$$0000000E)
    __rt_final_cpp                           0x0800019d   Thumb Code     0  entry10a.o(.ARM.Collect$$$$0000000F)
    __rt_final_exit                          0x0800019d   Thumb Code     0  entry11a.o(.ARM.Collect$$$$00000011)
    SVC_Handler                              0x080001a1   Thumb Code    28  port.o(.emb_text)
    __asm___6_port_c_39a90d8d__prvStartFirstTask 0x080001c1   Thumb Code    36  port.o(.emb_text)
    __asm___6_port_c_39a90d8d__prvEnableVFP  0x080001e9   Thumb Code    16  port.o(.emb_text)
    PendSV_Handler                           0x080001fd   Thumb Code    88  port.o(.emb_text)
    vPortGetIPSR                             0x08000259   Thumb Code     6  port.o(.emb_text)
    Reset_Handler                            0x08000261   Thumb Code     8  startup_stm32f407xx.o(.text)
    ADC_IRQHandler                           0x0800027b   Thumb Code     0  startup_stm32f407xx.o(.text)
    DCMI_IRQHandler                          0x0800027b   Thumb Code     0  startup_stm32f407xx.o(.text)
    DMA1_Stream0_IRQHandler                  0x0800027b   Thumb Code     0  startup_stm32f407xx.o(.text)
    DMA1_Stream2_IRQHandler                  0x0800027b   Thumb Code     0  startup_stm32f407xx.o(.text)
    DMA1_Stream3_IRQHandler                  0x0800027b   Thumb Code     0  startup_stm32f407xx.o(.text)
    DMA1_Stream4_IRQHandler                  0x0800027b   Thumb Code     0  startup_stm32f407xx.o(.text)
    DMA1_Stream5_IRQHandler                  0x0800027b   Thumb Code     0  startup_stm32f407xx.o(.text)
    DMA1_Stream6_IRQHandler                  0x0800027b   Thumb Code     0  startup_stm32f407xx.o(.text)
    DMA1_Stream7_IRQHandler                  0x0800027b   Thumb Code     0  startup_stm32f407xx.o(.text)
    DMA2_Stream0_IRQHandler                  0x0800027b   Thumb Code     0  startup_stm32f407xx.o(.text)
    DMA2_Stream1_IRQHandler                  0x0800027b   Thumb Code     0  startup_stm32f407xx.o(.text)
    DMA2_Stream3_IRQHandler                  0x0800027b   Thumb Code     0  startup_stm32f407xx.o(.text)
    DMA2_Stream4_IRQHandler                  0x0800027b   Thumb Code     0  startup_stm32f407xx.o(.text)
    DMA2_Stream5_IRQHandler                  0x0800027b   Thumb Code     0  startup_stm32f407xx.o(.text)
    DMA2_Stream6_IRQHandler                  0x0800027b   Thumb Code     0  startup_stm32f407xx.o(.text)
    DMA2_Stream7_IRQHandler                  0x0800027b   Thumb Code     0  startup_stm32f407xx.o(.text)
    ETH_IRQHandler                           0x0800027b   Thumb Code     0  startup_stm32f407xx.o(.text)
    ETH_WKUP_IRQHandler                      0x0800027b   Thumb Code     0  startup_stm32f407xx.o(.text)
    EXTI0_IRQHandler                         0x0800027b   Thumb Code     0  startup_stm32f407xx.o(.text)
    EXTI15_10_IRQHandler                     0x0800027b   Thumb Code     0  startup_stm32f407xx.o(.text)
    EXTI1_IRQHandler                         0x0800027b   Thumb Code     0  startup_stm32f407xx.o(.text)
    EXTI2_IRQHandler                         0x0800027b   Thumb Code     0  startup_stm32f407xx.o(.text)
    EXTI3_IRQHandler                         0x0800027b   Thumb Code     0  startup_stm32f407xx.o(.text)
    EXTI4_IRQHandler                         0x0800027b   Thumb Code     0  startup_stm32f407xx.o(.text)
    EXTI9_5_IRQHandler                       0x0800027b   Thumb Code     0  startup_stm32f407xx.o(.text)
    FLASH_IRQHandler                         0x0800027b   Thumb Code     0  startup_stm32f407xx.o(.text)
    FMC_IRQHandler                           0x0800027b   Thumb Code     0  startup_stm32f407xx.o(.text)
    FPU_IRQHandler                           0x0800027b   Thumb Code     0  startup_stm32f407xx.o(.text)
    HASH_RNG_IRQHandler                      0x0800027b   Thumb Code     0  startup_stm32f407xx.o(.text)
    I2C1_ER_IRQHandler                       0x0800027b   Thumb Code     0  startup_stm32f407xx.o(.text)
    I2C1_EV_IRQHandler                       0x0800027b   Thumb Code     0  startup_stm32f407xx.o(.text)
    I2C2_ER_IRQHandler                       0x0800027b   Thumb Code     0  startup_stm32f407xx.o(.text)
    I2C2_EV_IRQHandler                       0x0800027b   Thumb Code     0  startup_stm32f407xx.o(.text)
    I2C3_ER_IRQHandler                       0x0800027b   Thumb Code     0  startup_stm32f407xx.o(.text)
    I2C3_EV_IRQHandler                       0x0800027b   Thumb Code     0  startup_stm32f407xx.o(.text)
    OTG_FS_IRQHandler                        0x0800027b   Thumb Code     0  startup_stm32f407xx.o(.text)
    OTG_FS_WKUP_IRQHandler                   0x0800027b   Thumb Code     0  startup_stm32f407xx.o(.text)
    OTG_HS_EP1_IN_IRQHandler                 0x0800027b   Thumb Code     0  startup_stm32f407xx.o(.text)
    OTG_HS_EP1_OUT_IRQHandler                0x0800027b   Thumb Code     0  startup_stm32f407xx.o(.text)
    OTG_HS_IRQHandler                        0x0800027b   Thumb Code     0  startup_stm32f407xx.o(.text)
    OTG_HS_WKUP_IRQHandler                   0x0800027b   Thumb Code     0  startup_stm32f407xx.o(.text)
    PVD_IRQHandler                           0x0800027b   Thumb Code     0  startup_stm32f407xx.o(.text)
    RCC_IRQHandler                           0x0800027b   Thumb Code     0  startup_stm32f407xx.o(.text)
    RTC_Alarm_IRQHandler                     0x0800027b   Thumb Code     0  startup_stm32f407xx.o(.text)
    RTC_WKUP_IRQHandler                      0x0800027b   Thumb Code     0  startup_stm32f407xx.o(.text)
    SDIO_IRQHandler                          0x0800027b   Thumb Code     0  startup_stm32f407xx.o(.text)
    SPI1_IRQHandler                          0x0800027b   Thumb Code     0  startup_stm32f407xx.o(.text)
    SPI2_IRQHandler                          0x0800027b   Thumb Code     0  startup_stm32f407xx.o(.text)
    SPI3_IRQHandler                          0x0800027b   Thumb Code     0  startup_stm32f407xx.o(.text)
    TAMP_STAMP_IRQHandler                    0x0800027b   Thumb Code     0  startup_stm32f407xx.o(.text)
    TIM1_BRK_TIM9_IRQHandler                 0x0800027b   Thumb Code     0  startup_stm32f407xx.o(.text)
    TIM1_CC_IRQHandler                       0x0800027b   Thumb Code     0  startup_stm32f407xx.o(.text)
    TIM1_TRG_COM_TIM11_IRQHandler            0x0800027b   Thumb Code     0  startup_stm32f407xx.o(.text)
    TIM2_IRQHandler                          0x0800027b   Thumb Code     0  startup_stm32f407xx.o(.text)
    TIM3_IRQHandler                          0x0800027b   Thumb Code     0  startup_stm32f407xx.o(.text)
    TIM4_IRQHandler                          0x0800027b   Thumb Code     0  startup_stm32f407xx.o(.text)
    TIM5_IRQHandler                          0x0800027b   Thumb Code     0  startup_stm32f407xx.o(.text)
    TIM6_DAC_IRQHandler                      0x0800027b   Thumb Code     0  startup_stm32f407xx.o(.text)
    TIM7_IRQHandler                          0x0800027b   Thumb Code     0  startup_stm32f407xx.o(.text)
    TIM8_BRK_TIM12_IRQHandler                0x0800027b   Thumb Code     0  startup_stm32f407xx.o(.text)
    TIM8_CC_IRQHandler                       0x0800027b   Thumb Code     0  startup_stm32f407xx.o(.text)
    TIM8_TRG_COM_TIM14_IRQHandler            0x0800027b   Thumb Code     0  startup_stm32f407xx.o(.text)
    TIM8_UP_TIM13_IRQHandler                 0x0800027b   Thumb Code     0  startup_stm32f407xx.o(.text)
    UART4_IRQHandler                         0x0800027b   Thumb Code     0  startup_stm32f407xx.o(.text)
    UART5_IRQHandler                         0x0800027b   Thumb Code     0  startup_stm32f407xx.o(.text)
    USART2_IRQHandler                        0x0800027b   Thumb Code     0  startup_stm32f407xx.o(.text)
    USART6_IRQHandler                        0x0800027b   Thumb Code     0  startup_stm32f407xx.o(.text)
    WWDG_IRQHandler                          0x0800027b   Thumb Code     0  startup_stm32f407xx.o(.text)
    __aeabi_uldivmod                         0x08000285   Thumb Code    98  uldiv.o(.text)
    __aeabi_llsl                             0x080002e7   Thumb Code    30  llshl.o(.text)
    _ll_shift_l                              0x080002e7   Thumb Code     0  llshl.o(.text)
    __aeabi_lasr                             0x08000305   Thumb Code    36  llsshr.o(.text)
    _ll_sshift_r                             0x08000305   Thumb Code     0  llsshr.o(.text)
    __aeabi_memcpy                           0x08000329   Thumb Code    36  memcpya.o(.text)
    __aeabi_memcpy4                          0x08000329   Thumb Code     0  memcpya.o(.text)
    __aeabi_memcpy8                          0x08000329   Thumb Code     0  memcpya.o(.text)
    __aeabi_memset                           0x0800034d   Thumb Code    14  memseta.o(.text)
    __aeabi_memset4                          0x0800034d   Thumb Code     0  memseta.o(.text)
    __aeabi_memset8                          0x0800034d   Thumb Code     0  memseta.o(.text)
    __aeabi_memclr                           0x0800035b   Thumb Code     4  memseta.o(.text)
    __aeabi_memclr4                          0x0800035b   Thumb Code     0  memseta.o(.text)
    __aeabi_memclr8                          0x0800035b   Thumb Code     0  memseta.o(.text)
    memset                                   0x0800035f   Thumb Code    18  memseta.o(.text)
    __aeabi_dadd                             0x08000371   Thumb Code   322  dadd.o(.text)
    __aeabi_dsub                             0x080004b3   Thumb Code     6  dadd.o(.text)
    __aeabi_drsub                            0x080004b9   Thumb Code     6  dadd.o(.text)
    __aeabi_dmul                             0x080004bf   Thumb Code   228  dmul.o(.text)
    __aeabi_ddiv                             0x080005a3   Thumb Code   222  ddiv.o(.text)
    __aeabi_l2f                              0x08000681   Thumb Code    44  ffltl.o(.text)
    __aeabi_i2d                              0x080006ad   Thumb Code    34  dflti.o(.text)
    __aeabi_f2d                              0x080006cf   Thumb Code    38  f2d.o(.text)
    __aeabi_cdrcmple                         0x080006f5   Thumb Code    48  cdrcmple.o(.text)
    __aeabi_d2f                              0x08000725   Thumb Code    56  d2f.o(.text)
    __aeabi_llsr                             0x0800075d   Thumb Code    32  llushr.o(.text)
    _ll_ushift_r                             0x0800075d   Thumb Code     0  llushr.o(.text)
    __I$use$fp                               0x0800077d   Thumb Code     0  iusefp.o(.text)
    _float_round                             0x0800077d   Thumb Code    18  fepilogue.o(.text)
    _float_epilogue                          0x0800078f   Thumb Code    92  fepilogue.o(.text)
    _double_round                            0x080007eb   Thumb Code    30  depilogue.o(.text)
    _double_epilogue                         0x08000809   Thumb Code   156  depilogue.o(.text)
    __ARM_scalbn                             0x080008a5   Thumb Code    46  dscalb.o(.text)
    scalbn                                   0x080008a5   Thumb Code     0  dscalb.o(.text)
    _dsqrt                                   0x080008d3   Thumb Code   162  dsqrt.o(.text)
    __scatterload                            0x08000975   Thumb Code    28  init.o(.text)
    __scatterload_rt2                        0x08000975   Thumb Code     0  init.o(.text)
    __I$use$semihosting$fputc                0x08000999   Thumb Code     0  iusesemip.o(.text)
    __decompress                             0x08000999   Thumb Code     0  __dczerorl2.o(.text)
    __decompress1                            0x08000999   Thumb Code    86  __dczerorl2.o(.text)
    __semihosting_library_function           0x08000999   Thumb Code     0  semi.o(.text)
    BusFault_Handler                         0x080009ef   Thumb Code     4  stm32f4xx_it.o(i.BusFault_Handler)
    CAN1_RX0_IRQHandler                      0x080009f5   Thumb Code    10  stm32f4xx_it.o(i.CAN1_RX0_IRQHandler)
    CAN1_RX1_IRQHandler                      0x08000a05   Thumb Code    10  stm32f4xx_it.o(i.CAN1_RX1_IRQHandler)
    CAN1_SCE_IRQHandler                      0x08000a15   Thumb Code    10  stm32f4xx_it.o(i.CAN1_SCE_IRQHandler)
    CAN1_TX_IRQHandler                       0x08000a25   Thumb Code    10  stm32f4xx_it.o(i.CAN1_TX_IRQHandler)
    CAN2_RX0_IRQHandler                      0x08000a35   Thumb Code    10  stm32f4xx_it.o(i.CAN2_RX0_IRQHandler)
    CAN2_RX1_IRQHandler                      0x08000a45   Thumb Code    10  stm32f4xx_it.o(i.CAN2_RX1_IRQHandler)
    CAN2_SCE_IRQHandler                      0x08000a55   Thumb Code    10  stm32f4xx_it.o(i.CAN2_SCE_IRQHandler)
    CAN2_TX_IRQHandler                       0x08000a65   Thumb Code    10  stm32f4xx_it.o(i.CAN2_TX_IRQHandler)
    Can_CallBack                             0x08000a75   Thumb Code   112  bsp_can.o(i.Can_CallBack)
    Can_Register                             0x08000b01   Thumb Code    90  bsp_can.o(i.Can_Register)
    Can_Start                                0x08000b6d   Thumb Code    86  bsp_can.o(i.Can_Start)
    Can_TxAssist                             0x08000bcd   Thumb Code    48  bsp_can.o(i.Can_TxAssist)
    Can_TxMessage                            0x08000c19   Thumb Code    46  bsp_can.o(i.Can_TxMessage)
    Chassis_Register                         0x08000c5d   Thumb Code    90  chassis.o(i.Chassis_Register)
    Comm_Regsiter                            0x08000cbd   Thumb Code    98  command.o(i.Comm_Regsiter)
    Comm_init                                0x08000d25   Thumb Code    40  command.o(i.Comm_init)
    DJIMotor_InputDcode                      0x08000d51   Thumb Code   314  dji_motor.o(i.DJIMotor_InputDcode)
    DJIMotor_Register                        0x08000ec9   Thumb Code    90  dji_motor.o(i.DJIMotor_Register)
    DJIMotor_Sendassis                       0x08000f69   Thumb Code    38  dji_motor.o(i.DJIMotor_Sendassis)
    DJIMotor_settxbuff                       0x08000fa5   Thumb Code   568  dji_motor.o(i.DJIMotor_settxbuff)
    DMA1_Stream1_IRQHandler                  0x080011f5   Thumb Code    10  stm32f4xx_it.o(i.DMA1_Stream1_IRQHandler)
    DMA2_Stream2_IRQHandler                  0x08001205   Thumb Code    10  stm32f4xx_it.o(i.DMA2_Stream2_IRQHandler)
    DebugMon_Handler                         0x0800131f   Thumb Code     2  stm32f4xx_it.o(i.DebugMon_Handler)
    Error_Handler                            0x08001321   Thumb Code     6  main.o(i.Error_Handler)
    Gimbal_Register                          0x08001329   Thumb Code    72  gimbal.o(i.Gimbal_Register)
    HAL_CAN_ActivateNotification             0x08001375   Thumb Code    42  stm32f4xx_hal_can.o(i.HAL_CAN_ActivateNotification)
    HAL_CAN_AddTxMessage                     0x0800139f   Thumb Code   330  stm32f4xx_hal_can.o(i.HAL_CAN_AddTxMessage)
    HAL_CAN_ConfigFilter                     0x080014e9   Thumb Code   284  stm32f4xx_hal_can.o(i.HAL_CAN_ConfigFilter)
    HAL_CAN_ErrorCallback                    0x08001609   Thumb Code     2  stm32f4xx_hal_can.o(i.HAL_CAN_ErrorCallback)
    HAL_CAN_GetRxMessage                     0x0800160b   Thumb Code   404  stm32f4xx_hal_can.o(i.HAL_CAN_GetRxMessage)
    HAL_CAN_IRQHandler                       0x0800179f   Thumb Code   590  stm32f4xx_hal_can.o(i.HAL_CAN_IRQHandler)
    HAL_CAN_Init                             0x080019ed   Thumb Code   372  stm32f4xx_hal_can.o(i.HAL_CAN_Init)
    HAL_CAN_MspInit                          0x08001b61   Thumb Code   424  can.o(i.HAL_CAN_MspInit)
    HAL_CAN_RxFifo0FullCallback              0x08001d21   Thumb Code     2  stm32f4xx_hal_can.o(i.HAL_CAN_RxFifo0FullCallback)
    HAL_CAN_RxFifo0MsgPendingCallback        0x08001d25   Thumb Code    26  bsp_can.o(i.HAL_CAN_RxFifo0MsgPendingCallback)
    HAL_CAN_RxFifo1FullCallback              0x08001d55   Thumb Code     2  stm32f4xx_hal_can.o(i.HAL_CAN_RxFifo1FullCallback)
    HAL_CAN_RxFifo1MsgPendingCallback        0x08001d57   Thumb Code     2  stm32f4xx_hal_can.o(i.HAL_CAN_RxFifo1MsgPendingCallback)
    HAL_CAN_SleepCallback                    0x08001d59   Thumb Code     2  stm32f4xx_hal_can.o(i.HAL_CAN_SleepCallback)
    HAL_CAN_Start                            0x08001d5b   Thumb Code    94  stm32f4xx_hal_can.o(i.HAL_CAN_Start)
    HAL_CAN_TxMailbox0AbortCallback          0x08001db9   Thumb Code     2  stm32f4xx_hal_can.o(i.HAL_CAN_TxMailbox0AbortCallback)
    HAL_CAN_TxMailbox0CompleteCallback       0x08001dbb   Thumb Code     2  stm32f4xx_hal_can.o(i.HAL_CAN_TxMailbox0CompleteCallback)
    HAL_CAN_TxMailbox1AbortCallback          0x08001dbd   Thumb Code     2  stm32f4xx_hal_can.o(i.HAL_CAN_TxMailbox1AbortCallback)
    HAL_CAN_TxMailbox1CompleteCallback       0x08001dbf   Thumb Code     2  stm32f4xx_hal_can.o(i.HAL_CAN_TxMailbox1CompleteCallback)
    HAL_CAN_TxMailbox2AbortCallback          0x08001dc1   Thumb Code     2  stm32f4xx_hal_can.o(i.HAL_CAN_TxMailbox2AbortCallback)
    HAL_CAN_TxMailbox2CompleteCallback       0x08001dc3   Thumb Code     2  stm32f4xx_hal_can.o(i.HAL_CAN_TxMailbox2CompleteCallback)
    HAL_CAN_WakeUpFromRxMsgCallback          0x08001dc5   Thumb Code     2  stm32f4xx_hal_can.o(i.HAL_CAN_WakeUpFromRxMsgCallback)
    HAL_DMA_IRQHandler                       0x08001dc9   Thumb Code   570  stm32f4xx_hal_dma.o(i.HAL_DMA_IRQHandler)
    HAL_DMA_Init                             0x08002009   Thumb Code   232  stm32f4xx_hal_dma.o(i.HAL_DMA_Init)
    HAL_DMA_Start_IT                         0x080020f5   Thumb Code   146  stm32f4xx_hal_dma.o(i.HAL_DMA_Start_IT)
    HAL_GPIO_Init                            0x08002189   Thumb Code   454  stm32f4xx_hal_gpio.o(i.HAL_GPIO_Init)
    HAL_GPIO_TogglePin                       0x0800237d   Thumb Code    20  stm32f4xx_hal_gpio.o(i.HAL_GPIO_TogglePin)
    HAL_GPIO_WritePin                        0x08002391   Thumb Code    12  stm32f4xx_hal_gpio.o(i.HAL_GPIO_WritePin)
    HAL_GetTick                              0x0800239d   Thumb Code     6  stm32f4xx_hal.o(i.HAL_GetTick)
    HAL_IncTick                              0x080023a9   Thumb Code    16  stm32f4xx_hal.o(i.HAL_IncTick)
    HAL_Init                                 0x080023c1   Thumb Code    54  stm32f4xx_hal.o(i.HAL_Init)
    HAL_InitTick                             0x080023fd   Thumb Code   140  stm32f4xx_hal_timebase_tim.o(i.HAL_InitTick)
    HAL_MspInit                              0x0800249d   Thumb Code    78  stm32f4xx_hal_msp.o(i.HAL_MspInit)
    HAL_NVIC_EnableIRQ                       0x080024f1   Thumb Code    40  stm32f4xx_hal_cortex.o(i.HAL_NVIC_EnableIRQ)
    HAL_NVIC_SetPriority                     0x08002519   Thumb Code   124  stm32f4xx_hal_cortex.o(i.HAL_NVIC_SetPriority)
    HAL_NVIC_SetPriorityGrouping             0x08002595   Thumb Code    32  stm32f4xx_hal_cortex.o(i.HAL_NVIC_SetPriorityGrouping)
    HAL_RCC_ClockConfig                      0x080025bd   Thumb Code   368  stm32f4xx_hal_rcc.o(i.HAL_RCC_ClockConfig)
    HAL_RCC_GetClockConfig                   0x08002741   Thumb Code    58  stm32f4xx_hal_rcc.o(i.HAL_RCC_GetClockConfig)
    HAL_RCC_GetHCLKFreq                      0x08002785   Thumb Code     6  stm32f4xx_hal_rcc.o(i.HAL_RCC_GetHCLKFreq)
    HAL_RCC_GetPCLK1Freq                     0x08002791   Thumb Code    22  stm32f4xx_hal_rcc.o(i.HAL_RCC_GetPCLK1Freq)
    HAL_RCC_GetPCLK2Freq                     0x080027b1   Thumb Code    22  stm32f4xx_hal_rcc.o(i.HAL_RCC_GetPCLK2Freq)
    HAL_RCC_GetSysClockFreq                  0x080027d1   Thumb Code   162  stm32f4xx_hal_rcc.o(i.HAL_RCC_GetSysClockFreq)
    HAL_RCC_OscConfig                        0x08002881   Thumb Code  1172  stm32f4xx_hal_rcc.o(i.HAL_RCC_OscConfig)
    HAL_TIMEx_BreakCallback                  0x08002d1d   Thumb Code     2  stm32f4xx_hal_tim_ex.o(i.HAL_TIMEx_BreakCallback)
    HAL_TIMEx_CommutCallback                 0x08002d1f   Thumb Code     2  stm32f4xx_hal_tim_ex.o(i.HAL_TIMEx_CommutCallback)
    HAL_TIM_Base_Init                        0x08002d21   Thumb Code   102  stm32f4xx_hal_tim.o(i.HAL_TIM_Base_Init)
    HAL_TIM_Base_MspInit                     0x08002d87   Thumb Code     2  stm32f4xx_hal_tim.o(i.HAL_TIM_Base_MspInit)
    HAL_TIM_Base_Start_IT                    0x08002d89   Thumb Code   138  stm32f4xx_hal_tim.o(i.HAL_TIM_Base_Start_IT)
    HAL_TIM_IC_CaptureCallback               0x08002e31   Thumb Code     2  stm32f4xx_hal_tim.o(i.HAL_TIM_IC_CaptureCallback)
    HAL_TIM_IRQHandler                       0x08002e33   Thumb Code   364  stm32f4xx_hal_tim.o(i.HAL_TIM_IRQHandler)
    HAL_TIM_OC_DelayElapsedCallback          0x08002f9f   Thumb Code     2  stm32f4xx_hal_tim.o(i.HAL_TIM_OC_DelayElapsedCallback)
    HAL_TIM_PWM_PulseFinishedCallback        0x08002fa1   Thumb Code     2  stm32f4xx_hal_tim.o(i.HAL_TIM_PWM_PulseFinishedCallback)
    HAL_TIM_PeriodElapsedCallback            0x08002fa5   Thumb Code    18  main.o(i.HAL_TIM_PeriodElapsedCallback)
    HAL_TIM_TriggerCallback                  0x08002fbd   Thumb Code     2  stm32f4xx_hal_tim.o(i.HAL_TIM_TriggerCallback)
    HAL_UARTEx_ReceiveToIdle_DMA             0x08002fbf   Thumb Code   112  stm32f4xx_hal_uart.o(i.HAL_UARTEx_ReceiveToIdle_DMA)
    HAL_UARTEx_RxEventCallback               0x0800302f   Thumb Code     2  stm32f4xx_hal_uart.o(i.HAL_UARTEx_RxEventCallback)
    HAL_UART_ErrorCallback                   0x08003031   Thumb Code     2  stm32f4xx_hal_uart.o(i.HAL_UART_ErrorCallback)
    HAL_UART_IDLE_IRQHandler                 0x08003033   Thumb Code    22  bsp_usart.o(i.HAL_UART_IDLE_IRQHandler)
    HAL_UART_Init                            0x08003049   Thumb Code   118  stm32f4xx_hal_uart.o(i.HAL_UART_Init)
    HAL_UART_MspInit                         0x080030c1   Thumb Code   456  usart.o(i.HAL_UART_MspInit)
    HAL_UART_RxCpltCallback                  0x080032b1   Thumb Code     2  stm32f4xx_hal_uart.o(i.HAL_UART_RxCpltCallback)
    HAL_UART_RxHalfCpltCallback              0x080032b3   Thumb Code     2  stm32f4xx_hal_uart.o(i.HAL_UART_RxHalfCpltCallback)
    HAL_UART_Transmit                        0x080032b5   Thumb Code   190  stm32f4xx_hal_uart.o(i.HAL_UART_Transmit)
    HAL_UART_Transmit_DMA                    0x08003375   Thumb Code   144  stm32f4xx_hal_uart.o(i.HAL_UART_Transmit_DMA)
    HAL_UART_TxCpltCallback                  0x08003411   Thumb Code     2  stm32f4xx_hal_uart.o(i.HAL_UART_TxCpltCallback)
    HAL_UART_TxHalfCpltCallback              0x08003413   Thumb Code     2  stm32f4xx_hal_uart.o(i.HAL_UART_TxHalfCpltCallback)
    HardFault_Handler                        0x08003415   Thumb Code     4  stm32f4xx_it.o(i.HardFault_Handler)
    IMU_Dcode                                0x08003419   Thumb Code    86  imu.o(i.IMU_Dcode)
    IMU_Init                                 0x08003489   Thumb Code    78  imu.o(i.IMU_Init)
    MX_CAN1_Init                             0x080034fd   Thumb Code    66  can.o(i.MX_CAN1_Init)
    MX_CAN2_Init                             0x08003549   Thumb Code    58  can.o(i.MX_CAN2_Init)
    MX_DMA_Init                              0x0800358d   Thumb Code    98  dma.o(i.MX_DMA_Init)
    MX_FREERTOS_Init                         0x080035f5   Thumb Code    78  freertos.o(i.MX_FREERTOS_Init)
    MX_GPIO_Init                             0x08003655   Thumb Code   206  gpio.o(i.MX_GPIO_Init)
    MX_USART1_UART_Init                      0x0800372d   Thumb Code    46  usart.o(i.MX_USART1_UART_Init)
    MX_USART3_UART_Init                      0x08003765   Thumb Code    48  usart.o(i.MX_USART3_UART_Init)
    MemManage_Handler                        0x080037a1   Thumb Code     4  stm32f4xx_it.o(i.MemManage_Handler)
    Motor_Control                            0x080037a5   Thumb Code   448  motor.o(i.Motor_Control)
    Motor_Register                           0x08003971   Thumb Code   152  motor.o(i.Motor_Register)
    Motor_controlcase                        0x08003a45   Thumb Code    12  motor.o(i.Motor_controlcase)
    NMI_Handler                              0x08003a51   Thumb Code     4  stm32f4xx_it.o(i.NMI_Handler)
    Pid_DeadLine                             0x08003a55   Thumb Code   104  pid.o(i.Pid_DeadLine)
    Pid_IntegralLimit                        0x08003ac1   Thumb Code    90  pid.o(i.Pid_IntegralLimit)
    Pid_OutLimited                           0x08003b31   Thumb Code    80  pid.o(i.Pid_OutLimited)
    Pid_OutPut_LPC_RC                        0x08003b81   Thumb Code    66  pid.o(i.Pid_OutPut_LPC_RC)
    Shoot_Register                           0x08003be1   Thumb Code    70  shoot.o(i.Shoot_Register)
    StartDefaultTask                         0x08003c2d   Thumb Code    10  freertos.o(i.StartDefaultTask)
    StartTask02                              0x08003c39   Thumb Code    20  freertos.o(i.StartTask02)
    StartTask03                              0x08003c51   Thumb Code    14  freertos.o(i.StartTask03)
    SysTick_Handler                          0x08003c61   Thumb Code    46  port.o(i.SysTick_Handler)
    SystemClock_Config                       0x08003c95   Thumb Code   170  main.o(i.SystemClock_Config)
    SystemInit                               0x08003d49   Thumb Code    14  system_stm32f4xx.o(i.SystemInit)
    TIM1_UP_TIM10_IRQHandler                 0x08003d5d   Thumb Code    10  stm32f4xx_it.o(i.TIM1_UP_TIM10_IRQHandler)
    TIM_Base_SetConfig                       0x08003d6d   Thumb Code   178  stm32f4xx_hal_tim.o(i.TIM_Base_SetConfig)
    UART_Regiser                             0x0800406d   Thumb Code   144  bsp_usart.o(i.UART_Regiser)
    UART_Start_Receive_DMA                   0x08004371   Thumb Code   202  stm32f4xx_hal_uart.o(i.UART_Start_Receive_DMA)
    USART1_IRQHandler                        0x080044d5   Thumb Code    10  stm32f4xx_it.o(i.USART1_IRQHandler)
    USART3_IRQHandler                        0x080044e5   Thumb Code    10  stm32f4xx_it.o(i.USART3_IRQHandler)
    Uart_Dma_Callback                        0x080044f5   Thumb Code   478  bsp_usart.o(i.Uart_Dma_Callback)
    Uart_Dma_RxMsg                           0x080046e5   Thumb Code    56  bsp_usart.o(i.Uart_Dma_RxMsg)
    Uart_Dma_Trans                           0x0800471d   Thumb Code    46  bsp_usart.o(i.Uart_Dma_Trans)
    Uart_RxMsg                               0x08004765   Thumb Code     6  bsp_usart.o(i.Uart_RxMsg)
    Uart_Trans                               0x0800476d   Thumb Code    48  bsp_usart.o(i.Uart_Trans)
    UsageFault_Handler                       0x080047b5   Thumb Code     4  stm32f4xx_it.o(i.UsageFault_Handler)
    __0printf$bare                           0x080047b9   Thumb Code     8  printfb.o(i.__0printf$bare)
    __1printf$bare                           0x080047b9   Thumb Code     0  printfb.o(i.__0printf$bare)
    __2printf                                0x080047b9   Thumb Code     0  printfb.o(i.__0printf$bare)
    __ARM_fpclassify                         0x080047c9   Thumb Code    48  fpclassify.o(i.__ARM_fpclassify)
    __hardfp_pow                             0x08004831   Thumb Code  3072  pow.o(i.__hardfp_pow)
    __kernel_poly                            0x08005481   Thumb Code   248  poly.o(i.__kernel_poly)
    __mathlib_dbl_divzero                    0x08005579   Thumb Code    28  dunder.o(i.__mathlib_dbl_divzero)
    __mathlib_dbl_infnan2                    0x080055a9   Thumb Code    20  dunder.o(i.__mathlib_dbl_infnan2)
    __mathlib_dbl_invalid                    0x080055c1   Thumb Code    24  dunder.o(i.__mathlib_dbl_invalid)
    __mathlib_dbl_overflow                   0x080055e1   Thumb Code    24  dunder.o(i.__mathlib_dbl_overflow)
    __mathlib_dbl_underflow                  0x08005601   Thumb Code    24  dunder.o(i.__mathlib_dbl_underflow)
    __scatterload_copy                       0x08005621   Thumb Code    14  handlers.o(i.__scatterload_copy)
    __scatterload_null                       0x0800562f   Thumb Code     2  handlers.o(i.__scatterload_null)
    __scatterload_zeroinit                   0x08005631   Thumb Code    14  handlers.o(i.__scatterload_zeroinit)
    __set_errno                              0x08005641   Thumb Code     6  errno.o(i.__set_errno)
    char_2_float                             0x08005671   Thumb Code   222  imu.o(i.char_2_float)
    fabs                                     0x08005761   Thumb Code    24  fabs.o(i.fabs)
    fputc                                    0x08005779   Thumb Code    18  fputc.o(i.fputc)
    main                                     0x0800578b   Thumb Code    68  main.o(i.main)
    malloc                                   0x080057dd   Thumb Code    92  malloc.o(i.malloc)
    osKernelStart                            0x08005849   Thumb Code    10  cmsis_os.o(i.osKernelStart)
    osThreadCreate                           0x08005853   Thumb Code    94  cmsis_os.o(i.osThreadCreate)
    pid_calculate                            0x080058b1   Thumb Code   226  pid.o(i.pid_calculate)
    pvPortMalloc                             0x08005e29   Thumb Code   306  heap_4.o(i.pvPortMalloc)
    pxPortInitialiseStack                    0x08005f75   Thumb Code    38  port.o(i.pxPortInitialiseStack)
    remote_dcode                             0x08005fa1   Thumb Code   228  remote.o(i.remote_dcode)
    remote_register                          0x08006095   Thumb Code    64  remote.o(i.remote_register)
    sqrt                                     0x080060f1   Thumb Code   110  sqrt.o(i.sqrt)
    uxListRemove                             0x0800615f   Thumb Code    40  list.o(i.uxListRemove)
    vApplicationGetIdleTaskMemory            0x08006189   Thumb Code    14  freertos.o(i.vApplicationGetIdleTaskMemory)
    vListInitialise                          0x080061a1   Thumb Code    26  list.o(i.vListInitialise)
    vListInitialiseItem                      0x080061bb   Thumb Code     6  list.o(i.vListInitialiseItem)
    vListInsert                              0x080061c1   Thumb Code    52  list.o(i.vListInsert)
    vListInsertEnd                           0x080061f5   Thumb Code    24  list.o(i.vListInsertEnd)
    vPortEnterCritical                       0x0800620d   Thumb Code    76  port.o(i.vPortEnterCritical)
    vPortExitCritical                        0x08006261   Thumb Code    56  port.o(i.vPortExitCritical)
    vPortFree                                0x0800629d   Thumb Code   150  heap_4.o(i.vPortFree)
    vPortSetupTimerInterrupt                 0x08006341   Thumb Code    36  port.o(i.vPortSetupTimerInterrupt)
    vTaskDelay                               0x08006369   Thumb Code    82  tasks.o(i.vTaskDelay)
    vTaskStartScheduler                      0x080063c5   Thumb Code   146  tasks.o(i.vTaskStartScheduler)
    vTaskSuspendAll                          0x08006475   Thumb Code    12  tasks.o(i.vTaskSuspendAll)
    vTaskSwitchContext                       0x08006485   Thumb Code   118  tasks.o(i.vTaskSwitchContext)
    xPortStartScheduler                      0x08006511   Thumb Code   330  port.o(i.xPortStartScheduler)
    xTaskCreate                              0x08006679   Thumb Code   100  tasks.o(i.xTaskCreate)
    xTaskCreateStatic                        0x080066dd   Thumb Code   186  tasks.o(i.xTaskCreateStatic)
    xTaskIncrementTick                       0x08006799   Thumb Code   282  tasks.o(i.xTaskIncrementTick)
    xTaskResumeAll                           0x080068e1   Thumb Code   224  tasks.o(i.xTaskResumeAll)
    AHBPrescTable                            0x08006a40   Data          16  system_stm32f4xx.o(.constdata)
    APBPrescTable                            0x08006a50   Data           8  system_stm32f4xx.o(.constdata)
    __mathlib_zero                           0x080079a0   Data           8  qnan.o(.constdata)
    Region$$Table$$Base                      0x080079cc   Number         0  anon$$obj.o(Region$$Table)
    Region$$Table$$Limit                     0x080079ec   Number         0  anon$$obj.o(Region$$Table)
    defaultTaskHandle                        0x20000000   Data           4  freertos.o(.data)
    myTask02Handle                           0x20000004   Data           4  freertos.o(.data)
    myTask03Handle                           0x20000008   Data           4  freertos.o(.data)
    uwTick                                   0x20000010   Data           4  stm32f4xx_hal.o(.data)
    uwTickPrio                               0x20000014   Data           4  stm32f4xx_hal.o(.data)
    uwTickFreq                               0x20000018   Data           1  stm32f4xx_hal.o(.data)
    SystemCoreClock                          0x2000001c   Data           4  system_stm32f4xx.o(.data)
    pxCurrentTCB                             0x20000020   Data           4  tasks.o(.data)
    chassis_instance                         0x20000088   Data           4  chassis.o(.data)
    comm_instance                            0x2000008c   Data           4  command.o(.data)
    gimbal_instance                          0x20000090   Data           4  gimbal.o(.data)
    shoot_instance                           0x20000094   Data           4  shoot.o(.data)
    DJIMOTOR20_txhead                        0x2000009c   Data          24  dji_motor.o(.data)
    DJIMOTOR1F_txhead                        0x200000b4   Data          24  dji_motor.o(.data)
    DJIMOTOR2F_txhead                        0x200000cc   Data          24  dji_motor.o(.data)
    tx_buffcase                              0x20000110   Data           8  dji_motor.o(.data)
    tx_buff20                                0x20000118   Data           8  dji_motor.o(.data)
    tx_buff1f                                0x20000120   Data           8  dji_motor.o(.data)
    tx_buff2f                                0x20000128   Data           8  dji_motor.o(.data)
    rspeed_case                              0x20000130   Data           4  dji_motor.o(.data)
    current_case_in                          0x20000134   Data           4  dji_motor.o(.data)
    current_case_out                         0x20000138   Data           4  dji_motor.o(.data)
    DJI_configcase                           0x20000144   Data          44  motor.o(.data)
    motor_configcase                         0x20000170   Data         416  motor.o(.data)
    uart_config                              0x2000031c   Data          20  remote.o(.data)
    __stdout                                 0x20000338   Data           4  stdout.o(.data)
    __microlib_freelist                      0x2000033c   Data           4  mvars.o(.data)
    __microlib_freelist_initialised          0x20000340   Data           4  mvars.o(.data)
    hcan1                                    0x2000059c   Data          40  can.o(.bss)
    hcan2                                    0x200005c4   Data          40  can.o(.bss)
    huart1                                   0x200005ec   Data          72  usart.o(.bss)
    huart3                                   0x20000634   Data          72  usart.o(.bss)
    hdma_usart1_rx                           0x2000067c   Data          96  usart.o(.bss)
    hdma_usart3_rx                           0x200006dc   Data          96  usart.o(.bss)
    htim1                                    0x2000073c   Data          72  stm32f4xx_hal_timebase_tim.o(.bss)
    DJIMotor_instances                       0x20004474   Data          60  dji_motor.o(.bss)
    imu_instances                            0x200044b0   Data          12  imu.o(.bss)
    motor_instances                          0x200044bc   Data          60  motor.o(.bss)
    remote_instances                         0x2000450c   Data          20  remote.o(.bss)
    can_instances                            0x20004520   Data          80  bsp_can.o(.bss)
    uart_instances                           0x20004570   Data          40  bsp_usart.o(.bss)
    __heap_base                              0x20004698   Data           0  startup_stm32f407xx.o(HEAP)
    __heap_limit                             0x20004a98   Data           0  startup_stm32f407xx.o(HEAP)
    __initial_sp                             0x20005298   Data           0  startup_stm32f407xx.o(STACK)



==============================================================================

Memory Map of the image

  Image Entry point : 0x08000189

  Load Region LR_IROM1 (Base: 0x08000000, Size: 0x00007d34, Max: 0x00100000, ABSOLUTE, COMPRESSED[0x00007a74])

    Execution Region ER_IROM1 (Exec base: 0x08000000, Load base: 0x08000000, Size: 0x000079ec, Max: 0x00100000, ABSOLUTE)

    Exec Addr    Load Addr    Size         Type   Attr      Idx    E Section Name        Object

    0x08000000   0x08000000   0x00000188   Data   RO            3    RESET               startup_stm32f407xx.o
    0x08000188   0x08000188   0x00000000   Code   RO        10457  * .ARM.Collect$$$$00000000  mc_w.l(entry.o)
    0x08000188   0x08000188   0x00000004   Code   RO        10823    .ARM.Collect$$$$00000001  mc_w.l(entry2.o)
    0x0800018c   0x0800018c   0x00000004   Code   RO        10826    .ARM.Collect$$$$00000004  mc_w.l(entry5.o)
    0x08000190   0x08000190   0x00000000   Code   RO        10828    .ARM.Collect$$$$00000008  mc_w.l(entry7b.o)
    0x08000190   0x08000190   0x00000000   Code   RO        10830    .ARM.Collect$$$$0000000A  mc_w.l(entry8b.o)
    0x08000190   0x08000190   0x00000008   Code   RO        10831    .ARM.Collect$$$$0000000B  mc_w.l(entry9a.o)
    0x08000198   0x08000198   0x00000004   Code   RO        10838    .ARM.Collect$$$$0000000E  mc_w.l(entry12b.o)
    0x0800019c   0x0800019c   0x00000000   Code   RO        10833    .ARM.Collect$$$$0000000F  mc_w.l(entry10a.o)
    0x0800019c   0x0800019c   0x00000000   Code   RO        10835    .ARM.Collect$$$$00000011  mc_w.l(entry11a.o)
    0x0800019c   0x0800019c   0x00000004   Code   RO        10824    .ARM.Collect$$$$00002712  mc_w.l(entry2.o)
    0x080001a0   0x080001a0   0x000000be   Code   RO         4830    .emb_text           port.o
    0x0800025e   0x0800025e   0x00000002   PAD
    0x08000260   0x08000260   0x00000024   Code   RO            4    .text               startup_stm32f407xx.o
    0x08000284   0x08000284   0x00000062   Code   RO        10460    .text               mc_w.l(uldiv.o)
    0x080002e6   0x080002e6   0x0000001e   Code   RO        10464    .text               mc_w.l(llshl.o)
    0x08000304   0x08000304   0x00000024   Code   RO        10466    .text               mc_w.l(llsshr.o)
    0x08000328   0x08000328   0x00000024   Code   RO        10468    .text               mc_w.l(memcpya.o)
    0x0800034c   0x0800034c   0x00000024   Code   RO        10472    .text               mc_w.l(memseta.o)
    0x08000370   0x08000370   0x0000014e   Code   RO        10764    .text               mf_w.l(dadd.o)
    0x080004be   0x080004be   0x000000e4   Code   RO        10766    .text               mf_w.l(dmul.o)
    0x080005a2   0x080005a2   0x000000de   Code   RO        10768    .text               mf_w.l(ddiv.o)
    0x08000680   0x08000680   0x0000002c   Code   RO        10772    .text               mf_w.l(ffltl.o)
    0x080006ac   0x080006ac   0x00000022   Code   RO        10774    .text               mf_w.l(dflti.o)
    0x080006ce   0x080006ce   0x00000026   Code   RO        10780    .text               mf_w.l(f2d.o)
    0x080006f4   0x080006f4   0x00000030   Code   RO        10784    .text               mf_w.l(cdrcmple.o)
    0x08000724   0x08000724   0x00000038   Code   RO        10786    .text               mf_w.l(d2f.o)
    0x0800075c   0x0800075c   0x00000020   Code   RO        10844    .text               mc_w.l(llushr.o)
    0x0800077c   0x0800077c   0x00000000   Code   RO        10855    .text               mc_w.l(iusefp.o)
    0x0800077c   0x0800077c   0x0000006e   Code   RO        10856    .text               mf_w.l(fepilogue.o)
    0x080007ea   0x080007ea   0x000000ba   Code   RO        10858    .text               mf_w.l(depilogue.o)
    0x080008a4   0x080008a4   0x0000002e   Code   RO        10860    .text               mf_w.l(dscalb.o)
    0x080008d2   0x080008d2   0x000000a2   Code   RO        10862    .text               mf_w.l(dsqrt.o)
    0x08000974   0x08000974   0x00000024   Code   RO        10868    .text               mc_w.l(init.o)
    0x08000998   0x08000998   0x00000000   Code   RO        10870    .text               mc_w.l(semi.o)
    0x08000998   0x08000998   0x00000000   Code   RO        10871    .text               mc_w.l(iusesemip.o)
    0x08000998   0x08000998   0x00000056   Code   RO        10880    .text               mc_w.l(__dczerorl2.o)
    0x080009ee   0x080009ee   0x00000004   Code   RO          557    i.BusFault_Handler  stm32f4xx_it.o
    0x080009f2   0x080009f2   0x00000002   PAD
    0x080009f4   0x080009f4   0x00000010   Code   RO          558    i.CAN1_RX0_IRQHandler  stm32f4xx_it.o
    0x08000a04   0x08000a04   0x00000010   Code   RO          559    i.CAN1_RX1_IRQHandler  stm32f4xx_it.o
    0x08000a14   0x08000a14   0x00000010   Code   RO          560    i.CAN1_SCE_IRQHandler  stm32f4xx_it.o
    0x08000a24   0x08000a24   0x00000010   Code   RO          561    i.CAN1_TX_IRQHandler  stm32f4xx_it.o
    0x08000a34   0x08000a34   0x00000010   Code   RO          562    i.CAN2_RX0_IRQHandler  stm32f4xx_it.o
    0x08000a44   0x08000a44   0x00000010   Code   RO          563    i.CAN2_RX1_IRQHandler  stm32f4xx_it.o
    0x08000a54   0x08000a54   0x00000010   Code   RO          564    i.CAN2_SCE_IRQHandler  stm32f4xx_it.o
    0x08000a64   0x08000a64   0x00000010   Code   RO          565    i.CAN2_TX_IRQHandler  stm32f4xx_it.o
    0x08000a74   0x08000a74   0x0000008c   Code   RO         5412    i.Can_CallBack      bsp_can.o
    0x08000b00   0x08000b00   0x0000006c   Code   RO         5414    i.Can_Register      bsp_can.o
    0x08000b6c   0x08000b6c   0x00000060   Code   RO         5415    i.Can_Start         bsp_can.o
    0x08000bcc   0x08000bcc   0x0000004c   Code   RO         5416    i.Can_TxAssist      bsp_can.o
    0x08000c18   0x08000c18   0x00000044   Code   RO         5417    i.Can_TxMessage     bsp_can.o
    0x08000c5c   0x08000c5c   0x00000060   Code   RO         4911    i.Chassis_Register  chassis.o
    0x08000cbc   0x08000cbc   0x00000068   Code   RO         4961    i.Comm_Regsiter     command.o
    0x08000d24   0x08000d24   0x0000002c   Code   RO         4962    i.Comm_init         command.o
    0x08000d50   0x08000d50   0x00000178   Code   RO         5101    i.DJIMotor_InputDcode  dji_motor.o
    0x08000ec8   0x08000ec8   0x000000a0   Code   RO         5104    i.DJIMotor_Register  dji_motor.o
    0x08000f68   0x08000f68   0x0000003c   Code   RO         5105    i.DJIMotor_Sendassis  dji_motor.o
    0x08000fa4   0x08000fa4   0x00000250   Code   RO         5108    i.DJIMotor_settxbuff  dji_motor.o
    0x080011f4   0x080011f4   0x00000010   Code   RO          566    i.DMA1_Stream1_IRQHandler  stm32f4xx_it.o
    0x08001204   0x08001204   0x00000010   Code   RO          567    i.DMA2_Stream2_IRQHandler  stm32f4xx_it.o
    0x08001214   0x08001214   0x00000034   Code   RO         1502    i.DMA_CalcBaseAndBitshift  stm32f4xx_hal_dma.o
    0x08001248   0x08001248   0x000000aa   Code   RO         1503    i.DMA_CheckFifoParam  stm32f4xx_hal_dma.o
    0x080012f2   0x080012f2   0x0000002c   Code   RO         1504    i.DMA_SetConfig     stm32f4xx_hal_dma.o
    0x0800131e   0x0800131e   0x00000002   Code   RO          568    i.DebugMon_Handler  stm32f4xx_it.o
    0x08001320   0x08001320   0x00000006   Code   RO           13    i.Error_Handler     main.o
    0x08001326   0x08001326   0x00000002   PAD
    0x08001328   0x08001328   0x0000004c   Code   RO         5008    i.Gimbal_Register   gimbal.o
    0x08001374   0x08001374   0x0000002a   Code   RO          765    i.HAL_CAN_ActivateNotification  stm32f4xx_hal_can.o
    0x0800139e   0x0800139e   0x0000014a   Code   RO          766    i.HAL_CAN_AddTxMessage  stm32f4xx_hal_can.o
    0x080014e8   0x080014e8   0x00000120   Code   RO          767    i.HAL_CAN_ConfigFilter  stm32f4xx_hal_can.o
    0x08001608   0x08001608   0x00000002   Code   RO          770    i.HAL_CAN_ErrorCallback  stm32f4xx_hal_can.o
    0x0800160a   0x0800160a   0x00000194   Code   RO          773    i.HAL_CAN_GetRxMessage  stm32f4xx_hal_can.o
    0x0800179e   0x0800179e   0x0000024e   Code   RO          777    i.HAL_CAN_IRQHandler  stm32f4xx_hal_can.o
    0x080019ec   0x080019ec   0x00000174   Code   RO          778    i.HAL_CAN_Init      stm32f4xx_hal_can.o
    0x08001b60   0x08001b60   0x000001c0   Code   RO          425    i.HAL_CAN_MspInit   can.o
    0x08001d20   0x08001d20   0x00000002   Code   RO          785    i.HAL_CAN_RxFifo0FullCallback  stm32f4xx_hal_can.o
    0x08001d22   0x08001d22   0x00000002   PAD
    0x08001d24   0x08001d24   0x00000030   Code   RO         5418    i.HAL_CAN_RxFifo0MsgPendingCallback  bsp_can.o
    0x08001d54   0x08001d54   0x00000002   Code   RO          787    i.HAL_CAN_RxFifo1FullCallback  stm32f4xx_hal_can.o
    0x08001d56   0x08001d56   0x00000002   Code   RO          788    i.HAL_CAN_RxFifo1MsgPendingCallback  stm32f4xx_hal_can.o
    0x08001d58   0x08001d58   0x00000002   Code   RO          789    i.HAL_CAN_SleepCallback  stm32f4xx_hal_can.o
    0x08001d5a   0x08001d5a   0x0000005e   Code   RO          790    i.HAL_CAN_Start     stm32f4xx_hal_can.o
    0x08001db8   0x08001db8   0x00000002   Code   RO          792    i.HAL_CAN_TxMailbox0AbortCallback  stm32f4xx_hal_can.o
    0x08001dba   0x08001dba   0x00000002   Code   RO          793    i.HAL_CAN_TxMailbox0CompleteCallback  stm32f4xx_hal_can.o
    0x08001dbc   0x08001dbc   0x00000002   Code   RO          794    i.HAL_CAN_TxMailbox1AbortCallback  stm32f4xx_hal_can.o
    0x08001dbe   0x08001dbe   0x00000002   Code   RO          795    i.HAL_CAN_TxMailbox1CompleteCallback  stm32f4xx_hal_can.o
    0x08001dc0   0x08001dc0   0x00000002   Code   RO          796    i.HAL_CAN_TxMailbox2AbortCallback  stm32f4xx_hal_can.o
    0x08001dc2   0x08001dc2   0x00000002   Code   RO          797    i.HAL_CAN_TxMailbox2CompleteCallback  stm32f4xx_hal_can.o
    0x08001dc4   0x08001dc4   0x00000002   Code   RO          799    i.HAL_CAN_WakeUpFromRxMsgCallback  stm32f4xx_hal_can.o
    0x08001dc6   0x08001dc6   0x00000002   PAD
    0x08001dc8   0x08001dc8   0x00000240   Code   RO         1510    i.HAL_DMA_IRQHandler  stm32f4xx_hal_dma.o
    0x08002008   0x08002008   0x000000ec   Code   RO         1511    i.HAL_DMA_Init      stm32f4xx_hal_dma.o
    0x080020f4   0x080020f4   0x00000092   Code   RO         1515    i.HAL_DMA_Start_IT  stm32f4xx_hal_dma.o
    0x08002186   0x08002186   0x00000002   PAD
    0x08002188   0x08002188   0x000001f4   Code   RO         1398    i.HAL_GPIO_Init     stm32f4xx_hal_gpio.o
    0x0800237c   0x0800237c   0x00000014   Code   RO         1401    i.HAL_GPIO_TogglePin  stm32f4xx_hal_gpio.o
    0x08002390   0x08002390   0x0000000c   Code   RO         1402    i.HAL_GPIO_WritePin  stm32f4xx_hal_gpio.o
    0x0800239c   0x0800239c   0x0000000c   Code   RO         1953    i.HAL_GetTick       stm32f4xx_hal.o
    0x080023a8   0x080023a8   0x00000018   Code   RO         1959    i.HAL_IncTick       stm32f4xx_hal.o
    0x080023c0   0x080023c0   0x0000003c   Code   RO         1960    i.HAL_Init          stm32f4xx_hal.o
    0x080023fc   0x080023fc   0x000000a0   Code   RO          725    i.HAL_InitTick      stm32f4xx_hal_timebase_tim.o
    0x0800249c   0x0800249c   0x00000054   Code   RO          697    i.HAL_MspInit       stm32f4xx_hal_msp.o
    0x080024f0   0x080024f0   0x00000028   Code   RO         1790    i.HAL_NVIC_EnableIRQ  stm32f4xx_hal_cortex.o
    0x08002518   0x08002518   0x0000007c   Code   RO         1796    i.HAL_NVIC_SetPriority  stm32f4xx_hal_cortex.o
    0x08002594   0x08002594   0x00000028   Code   RO         1797    i.HAL_NVIC_SetPriorityGrouping  stm32f4xx_hal_cortex.o
    0x080025bc   0x080025bc   0x00000184   Code   RO          999    i.HAL_RCC_ClockConfig  stm32f4xx_hal_rcc.o
    0x08002740   0x08002740   0x00000044   Code   RO         1003    i.HAL_RCC_GetClockConfig  stm32f4xx_hal_rcc.o
    0x08002784   0x08002784   0x0000000c   Code   RO         1004    i.HAL_RCC_GetHCLKFreq  stm32f4xx_hal_rcc.o
    0x08002790   0x08002790   0x00000020   Code   RO         1006    i.HAL_RCC_GetPCLK1Freq  stm32f4xx_hal_rcc.o
    0x080027b0   0x080027b0   0x00000020   Code   RO         1007    i.HAL_RCC_GetPCLK2Freq  stm32f4xx_hal_rcc.o
    0x080027d0   0x080027d0   0x000000b0   Code   RO         1008    i.HAL_RCC_GetSysClockFreq  stm32f4xx_hal_rcc.o
    0x08002880   0x08002880   0x0000049c   Code   RO         1011    i.HAL_RCC_OscConfig  stm32f4xx_hal_rcc.o
    0x08002d1c   0x08002d1c   0x00000002   Code   RO         2915    i.HAL_TIMEx_BreakCallback  stm32f4xx_hal_tim_ex.o
    0x08002d1e   0x08002d1e   0x00000002   Code   RO         2916    i.HAL_TIMEx_CommutCallback  stm32f4xx_hal_tim_ex.o
    0x08002d20   0x08002d20   0x00000066   Code   RO         2200    i.HAL_TIM_Base_Init  stm32f4xx_hal_tim.o
    0x08002d86   0x08002d86   0x00000002   Code   RO         2202    i.HAL_TIM_Base_MspInit  stm32f4xx_hal_tim.o
    0x08002d88   0x08002d88   0x000000a8   Code   RO         2205    i.HAL_TIM_Base_Start_IT  stm32f4xx_hal_tim.o
    0x08002e30   0x08002e30   0x00000002   Code   RO         2234    i.HAL_TIM_IC_CaptureCallback  stm32f4xx_hal_tim.o
    0x08002e32   0x08002e32   0x0000016c   Code   RO         2248    i.HAL_TIM_IRQHandler  stm32f4xx_hal_tim.o
    0x08002f9e   0x08002f9e   0x00000002   Code   RO         2251    i.HAL_TIM_OC_DelayElapsedCallback  stm32f4xx_hal_tim.o
    0x08002fa0   0x08002fa0   0x00000002   Code   RO         2278    i.HAL_TIM_PWM_PulseFinishedCallback  stm32f4xx_hal_tim.o
    0x08002fa2   0x08002fa2   0x00000002   PAD
    0x08002fa4   0x08002fa4   0x00000018   Code   RO           14    i.HAL_TIM_PeriodElapsedCallback  main.o
    0x08002fbc   0x08002fbc   0x00000002   Code   RO         2291    i.HAL_TIM_TriggerCallback  stm32f4xx_hal_tim.o
    0x08002fbe   0x08002fbe   0x00000070   Code   RO         3192    i.HAL_UARTEx_ReceiveToIdle_DMA  stm32f4xx_hal_uart.o
    0x0800302e   0x0800302e   0x00000002   Code   RO         3194    i.HAL_UARTEx_RxEventCallback  stm32f4xx_hal_uart.o
    0x08003030   0x08003030   0x00000002   Code   RO         3208    i.HAL_UART_ErrorCallback  stm32f4xx_hal_uart.o
    0x08003032   0x08003032   0x00000016   Code   RO         5490    i.HAL_UART_IDLE_IRQHandler  bsp_usart.o
    0x08003048   0x08003048   0x00000076   Code   RO         3212    i.HAL_UART_Init     stm32f4xx_hal_uart.o
    0x080030be   0x080030be   0x00000002   PAD
    0x080030c0   0x080030c0   0x000001f0   Code   RO          506    i.HAL_UART_MspInit  usart.o
    0x080032b0   0x080032b0   0x00000002   Code   RO         3218    i.HAL_UART_RxCpltCallback  stm32f4xx_hal_uart.o
    0x080032b2   0x080032b2   0x00000002   Code   RO         3219    i.HAL_UART_RxHalfCpltCallback  stm32f4xx_hal_uart.o
    0x080032b4   0x080032b4   0x000000be   Code   RO         3220    i.HAL_UART_Transmit  stm32f4xx_hal_uart.o
    0x08003372   0x08003372   0x00000002   PAD
    0x08003374   0x08003374   0x0000009c   Code   RO         3221    i.HAL_UART_Transmit_DMA  stm32f4xx_hal_uart.o
    0x08003410   0x08003410   0x00000002   Code   RO         3223    i.HAL_UART_TxCpltCallback  stm32f4xx_hal_uart.o
    0x08003412   0x08003412   0x00000002   Code   RO         3224    i.HAL_UART_TxHalfCpltCallback  stm32f4xx_hal_uart.o
    0x08003414   0x08003414   0x00000004   Code   RO          569    i.HardFault_Handler  stm32f4xx_it.o
    0x08003418   0x08003418   0x00000070   Code   RO         5209    i.IMU_Dcode         imu.o
    0x08003488   0x08003488   0x00000074   Code   RO         5210    i.IMU_Init          imu.o
    0x080034fc   0x080034fc   0x0000004c   Code   RO          426    i.MX_CAN1_Init      can.o
    0x08003548   0x08003548   0x00000044   Code   RO          427    i.MX_CAN2_Init      can.o
    0x0800358c   0x0800358c   0x00000068   Code   RO          477    i.MX_DMA_Init       dma.o
    0x080035f4   0x080035f4   0x00000060   Code   RO          358    i.MX_FREERTOS_Init  freertos.o
    0x08003654   0x08003654   0x000000d8   Code   RO          330    i.MX_GPIO_Init      gpio.o
    0x0800372c   0x0800372c   0x00000038   Code   RO          507    i.MX_USART1_UART_Init  usart.o
    0x08003764   0x08003764   0x0000003c   Code   RO          508    i.MX_USART3_UART_Init  usart.o
    0x080037a0   0x080037a0   0x00000004   Code   RO          570    i.MemManage_Handler  stm32f4xx_it.o
    0x080037a4   0x080037a4   0x000001cc   Code   RO         5257    i.Motor_Control     motor.o
    0x08003970   0x08003970   0x000000d4   Code   RO         5258    i.Motor_Register    motor.o
    0x08003a44   0x08003a44   0x0000000c   Code   RO         5261    i.Motor_controlcase  motor.o
    0x08003a50   0x08003a50   0x00000004   Code   RO          571    i.NMI_Handler       stm32f4xx_it.o
    0x08003a54   0x08003a54   0x0000006c   Code   RO         5319    i.Pid_DeadLine      pid.o
    0x08003ac0   0x08003ac0   0x00000070   Code   RO         5320    i.Pid_IntegralLimit  pid.o
    0x08003b30   0x08003b30   0x00000050   Code   RO         5321    i.Pid_OutLimited    pid.o
    0x08003b80   0x08003b80   0x00000060   Code   RO         5322    i.Pid_OutPut_LPC_RC  pid.o
    0x08003be0   0x08003be0   0x0000004c   Code   RO         5039    i.Shoot_Register    shoot.o
    0x08003c2c   0x08003c2c   0x0000000a   Code   RO          359    i.StartDefaultTask  freertos.o
    0x08003c36   0x08003c36   0x00000002   PAD
    0x08003c38   0x08003c38   0x00000018   Code   RO          360    i.StartTask02       freertos.o
    0x08003c50   0x08003c50   0x0000000e   Code   RO          361    i.StartTask03       freertos.o
    0x08003c5e   0x08003c5e   0x00000002   PAD
    0x08003c60   0x08003c60   0x00000034   Code   RO         4831    i.SysTick_Handler   port.o
    0x08003c94   0x08003c94   0x000000b4   Code   RO           15    i.SystemClock_Config  main.o
    0x08003d48   0x08003d48   0x00000014   Code   RO         3556    i.SystemInit        system_stm32f4xx.o
    0x08003d5c   0x08003d5c   0x00000010   Code   RO          572    i.TIM1_UP_TIM10_IRQHandler  stm32f4xx_it.o
    0x08003d6c   0x08003d6c   0x000000e0   Code   RO         2293    i.TIM_Base_SetConfig  stm32f4xx_hal_tim.o
    0x08003e4c   0x08003e4c   0x00000050   Code   RO         3226    i.UART_DMAError     stm32f4xx_hal_uart.o
    0x08003e9c   0x08003e9c   0x000000b4   Code   RO         3227    i.UART_DMAReceiveCplt  stm32f4xx_hal_uart.o
    0x08003f50   0x08003f50   0x00000024   Code   RO         3229    i.UART_DMARxHalfCplt  stm32f4xx_hal_uart.o
    0x08003f74   0x08003f74   0x00000058   Code   RO         3231    i.UART_DMATransmitCplt  stm32f4xx_hal_uart.o
    0x08003fcc   0x08003fcc   0x0000000e   Code   RO         3233    i.UART_DMATxHalfCplt  stm32f4xx_hal_uart.o
    0x08003fda   0x08003fda   0x0000006c   Code   RO         3235    i.UART_EndRxTransfer  stm32f4xx_hal_uart.o
    0x08004046   0x08004046   0x00000026   Code   RO         3237    i.UART_EndTxTransfer  stm32f4xx_hal_uart.o
    0x0800406c   0x0800406c   0x000000d8   Code   RO         5491    i.UART_Regiser      bsp_usart.o
    0x08004144   0x08004144   0x0000022c   Code   RO         3239    i.UART_SetConfig    stm32f4xx_hal_uart.o
    0x08004370   0x08004370   0x000000d8   Code   RO         3240    i.UART_Start_Receive_DMA  stm32f4xx_hal_uart.o
    0x08004448   0x08004448   0x0000008c   Code   RO         3243    i.UART_WaitOnFlagUntilTimeout  stm32f4xx_hal_uart.o
    0x080044d4   0x080044d4   0x00000010   Code   RO          573    i.USART1_IRQHandler  stm32f4xx_it.o
    0x080044e4   0x080044e4   0x00000010   Code   RO          574    i.USART3_IRQHandler  stm32f4xx_it.o
    0x080044f4   0x080044f4   0x000001f0   Code   RO         5493    i.Uart_Dma_Callback  bsp_usart.o
    0x080046e4   0x080046e4   0x00000038   Code   RO         5494    i.Uart_Dma_RxMsg    bsp_usart.o
    0x0800471c   0x0800471c   0x00000048   Code   RO         5495    i.Uart_Dma_Trans    bsp_usart.o
    0x08004764   0x08004764   0x00000006   Code   RO         5496    i.Uart_RxMsg        bsp_usart.o
    0x0800476a   0x0800476a   0x00000002   PAD
    0x0800476c   0x0800476c   0x00000048   Code   RO         5497    i.Uart_Trans        bsp_usart.o
    0x080047b4   0x080047b4   0x00000004   Code   RO          575    i.UsageFault_Handler  stm32f4xx_it.o
    0x080047b8   0x080047b8   0x00000010   Code   RO        10477    i.__0printf$bare    mc_w.l(printfb.o)
    0x080047c8   0x080047c8   0x00000030   Code   RO        10802    i.__ARM_fpclassify  m_wm.l(fpclassify.o)
    0x080047f8   0x080047f8   0x00000010   Code   RO         1803    i.__NVIC_GetPriorityGrouping  stm32f4xx_hal_cortex.o
    0x08004808   0x08004808   0x00000028   Code   RO         1804    i.__NVIC_SetPriority  stm32f4xx_hal_cortex.o
    0x08004830   0x08004830   0x00000c50   Code   RO        10393    i.__hardfp_pow      m_wm.l(pow.o)
    0x08005480   0x08005480   0x000000f8   Code   RO        10820    i.__kernel_poly     m_wm.l(poly.o)
    0x08005578   0x08005578   0x00000030   Code   RO        10788    i.__mathlib_dbl_divzero  m_wm.l(dunder.o)
    0x080055a8   0x080055a8   0x00000014   Code   RO        10790    i.__mathlib_dbl_infnan2  m_wm.l(dunder.o)
    0x080055bc   0x080055bc   0x00000004   PAD
    0x080055c0   0x080055c0   0x00000020   Code   RO        10791    i.__mathlib_dbl_invalid  m_wm.l(dunder.o)
    0x080055e0   0x080055e0   0x00000020   Code   RO        10792    i.__mathlib_dbl_overflow  m_wm.l(dunder.o)
    0x08005600   0x08005600   0x00000020   Code   RO        10794    i.__mathlib_dbl_underflow  m_wm.l(dunder.o)
    0x08005620   0x08005620   0x0000000e   Code   RO        10874    i.__scatterload_copy  mc_w.l(handlers.o)
    0x0800562e   0x0800562e   0x00000002   Code   RO        10875    i.__scatterload_null  mc_w.l(handlers.o)
    0x08005630   0x08005630   0x0000000e   Code   RO        10876    i.__scatterload_zeroinit  mc_w.l(handlers.o)
    0x0800563e   0x0800563e   0x00000002   PAD
    0x08005640   0x08005640   0x0000000c   Code   RO        10850    i.__set_errno       mc_w.l(errno.o)
    0x0800564c   0x0800564c   0x00000022   Code   RO        10484    i._printf_core      mc_w.l(printfb.o)
    0x0800566e   0x0800566e   0x00000002   PAD
    0x08005670   0x08005670   0x000000f0   Code   RO         5211    i.char_2_float      imu.o
    0x08005760   0x08005760   0x00000018   Code   RO        10361    i.fabs              m_wm.l(fabs.o)
    0x08005778   0x08005778   0x00000012   Code   RO        10839    i.fputc             mc_w.l(fputc.o)
    0x0800578a   0x0800578a   0x00000044   Code   RO           16    i.main              main.o
    0x080057ce   0x080057ce   0x0000000e   Code   RO         4396    i.makeFreeRtosPriority  cmsis_os.o
    0x080057dc   0x080057dc   0x0000006c   Code   RO        10737    i.malloc            mc_w.l(malloc.o)
    0x08005848   0x08005848   0x0000000a   Code   RO         4401    i.osKernelStart     cmsis_os.o
    0x08005852   0x08005852   0x0000005e   Code   RO         4435    i.osThreadCreate    cmsis_os.o
    0x080058b0   0x080058b0   0x000000f8   Code   RO         5323    i.pid_calculate     pid.o
    0x080059a8   0x080059a8   0x00000098   Code   RO         4067    i.prvAddCurrentTaskToDelayedList  tasks.o
    0x08005a40   0x08005a40   0x000000b4   Code   RO         4068    i.prvAddNewTaskToReadyList  tasks.o
    0x08005af4   0x08005af4   0x00000048   Code   RO         4069    i.prvCheckTasksWaitingTermination  tasks.o
    0x08005b3c   0x08005b3c   0x00000050   Code   RO         4070    i.prvDeleteTCB      tasks.o
    0x08005b8c   0x08005b8c   0x0000007c   Code   RO         4763    i.prvHeapInit       heap_4.o
    0x08005c08   0x08005c08   0x00000028   Code   RO         4071    i.prvIdleTask       tasks.o
    0x08005c30   0x08005c30   0x000000b4   Code   RO         4072    i.prvInitialiseNewTask  tasks.o
    0x08005ce4   0x08005ce4   0x00000068   Code   RO         4073    i.prvInitialiseTaskLists  tasks.o
    0x08005d4c   0x08005d4c   0x00000068   Code   RO         4764    i.prvInsertBlockIntoFreeList  heap_4.o
    0x08005db4   0x08005db4   0x00000034   Code   RO         4074    i.prvResetNextTaskUnblockTime  tasks.o
    0x08005de8   0x08005de8   0x00000040   Code   RO         4832    i.prvTaskExitError  port.o
    0x08005e28   0x08005e28   0x0000014c   Code   RO         4765    i.pvPortMalloc      heap_4.o
    0x08005f74   0x08005f74   0x0000002c   Code   RO         4833    i.pxPortInitialiseStack  port.o
    0x08005fa0   0x08005fa0   0x000000f4   Code   RO         5371    i.remote_dcode      remote.o
    0x08006094   0x08006094   0x0000005c   Code   RO         5372    i.remote_register   remote.o
    0x080060f0   0x080060f0   0x0000006e   Code   RO        10423    i.sqrt              m_wm.l(sqrt.o)
    0x0800615e   0x0800615e   0x00000028   Code   RO         3693    i.uxListRemove      list.o
    0x08006186   0x08006186   0x00000002   PAD
    0x08006188   0x08006188   0x00000018   Code   RO          362    i.vApplicationGetIdleTaskMemory  freertos.o
    0x080061a0   0x080061a0   0x0000001a   Code   RO         3694    i.vListInitialise   list.o
    0x080061ba   0x080061ba   0x00000006   Code   RO         3695    i.vListInitialiseItem  list.o
    0x080061c0   0x080061c0   0x00000034   Code   RO         3696    i.vListInsert       list.o
    0x080061f4   0x080061f4   0x00000018   Code   RO         3697    i.vListInsertEnd    list.o
    0x0800620c   0x0800620c   0x00000054   Code   RO         4835    i.vPortEnterCritical  port.o
    0x08006260   0x08006260   0x0000003c   Code   RO         4836    i.vPortExitCritical  port.o
    0x0800629c   0x0800629c   0x000000a4   Code   RO         4766    i.vPortFree         heap_4.o
    0x08006340   0x08006340   0x00000028   Code   RO         4837    i.vPortSetupTimerInterrupt  port.o
    0x08006368   0x08006368   0x0000005c   Code   RO         4083    i.vTaskDelay        tasks.o
    0x080063c4   0x080063c4   0x000000b0   Code   RO         4096    i.vTaskStartScheduler  tasks.o
    0x08006474   0x08006474   0x00000010   Code   RO         4098    i.vTaskSuspendAll   tasks.o
    0x08006484   0x08006484   0x0000008c   Code   RO         4099    i.vTaskSwitchContext  tasks.o
    0x08006510   0x08006510   0x00000168   Code   RO         4839    i.xPortStartScheduler  port.o
    0x08006678   0x08006678   0x00000064   Code   RO         4102    i.xTaskCreate       tasks.o
    0x080066dc   0x080066dc   0x000000ba   Code   RO         4103    i.xTaskCreateStatic  tasks.o
    0x08006796   0x08006796   0x00000002   PAD
    0x08006798   0x08006798   0x00000148   Code   RO         4110    i.xTaskIncrementTick  tasks.o
    0x080068e0   0x080068e0   0x00000104   Code   RO         4116    i.xTaskResumeAll    tasks.o
    0x080069e4   0x080069e4   0x00000054   Data   RO          364    .constdata          freertos.o
    0x08006a38   0x08006a38   0x00000008   Data   RO         1517    .constdata          stm32f4xx_hal_dma.o
    0x08006a40   0x08006a40   0x00000018   Data   RO         3557    .constdata          system_stm32f4xx.o
    0x08006a58   0x08006a58   0x00000ea8   Data   RO         4963    .constdata          command.o
    0x08007900   0x08007900   0x00000014   Data   RO         5213    .constdata          imu.o
    0x08007914   0x08007914   0x00000004   PAD
    0x08007918   0x08007918   0x00000088   Data   RO        10396    .constdata          m_wm.l(pow.o)
    0x080079a0   0x080079a0   0x00000008   Data   RO        10822    .constdata          m_wm.l(qnan.o)
    0x080079a8   0x080079a8   0x00000024   Data   RO          365    .conststring        freertos.o
    0x080079cc   0x080079cc   0x00000020   Data   RO        10872    Region$$Table       anon$$obj.o


    Execution Region RW_IRAM1 (Exec base: 0x20000000, Load base: 0x080079ec, Size: 0x00005298, Max: 0x0001c000, ABSOLUTE, COMPRESSED[0x00000088])

    Exec Addr    Load Addr    Size         Type   Attr      Idx    E Section Name        Object

    0x20000000   COMPRESSED   0x0000000c   Data   RW          366    .data               freertos.o
    0x2000000c   COMPRESSED   0x00000004   Data   RW          429    .data               can.o
    0x20000010   COMPRESSED   0x00000009   Data   RW         1967    .data               stm32f4xx_hal.o
    0x20000019   COMPRESSED   0x00000003   PAD
    0x2000001c   COMPRESSED   0x00000004   Data   RW         3558    .data               system_stm32f4xx.o
    0x20000020   COMPRESSED   0x0000003c   Data   RW         4119    .data               tasks.o
    0x2000005c   COMPRESSED   0x00000020   Data   RW         4772    .data               heap_4.o
    0x2000007c   COMPRESSED   0x0000000c   Data   RW         4840    .data               port.o
    0x20000088   COMPRESSED   0x00000004   Data   RW         4914    .data               chassis.o
    0x2000008c   COMPRESSED   0x00000004   Data   RW         4964    .data               command.o
    0x20000090   COMPRESSED   0x00000004   Data   RW         5009    .data               gimbal.o
    0x20000094   COMPRESSED   0x00000004   Data   RW         5040    .data               shoot.o
    0x20000098   COMPRESSED   0x000000a4   Data   RW         5110    .data               dji_motor.o
    0x2000013c   COMPRESSED   0x00000004   Data   RW         5214    .data               imu.o
    0x20000140   COMPRESSED   0x000001d0   Data   RW         5263    .data               motor.o
    0x20000310   COMPRESSED   0x00000020   Data   RW         5374    .data               remote.o
    0x20000330   COMPRESSED   0x00000004   Data   RW         5422    .data               bsp_can.o
    0x20000334   COMPRESSED   0x00000004   Data   RW         5500    .data               bsp_usart.o
    0x20000338   COMPRESSED   0x00000004   Data   RW        10841    .data               mc_w.l(stdout.o)
    0x2000033c   COMPRESSED   0x00000004   Data   RW        10846    .data               mc_w.l(mvars.o)
    0x20000340   COMPRESSED   0x00000004   Data   RW        10847    .data               mc_w.l(mvars.o)
    0x20000344   COMPRESSED   0x00000004   Data   RW        10851    .data               mc_w.l(errno.o)
    0x20000348        -       0x00000254   Zero   RW          363    .bss                freertos.o
    0x2000059c        -       0x00000050   Zero   RW          428    .bss                can.o
    0x200005ec        -       0x00000150   Zero   RW          509    .bss                usart.o
    0x2000073c        -       0x00000048   Zero   RW          728    .bss                stm32f4xx_hal_timebase_tim.o
    0x20000784        -       0x000000f0   Zero   RW         4118    .bss                tasks.o
    0x20000874        -       0x00003c00   Zero   RW         4771    .bss                heap_4.o
    0x20004474        -       0x0000003c   Zero   RW         5109    .bss                dji_motor.o
    0x200044b0        -       0x0000000c   Zero   RW         5212    .bss                imu.o
    0x200044bc        -       0x0000003c   Zero   RW         5262    .bss                motor.o
    0x200044f8        -       0x00000028   Zero   RW         5373    .bss                remote.o
    0x20004520        -       0x00000050   Zero   RW         5420    .bss                bsp_can.o
    0x20004570        -       0x00000128   Zero   RW         5499    .bss                bsp_usart.o
    0x20004698        -       0x00000400   Zero   RW            2    HEAP                startup_stm32f407xx.o
    0x20004a98        -       0x00000800   Zero   RW            1    STACK               startup_stm32f407xx.o


    Execution Region RW_IRAM2 (Exec base: 0x2001c000, Load base: 0x08007a74, Size: 0x00000000, Max: 0x00004000, ABSOLUTE)

    **** No section assigned to this execution region ****


==============================================================================

Image component sizes


      Code (inc. data)   RO Data    RW Data    ZI Data      Debug   Object Name

         0          0          0          0          0        368   42_motor.o
       536        128          0          4         80       5173   bsp_can.o
       940        140          0          4        296       6451   bsp_usart.o
       592         44          0          4         80       2542   can.o
        96          6          0          4          0       2314   chassis.o
       118          0          0          0          0      22361   cmsis_os.o
       148         10       3752          4          0       3660   command.o
      1188        178          0        164         60       5214   dji_motor.o
         0          0          0          0          0        364   dm_motor.o
       104          6          0          0          0        902   dma.o
         0          0          0          0          0      16824   event_groups.o
       168         32        120         12        596       3660   freertos.o
        76          4          0          4          0       1264   gimbal.o
       216         10          0          0          0       1107   gpio.o
       724         74          0         32      15360       7435   heap_4.o
       468         82         20          4         12       3506   imu.o
       148          0          0          0          0       3606   list.o
       278         16          0          0          0     744204   main.o
       684         72          0        464         60       5947   motor.o
       644         78          0          0          0       3204   pid.o
       894         78          0         12          0      11076   port.o
       336         44          0         32         40       2996   remote.o
        76          6          0          4          0       1250   shoot.o
        36          8        392          0       3072        820   startup_stm32f407xx.o
        96         20          0          9          0       8114   stm32f4xx_hal.o
      2144          4          0          0          0      14191   stm32f4xx_hal_can.o
       260         22          0          0          0      33478   stm32f4xx_hal_cortex.o
      1224         16          8          0          0       5563   stm32f4xx_hal_dma.o
       532         46          0          0          0       2817   stm32f4xx_hal_gpio.o
        84          6          0          0          0        954   stm32f4xx_hal_msp.o
      1888         94          0          0          0       6285   stm32f4xx_hal_rcc.o
       868         76          0          0          0       6558   stm32f4xx_hal_tim.o
         4          0          0          0          0       1677   stm32f4xx_hal_tim_ex.o
       160         20          0          0         72       1507   stm32f4xx_hal_timebase_tim.o
      2044         36          0          0          0      14830   stm32f4xx_hal_uart.o
       230         78          0          0          0       9046   stm32f4xx_it.o
         0          0          0          0          0        420   stream_buffer.o
        20          6         24          4          0       1203   system_stm32f4xx.o
      2158        270          0         60        240      20277   tasks.o
       612         62          0          0        336       2677   usart.o

    ----------------------------------------------------------------------
     20822       1772       4352        824      20304     985845   Object Totals
         0          0         32          0          0          0   (incl. Generated)
        28          0          4          3          0          0   (incl. Padding)

    ----------------------------------------------------------------------

      Code (inc. data)   RO Data    RW Data    ZI Data      Debug   Library Member Name

       164         44          0          0          0        620   dunder.o
        24          0          0          0          0        124   fabs.o
        48          0          0          0          0        124   fpclassify.o
       248          0          0          0          0        152   poly.o
      3152        296        136          0          0        352   pow.o
         0          0          8          0          0          0   qnan.o
       110          0          0          0          0        148   sqrt.o
        86          0          0          0          0          0   __dczerorl2.o
         0          0          0          0          0          0   entry.o
         0          0          0          0          0          0   entry10a.o
         0          0          0          0          0          0   entry11a.o
         4          0          0          0          0          0   entry12b.o
         8          4          0          0          0          0   entry2.o
         4          0          0          0          0          0   entry5.o
         0          0          0          0          0          0   entry7b.o
         0          0          0          0          0          0   entry8b.o
         8          4          0          0          0          0   entry9a.o
        12          6          0          4          0         68   errno.o
        18          0          0          0          0         80   fputc.o
        30          0          0          0          0          0   handlers.o
        36          8          0          0          0         68   init.o
         0          0          0          0          0          0   iusefp.o
         0          0          0          0          0          0   iusesemip.o
        30          0          0          0          0         68   llshl.o
        36          0          0          0          0         68   llsshr.o
        32          0          0          0          0         68   llushr.o
       108         16          0          0          0         84   malloc.o
        36          0          0          0          0         68   memcpya.o
        36          0          0          0          0        108   memseta.o
         0          0          0          8          0          0   mvars.o
        50          8          0          0          0        152   printfb.o
         0          0          0          0          0          0   semi.o
         0          0          0          4          0          0   stdout.o
        98          0          0          0          0         92   uldiv.o
        48          0          0          0          0         68   cdrcmple.o
        56          0          0          0          0         88   d2f.o
       334          0          0          0          0        148   dadd.o
       222          0          0          0          0        100   ddiv.o
       186          0          0          0          0        176   depilogue.o
        34          0          0          0          0         76   dflti.o
       228          0          0          0          0         96   dmul.o
        46          0          0          0          0         80   dscalb.o
       162          0          0          0          0        100   dsqrt.o
        38          0          0          0          0         68   f2d.o
       110          0          0          0          0        168   fepilogue.o
        44          0          0          0          0         92   ffltl.o

    ----------------------------------------------------------------------
      5894        386        144         16          0       3704   Library Totals
         8          0          0          0          0          0   (incl. Padding)

    ----------------------------------------------------------------------

      Code (inc. data)   RO Data    RW Data    ZI Data      Debug   Library Name

      3746        340        144          0          0       1520   m_wm.l
       632         46          0         16          0        924   mc_w.l
      1508          0          0          0          0       1260   mf_w.l

    ----------------------------------------------------------------------
      5894        386        144         16          0       3704   Library Totals

    ----------------------------------------------------------------------

==============================================================================


      Code (inc. data)   RO Data    RW Data    ZI Data      Debug   

     26716       2158       4496        840      20304     970141   Grand Totals
     26716       2158       4496        136      20304     970141   ELF Image Totals (compressed)
     26716       2158       4496        136          0          0   ROM Totals

==============================================================================

    Total RO  Size (Code + RO Data)                31212 (  30.48kB)
    Total RW  Size (RW Data + ZI Data)             21144 (  20.65kB)
    Total ROM Size (Code + RO Data + RW Data)      31348 (  30.61kB)

==============================================================================

